<?xml version="1.0"?>
<link_info>
   <banner>MSP430 Linker PC v4.2.1</banner>
   <copyright>Copyright (c) 2003-2013 Texas Instruments Incorporated</copyright>
   <link_time>0x532ca612</link_time>
   <link_errors>0x0</link_errors>
   <output_file>BasicWiFi Application.out</output_file>
   <entry_point>
      <name>_c_int00</name>
      <address>0xdfe2</address>
   </entry_point>
   <input_file_list>
      <input_file id="fl-29">
         <path>C:\ti\ccsv5\tools\compiler\msp430_4.2.1\lib\</path>
         <kind>archive</kind>
         <file>rts430x.lib</file>
         <name>boot.obj</name>
      </input_file>
      <input_file id="fl-2d">
         <path>C:\ti\ccsv5\tools\compiler\msp430_4.2.1\lib\</path>
         <kind>archive</kind>
         <file>rts430x.lib</file>
         <name>cpy_util.obj</name>
      </input_file>
      <input_file id="fl-2e">
         <path>C:\ti\ccsv5\tools\compiler\msp430_4.2.1\lib\</path>
         <kind>archive</kind>
         <file>rts430x.lib</file>
         <name>div16s.obj</name>
      </input_file>
      <input_file id="fl-2f">
         <path>C:\ti\ccsv5\tools\compiler\msp430_4.2.1\lib\</path>
         <kind>archive</kind>
         <file>rts430x.lib</file>
         <name>div16u.obj</name>
      </input_file>
      <input_file id="fl-31">
         <path>C:\ti\ccsv5\tools\compiler\msp430_4.2.1\lib\</path>
         <kind>archive</kind>
         <file>rts430x.lib</file>
         <name>exit.obj</name>
      </input_file>
      <input_file id="fl-32">
         <path>C:\ti\ccsv5\tools\compiler\msp430_4.2.1\lib\</path>
         <kind>archive</kind>
         <file>rts430x.lib</file>
         <name>lsl16.obj</name>
      </input_file>
      <input_file id="fl-33">
         <path>C:\ti\ccsv5\tools\compiler\msp430_4.2.1\lib\</path>
         <kind>archive</kind>
         <file>rts430x.lib</file>
         <name>lsl32.obj</name>
      </input_file>
      <input_file id="fl-34">
         <path>C:\ti\ccsv5\tools\compiler\msp430_4.2.1\lib\</path>
         <kind>archive</kind>
         <file>rts430x.lib</file>
         <name>lsr32.obj</name>
      </input_file>
      <input_file id="fl-37">
         <path>C:\ti\ccsv5\tools\compiler\msp430_4.2.1\lib\</path>
         <kind>archive</kind>
         <file>rts430x.lib</file>
         <name>mult16_f5hw.obj</name>
      </input_file>
      <input_file id="fl-3d">
         <path>C:\ti\ccsv5\tools\compiler\msp430_4.2.1\lib\</path>
         <kind>archive</kind>
         <file>rts430x.lib</file>
         <name>args_main.obj</name>
      </input_file>
      <input_file id="fl-3e">
         <path>C:\ti\ccsv5\tools\compiler\msp430_4.2.1\lib\</path>
         <kind>archive</kind>
         <file>rts430x.lib</file>
         <name>autoinit.obj</name>
      </input_file>
      <input_file id="fl-40">
         <path>C:\Users\409010~1\AppData\Local\Temp\</path>
         <kind>object</kind>
         <file>057002</file>
         <name>057002</name>
      </input_file>
      <input_file id="fl-41">
         <path>C:\ti\ccsv5\tools\compiler\msp430_4.2.1\lib\</path>
         <kind>archive</kind>
         <file>rts430x.lib</file>
         <name>_printfi_min.obj</name>
      </input_file>
      <input_file id="fl-42">
         <path>C:\ti\ccsv5\tools\compiler\msp430_4.2.1\lib\</path>
         <kind>archive</kind>
         <file>rts430x.lib</file>
         <name>copy_decompress_none.obj</name>
      </input_file>
      <input_file id="fl-43">
         <path>C:\ti\ccsv5\tools\compiler\msp430_4.2.1\lib\</path>
         <kind>archive</kind>
         <file>rts430x.lib</file>
         <name>copy_decompress_rle.obj</name>
      </input_file>
      <input_file id="fl-44">
         <path>C:\ti\ccsv5\tools\compiler\msp430_4.2.1\lib\</path>
         <kind>archive</kind>
         <file>rts430x.lib</file>
         <name>copy_zero_init.obj</name>
      </input_file>
      <input_file id="fl-45">
         <path>C:\ti\ccsv5\tools\compiler\msp430_4.2.1\lib\</path>
         <kind>archive</kind>
         <file>rts430x.lib</file>
         <name>memccpy.obj</name>
      </input_file>
   </input_file_list>
   <object_component_list>
      <object_component id="oc-ab">
         <name>.cinit</name>
         <load_address>0xc600</load_address>
         <run_address>0xc600</run_address>
         <size>0x4c</size>
         <input_file_ref idref="fl-40"/>
      </object_component>
      <object_component id="oc-b6">
         <name>.const:.string</name>
         <load_address>0xc64e</load_address>
         <run_address>0xc64e</run_address>
         <size>0x2c</size>
         <input_file_ref idref="fl-40"/>
      </object_component>
      <object_component id="oc-bb">
         <name>.const:.string</name>
         <load_address>0xc67a</load_address>
         <run_address>0xc67a</run_address>
         <size>0x14</size>
         <input_file_ref idref="fl-41"/>
      </object_component>
      <object_component id="oc-eb">
         <name>.const:.string:$P$T0$1$3</name>
         <load_address>0xc68e</load_address>
         <run_address>0xc68e</run_address>
         <size>0x4</size>
         <input_file_ref idref="fl-c"/>
      </object_component>
      <object_component id="oc-e9">
         <name>.text:hci_event_handler</name>
         <load_address>0xc800</load_address>
         <run_address>0xc800</run_address>
         <size>0x312</size>
         <input_file_ref idref="fl-11"/>
      </object_component>
      <object_component id="oc-fb">
         <name>.text:hci_unsol_event_handler</name>
         <load_address>0xcb12</load_address>
         <run_address>0xcb12</run_address>
         <size>0x284</size>
         <input_file_ref idref="fl-11"/>
      </object_component>
      <object_component id="oc-107">
         <name>.text:_setfield</name>
         <load_address>0xcd96</load_address>
         <run_address>0xcd96</run_address>
         <size>0x10e</size>
         <input_file_ref idref="fl-41"/>
      </object_component>
      <object_component id="oc-d8">
         <name>.text:main</name>
         <load_address>0xcea4</load_address>
         <run_address>0xcea4</run_address>
         <size>0x10e</size>
         <input_file_ref idref="fl-3"/>
      </object_component>
      <object_component id="oc-ea">
         <name>.text:wlan_connect</name>
         <load_address>0xcfb2</load_address>
         <run_address>0xcfb2</run_address>
         <size>0x102</size>
         <input_file_ref idref="fl-c"/>
      </object_component>
      <object_component id="oc-102">
         <name>.text:hci_patch_send</name>
         <load_address>0xd0b4</load_address>
         <run_address>0xd0b4</run_address>
         <size>0xf2</size>
         <input_file_ref idref="fl-10"/>
      </object_component>
      <object_component id="oc-fa">
         <name>.text:SpiWrite</name>
         <load_address>0xd1a6</load_address>
         <run_address>0xd1a6</run_address>
         <size>0xee</size>
         <input_file_ref idref="fl-b"/>
      </object_component>
      <object_component id="oc-e5">
         <name>.text:wlan_start</name>
         <load_address>0xd294</load_address>
         <run_address>0xd294</run_address>
         <size>0xde</size>
         <input_file_ref idref="fl-c"/>
      </object_component>
      <object_component id="oc-f7">
         <name>.text:CC3000_UsynchCallback</name>
         <load_address>0xd372</load_address>
         <run_address>0xd372</run_address>
         <size>0xd2</size>
         <input_file_ref idref="fl-3"/>
      </object_component>
      <object_component id="oc-de">
         <name>.text:initDriver</name>
         <load_address>0xd444</load_address>
         <run_address>0xd444</run_address>
         <size>0xcc</size>
         <input_file_ref idref="fl-3"/>
      </object_component>
      <object_component id="oc-e1">
         <name>.text:ADC10routine</name>
         <load_address>0xd510</load_address>
         <run_address>0xd510</run_address>
         <size>0xc6</size>
         <input_file_ref idref="fl-3"/>
      </object_component>
      <object_component id="oc-105">
         <name>.text:__TI_printfi_minimal</name>
         <load_address>0xd5d6</load_address>
         <run_address>0xd5d6</run_address>
         <size>0xc0</size>
         <input_file_ref idref="fl-41"/>
      </object_component>
      <object_component id="oc-e3">
         <name>.text:pio_init</name>
         <load_address>0xd696</load_address>
         <run_address>0xd696</run_address>
         <size>0xaa</size>
         <input_file_ref idref="fl-2"/>
      </object_component>
      <object_component id="oc-dc">
         <name>.text:SSIContReadOperation</name>
         <load_address>0xd740</load_address>
         <run_address>0xd740</run_address>
         <size>0x9a</size>
         <input_file_ref idref="fl-b"/>
      </object_component>
      <object_component id="oc-fe">
         <name>.text:hci_unsol_handle_patch_request</name>
         <load_address>0xd7da</load_address>
         <run_address>0xd7da</run_address>
         <size>0x84</size>
         <input_file_ref idref="fl-11"/>
      </object_component>
      <object_component id="oc-e2">
         <name>.text:ConnectToServer</name>
         <load_address>0xd85e</load_address>
         <run_address>0xd85e</run_address>
         <size>0x80</size>
         <input_file_ref idref="fl-c"/>
      </object_component>
      <object_component id="oc-d0">
         <name>.text:_isr:IntSpiGPIOHandler</name>
         <load_address>0xd8de</load_address>
         <run_address>0xd8de</run_address>
         <size>0x70</size>
         <input_file_ref idref="fl-b"/>
      </object_component>
      <object_component id="oc-ef">
         <name>.text:connect</name>
         <load_address>0xd94e</load_address>
         <run_address>0xd94e</run_address>
         <size>0x68</size>
         <input_file_ref idref="fl-d"/>
      </object_component>
      <object_component id="oc-e0">
         <name>.text:toggleLed</name>
         <load_address>0xd9b6</load_address>
         <run_address>0xd9b6</run_address>
         <size>0x68</size>
         <input_file_ref idref="fl-2"/>
      </object_component>
      <object_component id="oc-ff">
         <name>.text:turnLedOff</name>
         <load_address>0xda1e</load_address>
         <run_address>0xda1e</run_address>
         <size>0x68</size>
         <input_file_ref idref="fl-2"/>
      </object_component>
      <object_component id="oc-e6">
         <name>.text:turnLedOn</name>
         <load_address>0xda86</load_address>
         <run_address>0xda86</run_address>
         <size>0x68</size>
         <input_file_ref idref="fl-2"/>
      </object_component>
      <object_component id="oc-df">
         <name>.text:ConnectToAP</name>
         <load_address>0xdaee</load_address>
         <run_address>0xdaee</run_address>
         <size>0x60</size>
         <input_file_ref idref="fl-c"/>
      </object_component>
      <object_component id="oc-fc">
         <name>.text:set_socket_active_status</name>
         <load_address>0xdb4e</load_address>
         <run_address>0xdb4e</run_address>
         <size>0x60</size>
         <input_file_ref idref="fl-11"/>
      </object_component>
      <object_component id="oc-ec">
         <name>.text:socket</name>
         <load_address>0xdbae</load_address>
         <run_address>0xdbae</run_address>
         <size>0x60</size>
         <input_file_ref idref="fl-d"/>
      </object_component>
      <object_component id="oc-10c">
         <name>.text:_ltostr</name>
         <load_address>0xdc0e</load_address>
         <run_address>0xdc0e</run_address>
         <size>0x52</size>
         <input_file_ref idref="fl-41"/>
      </object_component>
      <object_component id="oc-109">
         <name>.text:_pproc_diouxp</name>
         <load_address>0xdc60</load_address>
         <run_address>0xdc60</run_address>
         <size>0x4c</size>
         <input_file_ref idref="fl-41"/>
      </object_component>
      <object_component id="oc-d7">
         <name>.text:_auto_init</name>
         <load_address>0xdcac</load_address>
         <run_address>0xdcac</run_address>
         <size>0x48</size>
         <input_file_ref idref="fl-3e"/>
      </object_component>
      <object_component id="oc-e4">
         <name>.text:wlan_init</name>
         <load_address>0xdcf4</load_address>
         <run_address>0xdcf4</run_address>
         <size>0x46</size>
         <input_file_ref idref="fl-c"/>
      </object_component>
      <object_component id="oc-db">
         <name>.text:SpiReadDataSynchronous</name>
         <load_address>0xdd3a</load_address>
         <run_address>0xdd3a</run_address>
         <size>0x44</size>
         <input_file_ref idref="fl-b"/>
      </object_component>
      <object_component id="oc-108">
         <name>.text:_pproc_str</name>
         <load_address>0xdd7e</load_address>
         <run_address>0xdd7e</run_address>
         <size>0x40</size>
         <input_file_ref idref="fl-41"/>
      </object_component>
      <object_component id="oc-ee">
         <name>.text:l_lsl_const</name>
         <load_address>0xddbe</load_address>
         <run_address>0xddbe</run_address>
         <size>0x3e</size>
         <input_file_ref idref="fl-33"/>
      </object_component>
      <object_component id="oc-f9">
         <name>.text:l_lsr_const</name>
         <load_address>0xddfc</load_address>
         <run_address>0xddfc</run_address>
         <size>0x3e</size>
         <input_file_ref idref="fl-34"/>
      </object_component>
      <object_component id="oc-100">
         <name>.text:sprintf</name>
         <load_address>0xde3a</load_address>
         <run_address>0xde3a</run_address>
         <size>0x38</size>
         <input_file_ref idref="fl-39"/>
      </object_component>
      <object_component id="oc-d4">
         <name>.text:_isr:USCI_A0_ISR</name>
         <load_address>0xde72</load_address>
         <run_address>0xde72</run_address>
         <size>0x34</size>
         <input_file_ref idref="fl-13"/>
      </object_component>
      <object_component id="oc-fd">
         <name>.text:STREAM_TO_UINT32_f</name>
         <load_address>0xdea6</load_address>
         <run_address>0xdea6</run_address>
         <size>0x30</size>
         <input_file_ref idref="fl-12"/>
      </object_component>
      <object_component id="oc-f8">
         <name>.text:SpiReceiveHandler</name>
         <load_address>0xded6</load_address>
         <run_address>0xded6</run_address>
         <size>0x2e</size>
         <input_file_ref idref="fl-c"/>
      </object_component>
      <object_component id="oc-10b">
         <name>.text:_getarg_diouxp</name>
         <load_address>0xdf04</load_address>
         <run_address>0xdf04</run_address>
         <size>0x2e</size>
         <input_file_ref idref="fl-41"/>
      </object_component>
      <object_component id="oc-d3">
         <name>.text:_isr:ADC10_read_In</name>
         <load_address>0xdf32</load_address>
         <run_address>0xdf32</run_address>
         <size>0x2e</size>
         <input_file_ref idref="fl-3"/>
      </object_component>
      <object_component id="oc-e8">
         <name>.text:hci_command_send</name>
         <load_address>0xdf60</load_address>
         <run_address>0xdf60</run_address>
         <size>0x2c</size>
         <input_file_ref idref="fl-10"/>
      </object_component>
      <object_component id="oc-88">
         <name>.text</name>
         <load_address>0xdf8c</load_address>
         <run_address>0xdf8c</run_address>
         <size>0x2c</size>
         <input_file_ref idref="fl-2e"/>
      </object_component>
      <object_component id="oc-da">
         <name>.text:SpiWriteDataSynchronous</name>
         <load_address>0xdfb8</load_address>
         <run_address>0xdfb8</run_address>
         <size>0x2a</size>
         <input_file_ref idref="fl-b"/>
      </object_component>
      <object_component id="oc-78">
         <name>.text:_isr:_c_int00_noexit</name>
         <load_address>0xdfe2</load_address>
         <run_address>0xdfe2</run_address>
         <size>0x2a</size>
         <input_file_ref idref="fl-29"/>
      </object_component>
      <object_component id="oc-e7">
         <name>.text:UINT32_TO_STREAM_f</name>
         <load_address>0xe00c</load_address>
         <run_address>0xe00c</run_address>
         <size>0x28</size>
         <input_file_ref idref="fl-12"/>
      </object_component>
      <object_component id="oc-10a">
         <name>.text:memccpy</name>
         <load_address>0xe034</load_address>
         <run_address>0xe034</run_address>
         <size>0x1c</size>
         <input_file_ref idref="fl-45"/>
      </object_component>
      <object_component id="oc-10d">
         <name>.text:_div</name>
         <load_address>0xe050</load_address>
         <run_address>0xe050</run_address>
         <size>0x1a</size>
         <input_file_ref idref="fl-41"/>
      </object_component>
      <object_component id="oc-103">
         <name>.text:_outs$18</name>
         <load_address>0xe06a</load_address>
         <run_address>0xe06a</run_address>
         <size>0x18</size>
         <input_file_ref idref="fl-39"/>
      </object_component>
      <object_component id="oc-d2">
         <name>.text:_isr:Timer__Off</name>
         <load_address>0xe082</load_address>
         <run_address>0xe082</run_address>
         <size>0x16</size>
         <input_file_ref idref="fl-3"/>
      </object_component>
      <object_component id="oc-8c">
         <name>.text</name>
         <load_address>0xe098</load_address>
         <run_address>0xe098</run_address>
         <size>0x16</size>
         <input_file_ref idref="fl-2f"/>
      </object_component>
      <object_component id="oc-9e">
         <name>.text</name>
         <load_address>0xe0ae</load_address>
         <run_address>0xe0ae</run_address>
         <size>0x16</size>
         <input_file_ref idref="fl-37"/>
      </object_component>
      <object_component id="oc-104">
         <name>.text:_outc$18</name>
         <load_address>0xe0c4</load_address>
         <run_address>0xe0c4</run_address>
         <size>0x12</size>
         <input_file_ref idref="fl-39"/>
      </object_component>
      <object_component id="oc-dd">
         <name>.text:memcpy</name>
         <load_address>0xe0d6</load_address>
         <run_address>0xe0d6</run_address>
         <size>0x12</size>
         <input_file_ref idref="fl-35"/>
      </object_component>
      <object_component id="oc-ed">
         <name>.text:memset</name>
         <load_address>0xe0e8</load_address>
         <run_address>0xe0e8</run_address>
         <size>0x12</size>
         <input_file_ref idref="fl-36"/>
      </object_component>
      <object_component id="oc-f6">
         <name>.text:WriteWlanPin</name>
         <load_address>0xe0fa</load_address>
         <run_address>0xe0fa</run_address>
         <size>0x10</size>
         <input_file_ref idref="fl-2"/>
      </object_component>
      <object_component id="oc-101">
         <name>.text:l_lsl</name>
         <load_address>0xe10a</load_address>
         <run_address>0xe10a</run_address>
         <size>0x10</size>
         <input_file_ref idref="fl-33"/>
      </object_component>
      <object_component id="oc-f4">
         <name>.text:WlanInterruptEnable</name>
         <load_address>0xe11a</load_address>
         <run_address>0xe11a</run_address>
         <size>0xe</size>
         <input_file_ref idref="fl-2"/>
      </object_component>
      <object_component id="oc-106">
         <name>.text:strlen</name>
         <load_address>0xe128</load_address>
         <run_address>0xe128</run_address>
         <size>0xe</size>
         <input_file_ref idref="fl-3a"/>
      </object_component>
      <object_component id="oc-f3">
         <name>.text:ReadWlanInterruptPin</name>
         <load_address>0xe136</load_address>
         <run_address>0xe136</run_address>
         <size>0xa</size>
         <input_file_ref idref="fl-2"/>
      </object_component>
      <object_component id="oc-94">
         <name>.text</name>
         <load_address>0xe140</load_address>
         <run_address>0xe140</run_address>
         <size>0xa</size>
         <input_file_ref idref="fl-32"/>
      </object_component>
      <object_component id="oc-f2">
         <name>.text:sendBootLoaderPatch</name>
         <load_address>0xe14a</load_address>
         <run_address>0xe14a</run_address>
         <size>0xa</size>
         <input_file_ref idref="fl-3"/>
      </object_component>
      <object_component id="oc-f1">
         <name>.text:sendDriverPatch</name>
         <load_address>0xe154</load_address>
         <run_address>0xe154</run_address>
         <size>0xa</size>
         <input_file_ref idref="fl-3"/>
      </object_component>
      <object_component id="oc-f0">
         <name>.text:sendWLFWPatch</name>
         <load_address>0xe15e</load_address>
         <run_address>0xe15e</run_address>
         <size>0xa</size>
         <input_file_ref idref="fl-3"/>
      </object_component>
      <object_component id="oc-d1">
         <name>.text:_isr:TIMER1_A0_ISR</name>
         <load_address>0xe168</load_address>
         <run_address>0xe168</run_address>
         <size>0x8</size>
         <input_file_ref idref="fl-2"/>
      </object_component>
      <object_component id="oc-f5">
         <name>.text:WlanInterruptDisable</name>
         <load_address>0xe170</load_address>
         <run_address>0xe170</run_address>
         <size>0x6</size>
         <input_file_ref idref="fl-2"/>
      </object_component>
      <object_component id="oc-cf">
         <name>.text:_isr:Trap_ISR</name>
         <load_address>0xe176</load_address>
         <run_address>0xe176</run_address>
         <size>0x4</size>
         <input_file_ref idref="fl-2"/>
      </object_component>
      <object_component id="oc-d6">
         <name>.text:_system_pre_init</name>
         <load_address>0xe17a</load_address>
         <run_address>0xe17a</run_address>
         <size>0x4</size>
         <input_file_ref idref="fl-38"/>
      </object_component>
      <object_component id="oc-d9">
         <name>.text:abort</name>
         <load_address>0xe17e</load_address>
         <run_address>0xe17e</run_address>
         <size>0x4</size>
         <input_file_ref idref="fl-31"/>
      </object_component>
      <object_component id="oc-d5">
         <name>.text:_nop</name>
         <load_address>0xe182</load_address>
         <run_address>0xe182</run_address>
         <size>0x2</size>
         <input_file_ref idref="fl-3b"/>
      </object_component>
      <object_component id="oc-7e">
         <name>.bss</name>
         <uninitialized>true</uninitialized>
         <run_address>0x1dec</run_address>
         <size>0x8</size>
         <input_file_ref idref="fl-29"/>
      </object_component>
      <object_component id="oc-ac">
         <name>.bss</name>
         <uninitialized>true</uninitialized>
         <run_address>0x1df8</run_address>
         <size>0x2</size>
         <input_file_ref idref="fl-2"/>
      </object_component>
      <object_component id="oc-ad">
         <name>.bss</name>
         <uninitialized>true</uninitialized>
         <run_address>0x1d8a</run_address>
         <size>0x43</size>
         <input_file_ref idref="fl-13"/>
      </object_component>
      <object_component id="oc-ae">
         <name>.bss</name>
         <uninitialized>true</uninitialized>
         <run_address>0x1d42</run_address>
         <size>0x48</size>
         <input_file_ref idref="fl-3"/>
      </object_component>
      <object_component id="oc-af">
         <name>.bss</name>
         <uninitialized>true</uninitialized>
         <run_address>0x1cb0</run_address>
         <size>0x92</size>
         <input_file_ref idref="fl-c"/>
      </object_component>
      <object_component id="oc-b0">
         <name>.bss</name>
         <uninitialized>true</uninitialized>
         <run_address>0x1dce</run_address>
         <size>0x16</size>
         <input_file_ref idref="fl-b"/>
      </object_component>
      <object_component id="oc-b2">
         <name>.bss</name>
         <uninitialized>true</uninitialized>
         <run_address>0x1dfa</run_address>
         <size>0x2</size>
         <input_file_ref idref="fl-30"/>
      </object_component>
      <object_component id="oc-b3">
         <name>.bss</name>
         <uninitialized>true</uninitialized>
         <run_address>0x1c00</run_address>
         <size>0xb0</size>
         <input_file_ref idref="fl-e"/>
      </object_component>
      <object_component id="oc-b4">
         <name>.bss</name>
         <uninitialized>true</uninitialized>
         <run_address>0x1df4</run_address>
         <size>0x4</size>
         <input_file_ref idref="fl-11"/>
      </object_component>
      <object_component id="oc-b5">
         <name>.bss</name>
         <uninitialized>true</uninitialized>
         <run_address>0x1de4</run_address>
         <size>0x8</size>
         <input_file_ref idref="fl-3b"/>
      </object_component>
      <object_component id="oc-80">
         <name>.stack</name>
         <uninitialized>true</uninitialized>
         <run_address>0x1e90</run_address>
         <size>0x2</size>
         <input_file_ref idref="fl-29"/>
      </object_component>
      <object_component id="oc-15e">
         <name>.stack</name>
         <uninitialized>true</uninitialized>
         <run_address>0x1e90</run_address>
         <size>0x0</size>
      </object_component>
      <object_component id="oc-b1">
         <name>.FRAM_DATA</name>
         <uninitialized>true</uninitialized>
         <run_address>0xc200</run_address>
         <size>0x108</size>
         <input_file_ref idref="fl-b"/>
      </object_component>
      <object_component id="oc-65">
         <name>.int31</name>
         <load_address>0xffce</load_address>
         <run_address>0xffce</run_address>
         <size>0x2</size>
         <input_file_ref idref="fl-40"/>
      </object_component>
      <object_component id="oc-66">
         <name>.int32</name>
         <load_address>0xffd0</load_address>
         <run_address>0xffd0</run_address>
         <size>0x2</size>
         <input_file_ref idref="fl-40"/>
      </object_component>
      <object_component id="oc-67">
         <name>.int33</name>
         <load_address>0xffd2</load_address>
         <run_address>0xffd2</run_address>
         <size>0x2</size>
         <input_file_ref idref="fl-40"/>
      </object_component>
      <object_component id="oc-68">
         <name>.int34</name>
         <load_address>0xffd4</load_address>
         <run_address>0xffd4</run_address>
         <size>0x2</size>
         <input_file_ref idref="fl-40"/>
      </object_component>
      <object_component id="oc-69">
         <name>.int35</name>
         <load_address>0xffd6</load_address>
         <run_address>0xffd6</run_address>
         <size>0x2</size>
         <input_file_ref idref="fl-40"/>
      </object_component>
      <object_component id="oc-6a">
         <name>.int36</name>
         <load_address>0xffd8</load_address>
         <run_address>0xffd8</run_address>
         <size>0x2</size>
         <input_file_ref idref="fl-40"/>
      </object_component>
      <object_component id="oc-6b">
         <name>.int37</name>
         <load_address>0xffda</load_address>
         <run_address>0xffda</run_address>
         <size>0x2</size>
         <input_file_ref idref="fl-40"/>
      </object_component>
      <object_component id="oc-6c">
         <name>.int38</name>
         <load_address>0xffdc</load_address>
         <run_address>0xffdc</run_address>
         <size>0x2</size>
         <input_file_ref idref="fl-40"/>
      </object_component>
      <object_component id="oc-6d">
         <name>.int39</name>
         <load_address>0xffde</load_address>
         <run_address>0xffde</run_address>
         <size>0x2</size>
         <input_file_ref idref="fl-40"/>
      </object_component>
      <object_component id="oc-6e">
         <name>.int40</name>
         <load_address>0xffe0</load_address>
         <run_address>0xffe0</run_address>
         <size>0x2</size>
         <input_file_ref idref="fl-40"/>
      </object_component>
      <object_component id="oc-6f">
         <name>.int41</name>
         <load_address>0xffe2</load_address>
         <run_address>0xffe2</run_address>
         <size>0x2</size>
         <input_file_ref idref="fl-40"/>
      </object_component>
      <object_component id="oc-70">
         <name>.int42</name>
         <load_address>0xffe4</load_address>
         <run_address>0xffe4</run_address>
         <size>0x2</size>
         <input_file_ref idref="fl-40"/>
      </object_component>
      <object_component id="oc-71">
         <name>.int43</name>
         <load_address>0xffe6</load_address>
         <run_address>0xffe6</run_address>
         <size>0x2</size>
         <input_file_ref idref="fl-40"/>
      </object_component>
      <object_component id="oc-72">
         <name>.int44</name>
         <load_address>0xffe8</load_address>
         <run_address>0xffe8</run_address>
         <size>0x2</size>
         <input_file_ref idref="fl-40"/>
      </object_component>
      <object_component id="oc-73">
         <name>.int45</name>
         <load_address>0xffea</load_address>
         <run_address>0xffea</run_address>
         <size>0x2</size>
         <input_file_ref idref="fl-40"/>
      </object_component>
      <object_component id="oc-74">
         <name>.int46</name>
         <load_address>0xffec</load_address>
         <run_address>0xffec</run_address>
         <size>0x2</size>
         <input_file_ref idref="fl-40"/>
      </object_component>
      <object_component id="oc-75">
         <name>.int47</name>
         <load_address>0xffee</load_address>
         <run_address>0xffee</run_address>
         <size>0x2</size>
         <input_file_ref idref="fl-40"/>
      </object_component>
      <object_component id="oc-76">
         <name>.int48</name>
         <load_address>0xfff0</load_address>
         <run_address>0xfff0</run_address>
         <size>0x2</size>
         <input_file_ref idref="fl-40"/>
      </object_component>
      <object_component id="oc-77">
         <name>.int49</name>
         <load_address>0xfff2</load_address>
         <run_address>0xfff2</run_address>
         <size>0x2</size>
         <input_file_ref idref="fl-40"/>
      </object_component>
      <object_component id="oc-79">
         <name>.int50</name>
         <load_address>0xfff4</load_address>
         <run_address>0xfff4</run_address>
         <size>0x2</size>
         <input_file_ref idref="fl-40"/>
      </object_component>
      <object_component id="oc-7a">
         <name>.int51</name>
         <load_address>0xfff6</load_address>
         <run_address>0xfff6</run_address>
         <size>0x2</size>
         <input_file_ref idref="fl-40"/>
      </object_component>
      <object_component id="oc-7b">
         <name>.int52</name>
         <load_address>0xfff8</load_address>
         <run_address>0xfff8</run_address>
         <size>0x2</size>
         <input_file_ref idref="fl-40"/>
      </object_component>
      <object_component id="oc-7c">
         <name>.int53</name>
         <load_address>0xfffa</load_address>
         <run_address>0xfffa</run_address>
         <size>0x2</size>
         <input_file_ref idref="fl-40"/>
      </object_component>
      <object_component id="oc-7d">
         <name>.int54</name>
         <load_address>0xfffc</load_address>
         <run_address>0xfffc</run_address>
         <size>0x2</size>
         <input_file_ref idref="fl-40"/>
      </object_component>
      <object_component id="oc-81">
         <name>.reset</name>
         <load_address>0xfffe</load_address>
         <run_address>0xfffe</run_address>
         <size>0x2</size>
         <input_file_ref idref="fl-29"/>
      </object_component>
      <object_component id="oc-7f">
         <name>.debug_info</name>
         <load_address>0x0</load_address>
         <run_address>0x0</run_address>
         <size>0x443</size>
         <input_file_ref idref="fl-29"/>
      </object_component>
      <object_component id="oc-85">
         <name>.debug_info</name>
         <load_address>0x443</load_address>
         <run_address>0x443</run_address>
         <size>0x8b</size>
         <input_file_ref idref="fl-2d"/>
      </object_component>
      <object_component id="oc-89">
         <name>.debug_info</name>
         <load_address>0x4ce</load_address>
         <run_address>0x4ce</run_address>
         <size>0xc4</size>
         <input_file_ref idref="fl-2e"/>
      </object_component>
      <object_component id="oc-8d">
         <name>.debug_info</name>
         <load_address>0x592</load_address>
         <run_address>0x592</run_address>
         <size>0xb7</size>
         <input_file_ref idref="fl-2f"/>
      </object_component>
      <object_component id="oc-90">
         <name>.debug_info</name>
         <load_address>0x649</load_address>
         <run_address>0x649</run_address>
         <size>0x28e</size>
         <input_file_ref idref="fl-31"/>
      </object_component>
      <object_component id="oc-95">
         <name>.debug_info</name>
         <load_address>0x8d7</load_address>
         <run_address>0x8d7</run_address>
         <size>0xb4</size>
         <input_file_ref idref="fl-32"/>
      </object_component>
      <object_component id="oc-98">
         <name>.debug_info</name>
         <load_address>0x98b</load_address>
         <run_address>0x98b</run_address>
         <size>0xe6</size>
         <input_file_ref idref="fl-33"/>
      </object_component>
      <object_component id="oc-9b">
         <name>.debug_info</name>
         <load_address>0xa71</load_address>
         <run_address>0xa71</run_address>
         <size>0xba</size>
         <input_file_ref idref="fl-34"/>
      </object_component>
      <object_component id="oc-9f">
         <name>.debug_info</name>
         <load_address>0xb2b</load_address>
         <run_address>0xb2b</run_address>
         <size>0xc6</size>
         <input_file_ref idref="fl-37"/>
      </object_component>
      <object_component id="oc-a2">
         <name>.debug_info</name>
         <load_address>0xbf1</load_address>
         <run_address>0xbf1</run_address>
         <size>0x26b</size>
         <input_file_ref idref="fl-3d"/>
      </object_component>
      <object_component id="oc-a6">
         <name>.debug_info</name>
         <load_address>0xe5c</load_address>
         <run_address>0xe5c</run_address>
         <size>0x332</size>
         <input_file_ref idref="fl-3e"/>
      </object_component>
      <object_component id="oc-aa">
         <name>.debug_info</name>
         <load_address>0x118e</load_address>
         <run_address>0x118e</run_address>
         <size>0x66ba</size>
         <input_file_ref idref="fl-40"/>
      </object_component>
      <object_component id="oc-ba">
         <name>.debug_info</name>
         <load_address>0x7848</load_address>
         <run_address>0x7848</run_address>
         <size>0xba7</size>
         <input_file_ref idref="fl-41"/>
      </object_component>
      <object_component id="oc-bf">
         <name>.debug_info</name>
         <load_address>0x83ef</load_address>
         <run_address>0x83ef</run_address>
         <size>0x275</size>
         <input_file_ref idref="fl-42"/>
      </object_component>
      <object_component id="oc-c3">
         <name>.debug_info</name>
         <load_address>0x8664</load_address>
         <run_address>0x8664</run_address>
         <size>0x26a</size>
         <input_file_ref idref="fl-43"/>
      </object_component>
      <object_component id="oc-c7">
         <name>.debug_info</name>
         <load_address>0x88ce</load_address>
         <run_address>0x88ce</run_address>
         <size>0x273</size>
         <input_file_ref idref="fl-44"/>
      </object_component>
      <object_component id="oc-cb">
         <name>.debug_info</name>
         <load_address>0x8b41</load_address>
         <run_address>0x8b41</run_address>
         <size>0x299</size>
         <input_file_ref idref="fl-45"/>
      </object_component>
      <object_component id="oc-15f">
         <name>.debug_info</name>
         <load_address>0x8dda</load_address>
         <run_address>0x8dda</run_address>
         <size>0x6a</size>
      </object_component>
      <object_component id="oc-82">
         <name>.debug_frame</name>
         <load_address>0x0</load_address>
         <run_address>0x0</run_address>
         <size>0x42</size>
         <input_file_ref idref="fl-29"/>
      </object_component>
      <object_component id="oc-91">
         <name>.debug_frame</name>
         <load_address>0x42</load_address>
         <run_address>0x42</run_address>
         <size>0x47</size>
         <input_file_ref idref="fl-31"/>
      </object_component>
      <object_component id="oc-a3">
         <name>.debug_frame</name>
         <load_address>0x89</load_address>
         <run_address>0x89</run_address>
         <size>0x32</size>
         <input_file_ref idref="fl-3d"/>
      </object_component>
      <object_component id="oc-a7">
         <name>.debug_frame</name>
         <load_address>0xbb</load_address>
         <run_address>0xbb</run_address>
         <size>0x53</size>
         <input_file_ref idref="fl-3e"/>
      </object_component>
      <object_component id="oc-b7">
         <name>.debug_frame</name>
         <load_address>0x10e</load_address>
         <run_address>0x10e</run_address>
         <size>0x5e0</size>
         <input_file_ref idref="fl-40"/>
      </object_component>
      <object_component id="oc-bc">
         <name>.debug_frame</name>
         <load_address>0x6ee</load_address>
         <run_address>0x6ee</run_address>
         <size>0x12d</size>
         <input_file_ref idref="fl-41"/>
      </object_component>
      <object_component id="oc-c0">
         <name>.debug_frame</name>
         <load_address>0x81b</load_address>
         <run_address>0x81b</run_address>
         <size>0x32</size>
         <input_file_ref idref="fl-42"/>
      </object_component>
      <object_component id="oc-c4">
         <name>.debug_frame</name>
         <load_address>0x84d</load_address>
         <run_address>0x84d</run_address>
         <size>0x32</size>
         <input_file_ref idref="fl-43"/>
      </object_component>
      <object_component id="oc-c8">
         <name>.debug_frame</name>
         <load_address>0x87f</load_address>
         <run_address>0x87f</run_address>
         <size>0x32</size>
         <input_file_ref idref="fl-44"/>
      </object_component>
      <object_component id="oc-cc">
         <name>.debug_frame</name>
         <load_address>0x8b1</load_address>
         <run_address>0x8b1</run_address>
         <size>0x47</size>
         <input_file_ref idref="fl-45"/>
      </object_component>
      <object_component id="oc-83">
         <name>.debug_line</name>
         <load_address>0x0</load_address>
         <run_address>0x0</run_address>
         <size>0x42</size>
         <input_file_ref idref="fl-29"/>
      </object_component>
      <object_component id="oc-86">
         <name>.debug_line</name>
         <load_address>0x42</load_address>
         <run_address>0x42</run_address>
         <size>0x2a</size>
         <input_file_ref idref="fl-2d"/>
      </object_component>
      <object_component id="oc-8a">
         <name>.debug_line</name>
         <load_address>0x6c</load_address>
         <run_address>0x6c</run_address>
         <size>0x4a</size>
         <input_file_ref idref="fl-2e"/>
      </object_component>
      <object_component id="oc-8e">
         <name>.debug_line</name>
         <load_address>0xb6</load_address>
         <run_address>0xb6</run_address>
         <size>0x40</size>
         <input_file_ref idref="fl-2f"/>
      </object_component>
      <object_component id="oc-92">
         <name>.debug_line</name>
         <load_address>0xf6</load_address>
         <run_address>0xf6</run_address>
         <size>0x3a</size>
         <input_file_ref idref="fl-31"/>
      </object_component>
      <object_component id="oc-96">
         <name>.debug_line</name>
         <load_address>0x130</load_address>
         <run_address>0x130</run_address>
         <size>0x38</size>
         <input_file_ref idref="fl-32"/>
      </object_component>
      <object_component id="oc-99">
         <name>.debug_line</name>
         <load_address>0x168</load_address>
         <run_address>0x168</run_address>
         <size>0x6a</size>
         <input_file_ref idref="fl-33"/>
      </object_component>
      <object_component id="oc-9c">
         <name>.debug_line</name>
         <load_address>0x1d2</load_address>
         <run_address>0x1d2</run_address>
         <size>0x56</size>
         <input_file_ref idref="fl-34"/>
      </object_component>
      <object_component id="oc-a0">
         <name>.debug_line</name>
         <load_address>0x228</load_address>
         <run_address>0x228</run_address>
         <size>0x42</size>
         <input_file_ref idref="fl-37"/>
      </object_component>
      <object_component id="oc-a4">
         <name>.debug_line</name>
         <load_address>0x26a</load_address>
         <run_address>0x26a</run_address>
         <size>0x29</size>
         <input_file_ref idref="fl-3d"/>
      </object_component>
      <object_component id="oc-a8">
         <name>.debug_line</name>
         <load_address>0x293</load_address>
         <run_address>0x293</run_address>
         <size>0x5f</size>
         <input_file_ref idref="fl-3e"/>
      </object_component>
      <object_component id="oc-b8">
         <name>.debug_line</name>
         <load_address>0x2f2</load_address>
         <run_address>0x2f2</run_address>
         <size>0x1152</size>
         <input_file_ref idref="fl-40"/>
      </object_component>
      <object_component id="oc-bd">
         <name>.debug_line</name>
         <load_address>0x1444</load_address>
         <run_address>0x1444</run_address>
         <size>0x1c0</size>
         <input_file_ref idref="fl-41"/>
      </object_component>
      <object_component id="oc-c1">
         <name>.debug_line</name>
         <load_address>0x1604</load_address>
         <run_address>0x1604</run_address>
         <size>0x34</size>
         <input_file_ref idref="fl-42"/>
      </object_component>
      <object_component id="oc-c5">
         <name>.debug_line</name>
         <load_address>0x1638</load_address>
         <run_address>0x1638</run_address>
         <size>0x33</size>
         <input_file_ref idref="fl-43"/>
      </object_component>
      <object_component id="oc-c9">
         <name>.debug_line</name>
         <load_address>0x166b</load_address>
         <run_address>0x166b</run_address>
         <size>0x2e</size>
         <input_file_ref idref="fl-44"/>
      </object_component>
      <object_component id="oc-cd">
         <name>.debug_line</name>
         <load_address>0x1699</load_address>
         <run_address>0x1699</run_address>
         <size>0x43</size>
         <input_file_ref idref="fl-45"/>
      </object_component>
      <object_component id="oc-84">
         <name>.debug_abbrev</name>
         <load_address>0x0</load_address>
         <run_address>0x0</run_address>
         <size>0x113</size>
         <input_file_ref idref="fl-29"/>
      </object_component>
      <object_component id="oc-87">
         <name>.debug_abbrev</name>
         <load_address>0x113</load_address>
         <run_address>0x113</run_address>
         <size>0x2f</size>
         <input_file_ref idref="fl-2d"/>
      </object_component>
      <object_component id="oc-8b">
         <name>.debug_abbrev</name>
         <load_address>0x142</load_address>
         <run_address>0x142</run_address>
         <size>0x43</size>
         <input_file_ref idref="fl-2e"/>
      </object_component>
      <object_component id="oc-8f">
         <name>.debug_abbrev</name>
         <load_address>0x185</load_address>
         <run_address>0x185</run_address>
         <size>0x35</size>
         <input_file_ref idref="fl-2f"/>
      </object_component>
      <object_component id="oc-93">
         <name>.debug_abbrev</name>
         <load_address>0x1ba</load_address>
         <run_address>0x1ba</run_address>
         <size>0xf3</size>
         <input_file_ref idref="fl-31"/>
      </object_component>
      <object_component id="oc-97">
         <name>.debug_abbrev</name>
         <load_address>0x2ad</load_address>
         <run_address>0x2ad</run_address>
         <size>0x35</size>
         <input_file_ref idref="fl-32"/>
      </object_component>
      <object_component id="oc-9a">
         <name>.debug_abbrev</name>
         <load_address>0x2e2</load_address>
         <run_address>0x2e2</run_address>
         <size>0x35</size>
         <input_file_ref idref="fl-33"/>
      </object_component>
      <object_component id="oc-9d">
         <name>.debug_abbrev</name>
         <load_address>0x317</load_address>
         <run_address>0x317</run_address>
         <size>0x35</size>
         <input_file_ref idref="fl-34"/>
      </object_component>
      <object_component id="oc-a1">
         <name>.debug_abbrev</name>
         <load_address>0x34c</load_address>
         <run_address>0x34c</run_address>
         <size>0x35</size>
         <input_file_ref idref="fl-37"/>
      </object_component>
      <object_component id="oc-a5">
         <name>.debug_abbrev</name>
         <load_address>0x381</load_address>
         <run_address>0x381</run_address>
         <size>0xdb</size>
         <input_file_ref idref="fl-3d"/>
      </object_component>
      <object_component id="oc-a9">
         <name>.debug_abbrev</name>
         <load_address>0x45c</load_address>
         <run_address>0x45c</run_address>
         <size>0x11a</size>
         <input_file_ref idref="fl-3e"/>
      </object_component>
      <object_component id="oc-b9">
         <name>.debug_abbrev</name>
         <load_address>0x576</load_address>
         <run_address>0x576</run_address>
         <size>0x302</size>
         <input_file_ref idref="fl-40"/>
      </object_component>
      <object_component id="oc-be">
         <name>.debug_abbrev</name>
         <load_address>0x878</load_address>
         <run_address>0x878</run_address>
         <size>0x162</size>
         <input_file_ref idref="fl-41"/>
      </object_component>
      <object_component id="oc-c2">
         <name>.debug_abbrev</name>
         <load_address>0x9da</load_address>
         <run_address>0x9da</run_address>
         <size>0xbe</size>
         <input_file_ref idref="fl-42"/>
      </object_component>
      <object_component id="oc-c6">
         <name>.debug_abbrev</name>
         <load_address>0xa98</load_address>
         <run_address>0xa98</run_address>
         <size>0xf2</size>
         <input_file_ref idref="fl-43"/>
      </object_component>
      <object_component id="oc-ca">
         <name>.debug_abbrev</name>
         <load_address>0xb8a</load_address>
         <run_address>0xb8a</run_address>
         <size>0xb0</size>
         <input_file_ref idref="fl-44"/>
      </object_component>
      <object_component id="oc-ce">
         <name>.debug_abbrev</name>
         <load_address>0xc3a</load_address>
         <run_address>0xc3a</run_address>
         <size>0x8b</size>
         <input_file_ref idref="fl-45"/>
      </object_component>
      <object_component id="oc-160">
         <name>.debug_abbrev</name>
         <load_address>0xcc5</load_address>
         <run_address>0xcc5</run_address>
         <size>0xd</size>
      </object_component>
   </object_component_list>
   <logical_group_list>
      <logical_group id="lg-4" display="no" color="cyan">
         <name>.cio</name>
         <run_address>0xc600</run_address>
         <size>0x0</size>
         <contents>
         </contents>
      </logical_group>
      <logical_group id="lg-5" display="no" color="cyan">
         <name>.sysmem</name>
         <run_address>0xc600</run_address>
         <size>0x0</size>
         <contents>
         </contents>
      </logical_group>
      <logical_group id="lg-3" display="no" color="cyan">
         <name>READ_WRITE_MEMORY</name>
         <run_address>0xc600</run_address>
         <size>0x0</size>
         <contents>
            <logical_group_ref idref="lg-4"/>
            <logical_group_ref idref="lg-5"/>
         </contents>
      </logical_group>
      <logical_group id="lg-7" display="no" color="cyan">
         <name>.cinit</name>
         <load_address>0xc600</load_address>
         <run_address>0xc600</run_address>
         <size>0x4e</size>
         <contents>
            <object_component_ref idref="oc-ab"/>
         </contents>
      </logical_group>
      <logical_group id="lg-8" display="no" color="cyan">
         <name>.pinit</name>
         <run_address>0xc64e</run_address>
         <size>0x0</size>
         <contents>
         </contents>
      </logical_group>
      <logical_group id="lg-9" display="no" color="cyan">
         <name>.init_array</name>
         <run_address>0xc64e</run_address>
         <size>0x0</size>
         <contents>
         </contents>
      </logical_group>
      <logical_group id="lg-a" display="no" color="cyan">
         <name>.mspabi.exidx</name>
         <run_address>0xc64e</run_address>
         <size>0x0</size>
         <contents>
         </contents>
      </logical_group>
      <logical_group id="lg-b" display="no" color="cyan">
         <name>.mspabi.extab</name>
         <run_address>0xc64e</run_address>
         <size>0x0</size>
         <contents>
         </contents>
      </logical_group>
      <logical_group id="lg-c" display="no" color="cyan">
         <name>.const</name>
         <load_address>0xc64e</load_address>
         <run_address>0xc64e</run_address>
         <size>0x44</size>
         <contents>
            <object_component_ref idref="oc-b6"/>
            <object_component_ref idref="oc-bb"/>
            <object_component_ref idref="oc-eb"/>
         </contents>
      </logical_group>
      <logical_group id="lg-6" display="no" color="cyan">
         <name>READ_ONLY_MEMORY</name>
         <load_address>0xc600</load_address>
         <run_address>0xc600</run_address>
         <size>0x92</size>
         <contents>
            <logical_group_ref idref="lg-7"/>
            <logical_group_ref idref="lg-8"/>
            <logical_group_ref idref="lg-9"/>
            <logical_group_ref idref="lg-a"/>
            <logical_group_ref idref="lg-b"/>
            <logical_group_ref idref="lg-c"/>
         </contents>
      </logical_group>
      <logical_group id="lg-e" display="no" color="cyan">
         <name>.text</name>
         <load_address>0xc800</load_address>
         <run_address>0xc800</run_address>
         <size>0x1984</size>
         <contents>
            <object_component_ref idref="oc-e9"/>
            <object_component_ref idref="oc-fb"/>
            <object_component_ref idref="oc-107"/>
            <object_component_ref idref="oc-d8"/>
            <object_component_ref idref="oc-ea"/>
            <object_component_ref idref="oc-102"/>
            <object_component_ref idref="oc-fa"/>
            <object_component_ref idref="oc-e5"/>
            <object_component_ref idref="oc-f7"/>
            <object_component_ref idref="oc-de"/>
            <object_component_ref idref="oc-e1"/>
            <object_component_ref idref="oc-105"/>
            <object_component_ref idref="oc-e3"/>
            <object_component_ref idref="oc-dc"/>
            <object_component_ref idref="oc-fe"/>
            <object_component_ref idref="oc-e2"/>
            <object_component_ref idref="oc-d0"/>
            <object_component_ref idref="oc-ef"/>
            <object_component_ref idref="oc-e0"/>
            <object_component_ref idref="oc-ff"/>
            <object_component_ref idref="oc-e6"/>
            <object_component_ref idref="oc-df"/>
            <object_component_ref idref="oc-fc"/>
            <object_component_ref idref="oc-ec"/>
            <object_component_ref idref="oc-10c"/>
            <object_component_ref idref="oc-109"/>
            <object_component_ref idref="oc-d7"/>
            <object_component_ref idref="oc-e4"/>
            <object_component_ref idref="oc-db"/>
            <object_component_ref idref="oc-108"/>
            <object_component_ref idref="oc-ee"/>
            <object_component_ref idref="oc-f9"/>
            <object_component_ref idref="oc-100"/>
            <object_component_ref idref="oc-d4"/>
            <object_component_ref idref="oc-fd"/>
            <object_component_ref idref="oc-f8"/>
            <object_component_ref idref="oc-10b"/>
            <object_component_ref idref="oc-d3"/>
            <object_component_ref idref="oc-e8"/>
            <object_component_ref idref="oc-88"/>
            <object_component_ref idref="oc-da"/>
            <object_component_ref idref="oc-78"/>
            <object_component_ref idref="oc-e7"/>
            <object_component_ref idref="oc-10a"/>
            <object_component_ref idref="oc-10d"/>
            <object_component_ref idref="oc-103"/>
            <object_component_ref idref="oc-d2"/>
            <object_component_ref idref="oc-8c"/>
            <object_component_ref idref="oc-9e"/>
            <object_component_ref idref="oc-104"/>
            <object_component_ref idref="oc-dd"/>
            <object_component_ref idref="oc-ed"/>
            <object_component_ref idref="oc-f6"/>
            <object_component_ref idref="oc-101"/>
            <object_component_ref idref="oc-f4"/>
            <object_component_ref idref="oc-106"/>
            <object_component_ref idref="oc-f3"/>
            <object_component_ref idref="oc-94"/>
            <object_component_ref idref="oc-f2"/>
            <object_component_ref idref="oc-f1"/>
            <object_component_ref idref="oc-f0"/>
            <object_component_ref idref="oc-d1"/>
            <object_component_ref idref="oc-f5"/>
            <object_component_ref idref="oc-cf"/>
            <object_component_ref idref="oc-d6"/>
            <object_component_ref idref="oc-d9"/>
            <object_component_ref idref="oc-d5"/>
         </contents>
      </logical_group>
      <logical_group id="lg-d" display="no" color="cyan">
         <name>EXECUTABLE_MEMORY</name>
         <load_address>0xc800</load_address>
         <run_address>0xc800</run_address>
         <size>0x1984</size>
         <contents>
            <logical_group_ref idref="lg-e"/>
         </contents>
      </logical_group>
      <logical_group id="lg-2" display="no" color="cyan">
         <name>ALL_FRAM</name>
         <load_address>0xc600</load_address>
         <run_address>0xc600</run_address>
         <size>0x1b84</size>
         <contents>
            <logical_group_ref idref="lg-3"/>
            <logical_group_ref idref="lg-6"/>
            <logical_group_ref idref="lg-d"/>
         </contents>
      </logical_group>
      <logical_group id="lg-f" display="no" color="cyan">
         <name>.bss</name>
         <run_address>0x1c00</run_address>
         <size>0x1fc</size>
         <contents>
            <object_component_ref idref="oc-7e"/>
            <object_component_ref idref="oc-ac"/>
            <object_component_ref idref="oc-ad"/>
            <object_component_ref idref="oc-ae"/>
            <object_component_ref idref="oc-af"/>
            <object_component_ref idref="oc-b0"/>
            <object_component_ref idref="oc-b2"/>
            <object_component_ref idref="oc-b3"/>
            <object_component_ref idref="oc-b4"/>
            <object_component_ref idref="oc-b5"/>
         </contents>
      </logical_group>
      <logical_group id="lg-10" display="no" color="cyan">
         <name>.data</name>
         <run_address>0x1c00</run_address>
         <size>0x0</size>
         <contents>
         </contents>
      </logical_group>
      <logical_group id="lg-11" display="no" color="cyan">
         <name>.stack</name>
         <run_address>0x1e90</run_address>
         <size>0x170</size>
         <contents>
            <object_component_ref idref="oc-80"/>
            <object_component_ref idref="oc-15e"/>
         </contents>
      </logical_group>
      <logical_group id="lg-12" display="no" color="cyan">
         <name>.FRAM_DATA</name>
         <run_address>0xc200</run_address>
         <size>0x108</size>
         <contents>
            <object_component_ref idref="oc-b1"/>
         </contents>
      </logical_group>
      <logical_group id="lg-13" display="no" color="cyan">
         <name>.infoA</name>
         <run_address>0x0</run_address>
         <size>0x0</size>
         <contents>
         </contents>
      </logical_group>
      <logical_group id="lg-14" display="no" color="cyan">
         <name>.infoB</name>
         <run_address>0x0</run_address>
         <size>0x0</size>
         <contents>
         </contents>
      </logical_group>
      <logical_group id="lg-15" display="no" color="cyan">
         <name>.int00</name>
         <run_address>0x0</run_address>
         <size>0x0</size>
         <contents>
         </contents>
      </logical_group>
      <logical_group id="lg-16" display="no" color="cyan">
         <name>.int01</name>
         <run_address>0x0</run_address>
         <size>0x0</size>
         <contents>
         </contents>
      </logical_group>
      <logical_group id="lg-17" display="no" color="cyan">
         <name>.int02</name>
         <run_address>0x0</run_address>
         <size>0x0</size>
         <contents>
         </contents>
      </logical_group>
      <logical_group id="lg-18" display="no" color="cyan">
         <name>.int03</name>
         <run_address>0x0</run_address>
         <size>0x0</size>
         <contents>
         </contents>
      </logical_group>
      <logical_group id="lg-19" display="no" color="cyan">
         <name>.int04</name>
         <run_address>0x0</run_address>
         <size>0x0</size>
         <contents>
         </contents>
      </logical_group>
      <logical_group id="lg-1a" display="no" color="cyan">
         <name>.int05</name>
         <run_address>0x0</run_address>
         <size>0x0</size>
         <contents>
         </contents>
      </logical_group>
      <logical_group id="lg-1b" display="no" color="cyan">
         <name>.int06</name>
         <run_address>0x0</run_address>
         <size>0x0</size>
         <contents>
         </contents>
      </logical_group>
      <logical_group id="lg-1c" display="no" color="cyan">
         <name>.int07</name>
         <run_address>0x0</run_address>
         <size>0x0</size>
         <contents>
         </contents>
      </logical_group>
      <logical_group id="lg-1d" display="no" color="cyan">
         <name>.int08</name>
         <run_address>0x0</run_address>
         <size>0x0</size>
         <contents>
         </contents>
      </logical_group>
      <logical_group id="lg-1e" display="no" color="cyan">
         <name>.int09</name>
         <run_address>0x0</run_address>
         <size>0x0</size>
         <contents>
         </contents>
      </logical_group>
      <logical_group id="lg-1f" display="no" color="cyan">
         <name>.int10</name>
         <run_address>0x0</run_address>
         <size>0x0</size>
         <contents>
         </contents>
      </logical_group>
      <logical_group id="lg-20" display="no" color="cyan">
         <name>.int11</name>
         <run_address>0x0</run_address>
         <size>0x0</size>
         <contents>
         </contents>
      </logical_group>
      <logical_group id="lg-21" display="no" color="cyan">
         <name>.int12</name>
         <run_address>0x0</run_address>
         <size>0x0</size>
         <contents>
         </contents>
      </logical_group>
      <logical_group id="lg-22" display="no" color="cyan">
         <name>.int13</name>
         <run_address>0x0</run_address>
         <size>0x0</size>
         <contents>
         </contents>
      </logical_group>
      <logical_group id="lg-23" display="no" color="cyan">
         <name>.int14</name>
         <run_address>0x0</run_address>
         <size>0x0</size>
         <contents>
         </contents>
      </logical_group>
      <logical_group id="lg-24" display="no" color="cyan">
         <name>.int15</name>
         <run_address>0x0</run_address>
         <size>0x0</size>
         <contents>
         </contents>
      </logical_group>
      <logical_group id="lg-25" display="no" color="cyan">
         <name>.int16</name>
         <run_address>0x0</run_address>
         <size>0x0</size>
         <contents>
         </contents>
      </logical_group>
      <logical_group id="lg-26" display="no" color="cyan">
         <name>.int17</name>
         <run_address>0x0</run_address>
         <size>0x0</size>
         <contents>
         </contents>
      </logical_group>
      <logical_group id="lg-27" display="no" color="cyan">
         <name>.int18</name>
         <run_address>0x0</run_address>
         <size>0x0</size>
         <contents>
         </contents>
      </logical_group>
      <logical_group id="lg-28" display="no" color="cyan">
         <name>.int19</name>
         <run_address>0x0</run_address>
         <size>0x0</size>
         <contents>
         </contents>
      </logical_group>
      <logical_group id="lg-29" display="no" color="cyan">
         <name>.int20</name>
         <run_address>0x0</run_address>
         <size>0x0</size>
         <contents>
         </contents>
      </logical_group>
      <logical_group id="lg-2a" display="no" color="cyan">
         <name>.int21</name>
         <run_address>0x0</run_address>
         <size>0x0</size>
         <contents>
         </contents>
      </logical_group>
      <logical_group id="lg-2b" display="no" color="cyan">
         <name>.int22</name>
         <run_address>0x0</run_address>
         <size>0x0</size>
         <contents>
         </contents>
      </logical_group>
      <logical_group id="lg-2c" display="no" color="cyan">
         <name>.int23</name>
         <run_address>0x0</run_address>
         <size>0x0</size>
         <contents>
         </contents>
      </logical_group>
      <logical_group id="lg-2d" display="no" color="cyan">
         <name>.int24</name>
         <run_address>0x0</run_address>
         <size>0x0</size>
         <contents>
         </contents>
      </logical_group>
      <logical_group id="lg-2e" display="no" color="cyan">
         <name>.int25</name>
         <run_address>0x0</run_address>
         <size>0x0</size>
         <contents>
         </contents>
      </logical_group>
      <logical_group id="lg-2f" display="no" color="cyan">
         <name>.int26</name>
         <run_address>0x0</run_address>
         <size>0x0</size>
         <contents>
         </contents>
      </logical_group>
      <logical_group id="lg-30" display="no" color="cyan">
         <name>.int27</name>
         <run_address>0x0</run_address>
         <size>0x0</size>
         <contents>
         </contents>
      </logical_group>
      <logical_group id="lg-31" display="no" color="cyan">
         <name>.int28</name>
         <run_address>0x0</run_address>
         <size>0x0</size>
         <contents>
         </contents>
      </logical_group>
      <logical_group id="lg-32" display="no" color="cyan">
         <name>.int29</name>
         <run_address>0x0</run_address>
         <size>0x0</size>
         <contents>
         </contents>
      </logical_group>
      <logical_group id="lg-33" display="no" color="cyan">
         <name>.int30</name>
         <run_address>0x0</run_address>
         <size>0x0</size>
         <contents>
         </contents>
      </logical_group>
      <logical_group id="lg-34" display="no" color="cyan">
         <name>RTC</name>
         <load_address>0xffce</load_address>
         <run_address>0xffce</run_address>
         <size>0x2</size>
         <contents>
            <object_component_ref idref="oc-65"/>
         </contents>
      </logical_group>
      <logical_group id="lg-36" display="no" color="cyan">
         <name>PORT4</name>
         <load_address>0xffd0</load_address>
         <run_address>0xffd0</run_address>
         <size>0x2</size>
         <contents>
            <object_component_ref idref="oc-66"/>
         </contents>
      </logical_group>
      <logical_group id="lg-38" display="no" color="cyan">
         <name>PORT3</name>
         <load_address>0xffd2</load_address>
         <run_address>0xffd2</run_address>
         <size>0x2</size>
         <contents>
            <object_component_ref idref="oc-67"/>
         </contents>
      </logical_group>
      <logical_group id="lg-3a" display="no" color="cyan">
         <name>TIMER2_B1</name>
         <load_address>0xffd4</load_address>
         <run_address>0xffd4</run_address>
         <size>0x2</size>
         <contents>
            <object_component_ref idref="oc-68"/>
         </contents>
      </logical_group>
      <logical_group id="lg-3c" display="no" color="cyan">
         <name>TIMER2_B0</name>
         <load_address>0xffd6</load_address>
         <run_address>0xffd6</run_address>
         <size>0x2</size>
         <contents>
            <object_component_ref idref="oc-69"/>
         </contents>
      </logical_group>
      <logical_group id="lg-3e" display="no" color="cyan">
         <name>PORT2</name>
         <load_address>0xffd8</load_address>
         <run_address>0xffd8</run_address>
         <size>0x2</size>
         <contents>
            <object_component_ref idref="oc-6a"/>
         </contents>
      </logical_group>
      <logical_group id="lg-40" display="no" color="cyan">
         <name>TIMER1_B1</name>
         <load_address>0xffda</load_address>
         <run_address>0xffda</run_address>
         <size>0x2</size>
         <contents>
            <object_component_ref idref="oc-6b"/>
         </contents>
      </logical_group>
      <logical_group id="lg-42" display="no" color="cyan">
         <name>TIMER1_B0</name>
         <load_address>0xffdc</load_address>
         <run_address>0xffdc</run_address>
         <size>0x2</size>
         <contents>
            <object_component_ref idref="oc-6c"/>
         </contents>
      </logical_group>
      <logical_group id="lg-44" display="no" color="cyan">
         <name>PORT1</name>
         <load_address>0xffde</load_address>
         <run_address>0xffde</run_address>
         <size>0x2</size>
         <contents>
            <object_component_ref idref="oc-6d"/>
         </contents>
      </logical_group>
      <logical_group id="lg-46" display="no" color="cyan">
         <name>TIMER1_A1</name>
         <load_address>0xffe0</load_address>
         <run_address>0xffe0</run_address>
         <size>0x2</size>
         <contents>
            <object_component_ref idref="oc-6e"/>
         </contents>
      </logical_group>
      <logical_group id="lg-48" display="no" color="cyan">
         <name>TIMER1_A0</name>
         <load_address>0xffe2</load_address>
         <run_address>0xffe2</run_address>
         <size>0x2</size>
         <contents>
            <object_component_ref idref="oc-6f"/>
         </contents>
      </logical_group>
      <logical_group id="lg-4a" display="no" color="cyan">
         <name>DMA</name>
         <load_address>0xffe4</load_address>
         <run_address>0xffe4</run_address>
         <size>0x2</size>
         <contents>
            <object_component_ref idref="oc-70"/>
         </contents>
      </logical_group>
      <logical_group id="lg-4c" display="no" color="cyan">
         <name>USCI_A1</name>
         <load_address>0xffe6</load_address>
         <run_address>0xffe6</run_address>
         <size>0x2</size>
         <contents>
            <object_component_ref idref="oc-71"/>
         </contents>
      </logical_group>
      <logical_group id="lg-4e" display="no" color="cyan">
         <name>TIMER0_A1</name>
         <load_address>0xffe8</load_address>
         <run_address>0xffe8</run_address>
         <size>0x2</size>
         <contents>
            <object_component_ref idref="oc-72"/>
         </contents>
      </logical_group>
      <logical_group id="lg-50" display="no" color="cyan">
         <name>TIMER0_A0</name>
         <load_address>0xffea</load_address>
         <run_address>0xffea</run_address>
         <size>0x2</size>
         <contents>
            <object_component_ref idref="oc-73"/>
         </contents>
      </logical_group>
      <logical_group id="lg-52" display="no" color="cyan">
         <name>ADC10</name>
         <load_address>0xffec</load_address>
         <run_address>0xffec</run_address>
         <size>0x2</size>
         <contents>
            <object_component_ref idref="oc-74"/>
         </contents>
      </logical_group>
      <logical_group id="lg-54" display="no" color="cyan">
         <name>USCI_B0</name>
         <load_address>0xffee</load_address>
         <run_address>0xffee</run_address>
         <size>0x2</size>
         <contents>
            <object_component_ref idref="oc-75"/>
         </contents>
      </logical_group>
      <logical_group id="lg-56" display="no" color="cyan">
         <name>USCI_A0</name>
         <load_address>0xfff0</load_address>
         <run_address>0xfff0</run_address>
         <size>0x2</size>
         <contents>
            <object_component_ref idref="oc-76"/>
         </contents>
      </logical_group>
      <logical_group id="lg-58" display="no" color="cyan">
         <name>WDT</name>
         <load_address>0xfff2</load_address>
         <run_address>0xfff2</run_address>
         <size>0x2</size>
         <contents>
            <object_component_ref idref="oc-77"/>
         </contents>
      </logical_group>
      <logical_group id="lg-5a" display="no" color="cyan">
         <name>TIMER0_B1</name>
         <load_address>0xfff4</load_address>
         <run_address>0xfff4</run_address>
         <size>0x2</size>
         <contents>
            <object_component_ref idref="oc-79"/>
         </contents>
      </logical_group>
      <logical_group id="lg-5c" display="no" color="cyan">
         <name>TIMER0_B0</name>
         <load_address>0xfff6</load_address>
         <run_address>0xfff6</run_address>
         <size>0x2</size>
         <contents>
            <object_component_ref idref="oc-7a"/>
         </contents>
      </logical_group>
      <logical_group id="lg-5e" display="no" color="cyan">
         <name>COMP_D</name>
         <load_address>0xfff8</load_address>
         <run_address>0xfff8</run_address>
         <size>0x2</size>
         <contents>
            <object_component_ref idref="oc-7b"/>
         </contents>
      </logical_group>
      <logical_group id="lg-60" display="no" color="cyan">
         <name>UNMI</name>
         <load_address>0xfffa</load_address>
         <run_address>0xfffa</run_address>
         <size>0x2</size>
         <contents>
            <object_component_ref idref="oc-7c"/>
         </contents>
      </logical_group>
      <logical_group id="lg-62" display="no" color="cyan">
         <name>SYSNMI</name>
         <load_address>0xfffc</load_address>
         <run_address>0xfffc</run_address>
         <size>0x2</size>
         <contents>
            <object_component_ref idref="oc-7d"/>
         </contents>
      </logical_group>
      <logical_group id="lg-64" display="no" color="cyan">
         <name>.reset</name>
         <load_address>0xfffe</load_address>
         <run_address>0xfffe</run_address>
         <size>0x2</size>
         <contents>
            <object_component_ref idref="oc-81"/>
         </contents>
      </logical_group>
      <logical_group id="lg-155" display="never" color="cyan">
         <name>.debug_info</name>
         <load_address>0x0</load_address>
         <run_address>0x0</run_address>
         <size>0x8e44</size>
         <contents>
            <object_component_ref idref="oc-7f"/>
            <object_component_ref idref="oc-85"/>
            <object_component_ref idref="oc-89"/>
            <object_component_ref idref="oc-8d"/>
            <object_component_ref idref="oc-90"/>
            <object_component_ref idref="oc-95"/>
            <object_component_ref idref="oc-98"/>
            <object_component_ref idref="oc-9b"/>
            <object_component_ref idref="oc-9f"/>
            <object_component_ref idref="oc-a2"/>
            <object_component_ref idref="oc-a6"/>
            <object_component_ref idref="oc-aa"/>
            <object_component_ref idref="oc-ba"/>
            <object_component_ref idref="oc-bf"/>
            <object_component_ref idref="oc-c3"/>
            <object_component_ref idref="oc-c7"/>
            <object_component_ref idref="oc-cb"/>
            <object_component_ref idref="oc-15f"/>
         </contents>
      </logical_group>
      <logical_group id="lg-157" display="never" color="cyan">
         <name>.debug_frame</name>
         <load_address>0x0</load_address>
         <run_address>0x0</run_address>
         <size>0x8f8</size>
         <contents>
            <object_component_ref idref="oc-82"/>
            <object_component_ref idref="oc-91"/>
            <object_component_ref idref="oc-a3"/>
            <object_component_ref idref="oc-a7"/>
            <object_component_ref idref="oc-b7"/>
            <object_component_ref idref="oc-bc"/>
            <object_component_ref idref="oc-c0"/>
            <object_component_ref idref="oc-c4"/>
            <object_component_ref idref="oc-c8"/>
            <object_component_ref idref="oc-cc"/>
         </contents>
      </logical_group>
      <logical_group id="lg-159" display="never" color="cyan">
         <name>.debug_line</name>
         <load_address>0x0</load_address>
         <run_address>0x0</run_address>
         <size>0x16dc</size>
         <contents>
            <object_component_ref idref="oc-83"/>
            <object_component_ref idref="oc-86"/>
            <object_component_ref idref="oc-8a"/>
            <object_component_ref idref="oc-8e"/>
            <object_component_ref idref="oc-92"/>
            <object_component_ref idref="oc-96"/>
            <object_component_ref idref="oc-99"/>
            <object_component_ref idref="oc-9c"/>
            <object_component_ref idref="oc-a0"/>
            <object_component_ref idref="oc-a4"/>
            <object_component_ref idref="oc-a8"/>
            <object_component_ref idref="oc-b8"/>
            <object_component_ref idref="oc-bd"/>
            <object_component_ref idref="oc-c1"/>
            <object_component_ref idref="oc-c5"/>
            <object_component_ref idref="oc-c9"/>
            <object_component_ref idref="oc-cd"/>
         </contents>
      </logical_group>
      <logical_group id="lg-15b" display="never" color="cyan">
         <name>.debug_abbrev</name>
         <load_address>0x0</load_address>
         <run_address>0x0</run_address>
         <size>0xcd2</size>
         <contents>
            <object_component_ref idref="oc-84"/>
            <object_component_ref idref="oc-87"/>
            <object_component_ref idref="oc-8b"/>
            <object_component_ref idref="oc-8f"/>
            <object_component_ref idref="oc-93"/>
            <object_component_ref idref="oc-97"/>
            <object_component_ref idref="oc-9a"/>
            <object_component_ref idref="oc-9d"/>
            <object_component_ref idref="oc-a1"/>
            <object_component_ref idref="oc-a5"/>
            <object_component_ref idref="oc-a9"/>
            <object_component_ref idref="oc-b9"/>
            <object_component_ref idref="oc-be"/>
            <object_component_ref idref="oc-c2"/>
            <object_component_ref idref="oc-c6"/>
            <object_component_ref idref="oc-ca"/>
            <object_component_ref idref="oc-ce"/>
            <object_component_ref idref="oc-160"/>
         </contents>
      </logical_group>
   </logical_group_list>
   <placement_map>
      <memory_area display="no" color="green">
         <name>SFR</name>
         <page_id>0x0</page_id>
         <origin>0x0</origin>
         <length>0x10</length>
         <used_space>0x0</used_space>
         <unused_space>0x10</unused_space>
         <attributes>RWIX</attributes>
         <usage_details>
         </usage_details>
      </memory_area>
      <memory_area display="yes" color="green">
         <name>PERIPHERALS_8BIT</name>
         <page_id>0x0</page_id>
         <origin>0x10</origin>
         <length>0xf0</length>
         <used_space>0x0</used_space>
         <unused_space>0xf0</unused_space>
         <attributes>RWIX</attributes>
         <usage_details>
         </usage_details>
      </memory_area>
      <memory_area display="yes" color="green">
         <name>PERIPHERALS_16BIT</name>
         <page_id>0x0</page_id>
         <origin>0x100</origin>
         <length>0x100</length>
         <used_space>0x0</used_space>
         <unused_space>0x100</unused_space>
         <attributes>RWIX</attributes>
         <usage_details>
         </usage_details>
      </memory_area>
      <memory_area display="yes" color="green">
         <name>INFOB</name>
         <page_id>0x0</page_id>
         <origin>0x1800</origin>
         <length>0x80</length>
         <used_space>0x0</used_space>
         <unused_space>0x80</unused_space>
         <attributes>RWIX</attributes>
         <usage_details>
         </usage_details>
      </memory_area>
      <memory_area display="yes" color="green">
         <name>INFOA</name>
         <page_id>0x0</page_id>
         <origin>0x1880</origin>
         <length>0x80</length>
         <used_space>0x0</used_space>
         <unused_space>0x80</unused_space>
         <attributes>RWIX</attributes>
         <usage_details>
         </usage_details>
      </memory_area>
      <memory_area display="yes" color="green">
         <name>RAM</name>
         <page_id>0x0</page_id>
         <origin>0x1c00</origin>
         <length>0x400</length>
         <used_space>0x36c</used_space>
         <unused_space>0x94</unused_space>
         <attributes>RWIX</attributes>
         <usage_details>
            <allocated_space>
               <start_address>0x1c00</start_address>
               <size>0x0</size>
               <logical_group_ref idref="lg-10"/>
            </allocated_space>
            <allocated_space>
               <start_address>0x1c00</start_address>
               <size>0x1fc</size>
               <logical_group_ref idref="lg-f"/>
            </allocated_space>
            <available_space>
               <start_address>0x1dfc</start_address>
               <size>0x94</size>
            </available_space>
            <allocated_space>
               <start_address>0x1e90</start_address>
               <size>0x170</size>
               <logical_group_ref idref="lg-11"/>
            </allocated_space>
         </usage_details>
      </memory_area>
      <memory_area display="yes" color="green">
         <name>FRAM_DATA</name>
         <page_id>0x0</page_id>
         <origin>0xc200</origin>
         <length>0x400</length>
         <used_space>0x108</used_space>
         <unused_space>0x2f8</unused_space>
         <attributes>RWIX</attributes>
         <usage_details>
            <allocated_space>
               <start_address>0xc200</start_address>
               <size>0x108</size>
               <logical_group_ref idref="lg-12"/>
            </allocated_space>
            <available_space>
               <start_address>0xc308</start_address>
               <size>0x2f8</size>
            </available_space>
         </usage_details>
      </memory_area>
      <memory_area display="yes" color="green">
         <name>FRAM</name>
         <page_id>0x0</page_id>
         <origin>0xc600</origin>
         <length>0x3980</length>
         <used_space>0x1b84</used_space>
         <unused_space>0x1dfc</unused_space>
         <attributes>RWIX</attributes>
         <usage_details>
            <allocated_space>
               <start_address>0xc600</start_address>
               <size>0x1b84</size>
               <logical_group_ref idref="lg-2"/>
            </allocated_space>
[...]
         <value>0xddda</value>
         <object_component_ref idref="oc-ee"/>
      </symbol>
      <symbol id="sm-331">
         <name>L_LSL</name>
         <value>0xe10a</value>
         <object_component_ref idref="oc-101"/>
      </symbol>
      <symbol id="sm-332">
         <name>L_LSL_12</name>
         <value>0xddca</value>
         <object_component_ref idref="oc-ee"/>
      </symbol>
      <symbol id="sm-333">
         <name>L_LSL_13</name>
         <value>0xddc6</value>
         <object_component_ref idref="oc-ee"/>
      </symbol>
      <symbol id="sm-334">
         <name>L_LSL_10</name>
         <value>0xddd2</value>
         <object_component_ref idref="oc-ee"/>
      </symbol>
      <symbol id="sm-335">
         <name>L_LSL_11</name>
         <value>0xddce</value>
         <object_component_ref idref="oc-ee"/>
      </symbol>
      <symbol id="sm-336">
         <name>L_LSL_14</name>
         <value>0xddc2</value>
         <object_component_ref idref="oc-ee"/>
      </symbol>
      <symbol id="sm-337">
         <name>L_LSL_15</name>
         <value>0xddbe</value>
         <object_component_ref idref="oc-ee"/>
      </symbol>
      <symbol id="sm-33f">
         <name>L_LSR_12</name>
         <value>0xde08</value>
         <object_component_ref idref="oc-f9"/>
      </symbol>
      <symbol id="sm-340">
         <name>L_LSR_13</name>
         <value>0xde04</value>
         <object_component_ref idref="oc-f9"/>
      </symbol>
      <symbol id="sm-341">
         <name>L_LSR_10</name>
         <value>0xde10</value>
         <object_component_ref idref="oc-f9"/>
      </symbol>
      <symbol id="sm-342">
         <name>L_LSR_11</name>
         <value>0xde0c</value>
         <object_component_ref idref="oc-f9"/>
      </symbol>
      <symbol id="sm-343">
         <name>L_LSR_14</name>
         <value>0xde00</value>
         <object_component_ref idref="oc-f9"/>
      </symbol>
      <symbol id="sm-344">
         <name>L_LSR_15</name>
         <value>0xddfc</value>
         <object_component_ref idref="oc-f9"/>
      </symbol>
      <symbol id="sm-345">
         <name>L_LSR_3</name>
         <value>0xde2c</value>
         <object_component_ref idref="oc-f9"/>
      </symbol>
      <symbol id="sm-346">
         <name>L_LSR_2</name>
         <value>0xde30</value>
         <object_component_ref idref="oc-f9"/>
      </symbol>
      <symbol id="sm-347">
         <name>L_LSR_1</name>
         <value>0xde34</value>
         <object_component_ref idref="oc-f9"/>
      </symbol>
      <symbol id="sm-348">
         <name>L_LSR_7</name>
         <value>0xde1c</value>
         <object_component_ref idref="oc-f9"/>
      </symbol>
      <symbol id="sm-349">
         <name>L_LSR_6</name>
         <value>0xde20</value>
         <object_component_ref idref="oc-f9"/>
      </symbol>
      <symbol id="sm-34a">
         <name>L_LSR_5</name>
         <value>0xde24</value>
         <object_component_ref idref="oc-f9"/>
      </symbol>
      <symbol id="sm-34b">
         <name>L_LSR_4</name>
         <value>0xde28</value>
         <object_component_ref idref="oc-f9"/>
      </symbol>
      <symbol id="sm-34c">
         <name>L_LSR_9</name>
         <value>0xde14</value>
         <object_component_ref idref="oc-f9"/>
      </symbol>
      <symbol id="sm-34d">
         <name>L_LSR_8</name>
         <value>0xde18</value>
         <object_component_ref idref="oc-f9"/>
      </symbol>
      <symbol id="sm-355">
         <name>__mpyi_f5hw</name>
         <value>0xe0ae</value>
         <object_component_ref idref="oc-9e"/>
      </symbol>
      <symbol id="sm-35d">
         <name>__TI_args_main</name>
         <value>0x1</value>
      </symbol>
      <symbol id="sm-36d">
         <name>_auto_init</name>
         <value>0xdcac</value>
         <object_component_ref idref="oc-d7"/>
      </symbol>
      <symbol id="sm-36e">
         <name>__TI_auto_init</name>
         <value>0x1</value>
      </symbol>
      <symbol id="sm-4ee">
         <name>UINT32_TO_STREAM_f</name>
         <value>0xe00c</value>
         <object_component_ref idref="oc-e7"/>
      </symbol>
      <symbol id="sm-4ef">
         <name>IntSpiGPIOHandler</name>
         <value>0xd8de</value>
         <object_component_ref idref="oc-d0"/>
      </symbol>
      <symbol id="sm-4f0">
         <name>ulSocket</name>
         <value>0x1d64</value>
         <object_component_ref idref="oc-ae"/>
      </symbol>
      <symbol id="sm-4f1">
         <name>profileArray</name>
         <value>0x1cfe</value>
         <object_component_ref idref="oc-af"/>
      </symbol>
      <symbol id="sm-4f2">
         <name>ReadWlanInterruptPin</name>
         <value>0xe136</value>
         <object_component_ref idref="oc-f3"/>
      </symbol>
      <symbol id="sm-4f3">
         <name>pucCC3000_Rx_Buffer</name>
         <value>0x1d6a</value>
         <object_component_ref idref="oc-ae"/>
      </symbol>
      <symbol id="sm-4f4">
         <name>digits</name>
         <value>0x1d58</value>
         <object_component_ref idref="oc-ae"/>
      </symbol>
      <symbol id="sm-4f5">
         <name>hci_unsol_handle_patch_request</name>
         <value>0xd7da</value>
         <object_component_ref idref="oc-fe"/>
      </symbol>
      <symbol id="sm-4f6">
         <name>tSpiReadHeader</name>
         <value>0x1dde</value>
         <object_component_ref idref="oc-b0"/>
      </symbol>
      <symbol id="sm-4f7">
         <name>WriteWlanPin</name>
         <value>0xe0fa</value>
         <object_component_ref idref="oc-f6"/>
      </symbol>
      <symbol id="sm-4f8">
         <name>msp430_forced_restart_ptr</name>
         <value>0x1df8</value>
         <object_component_ref idref="oc-ac"/>
      </symbol>
      <symbol id="sm-4f9">
         <name>__TI_int38</name>
         <value>0xffdc</value>
         <object_component_ref idref="oc-6c"/>
      </symbol>
      <symbol id="sm-4fa">
         <name>__TI_int39</name>
         <value>0xffde</value>
         <object_component_ref idref="oc-6d"/>
      </symbol>
      <symbol id="sm-4fb">
         <name>__TI_int36</name>
         <value>0xffd8</value>
         <object_component_ref idref="oc-6a"/>
      </symbol>
      <symbol id="sm-4fc">
         <name>memcpy</name>
         <value>0xe0d6</value>
         <object_component_ref idref="oc-dd"/>
      </symbol>
      <symbol id="sm-4fd">
         <name>__TI_int37</name>
         <value>0xffda</value>
         <object_component_ref idref="oc-6b"/>
      </symbol>
      <symbol id="sm-4fe">
         <name>__TI_int34</name>
         <value>0xffd4</value>
         <object_component_ref idref="oc-68"/>
      </symbol>
      <symbol id="sm-4ff">
         <name>__TI_int35</name>
         <value>0xffd6</value>
         <object_component_ref idref="oc-69"/>
      </symbol>
      <symbol id="sm-500">
         <name>__TI_int32</name>
         <value>0xffd0</value>
         <object_component_ref idref="oc-66"/>
      </symbol>
      <symbol id="sm-501">
         <name>__TI_int33</name>
         <value>0xffd2</value>
         <object_component_ref idref="oc-67"/>
      </symbol>
      <symbol id="sm-502">
         <name>__TI_int31</name>
         <value>0xffce</value>
         <object_component_ref idref="oc-65"/>
      </symbol>
      <symbol id="sm-503">
         <name>strlen</name>
         <value>0xe128</value>
         <object_component_ref idref="oc-106"/>
      </symbol>
      <symbol id="sm-504">
         <name>sprintf</name>
         <value>0xde3a</value>
         <object_component_ref idref="oc-100"/>
      </symbol>
      <symbol id="sm-505">
         <name>TIMER1_A0_ISR</name>
         <value>0xe168</value>
         <object_component_ref idref="oc-d1"/>
      </symbol>
      <symbol id="sm-506">
         <name>sendWLFWPatch</name>
         <value>0xe15e</value>
         <object_component_ref idref="oc-f0"/>
      </symbol>
      <symbol id="sm-507">
         <name>turnLedOff</name>
         <value>0xda1e</value>
         <object_component_ref idref="oc-ff"/>
      </symbol>
      <symbol id="sm-508">
         <name>expandedKey</name>
         <value>0x1c00</value>
         <object_component_ref idref="oc-b3"/>
      </symbol>
      <symbol id="sm-509">
         <name>memset</name>
         <value>0xe0e8</value>
         <object_component_ref idref="oc-ed"/>
      </symbol>
      <symbol id="sm-50a">
         <name>socket_active_status</name>
         <value>0x1df4</value>
         <object_component_ref idref="oc-b4"/>
      </symbol>
      <symbol id="sm-50b">
         <name>ADC10_READING</name>
         <value>0x1d86</value>
         <object_component_ref idref="oc-ae"/>
      </symbol>
      <symbol id="sm-50c">
         <name>socket</name>
         <value>0xdbae</value>
         <object_component_ref idref="oc-ec"/>
      </symbol>
      <symbol id="sm-50d">
         <name>Trap_ISR</name>
         <value>0xe176</value>
         <object_component_ref idref="oc-cf"/>
      </symbol>
      <symbol id="sm-50e">
         <name>__TI_int48</name>
         <value>0xfff0</value>
         <object_component_ref idref="oc-76"/>
      </symbol>
      <symbol id="sm-50f">
         <name>__TI_int49</name>
         <value>0xfff2</value>
         <object_component_ref idref="oc-77"/>
      </symbol>
      <symbol id="sm-510">
         <name>__TI_int46</name>
         <value>0xffec</value>
         <object_component_ref idref="oc-74"/>
      </symbol>
      <symbol id="sm-511">
         <name>__TI_int47</name>
         <value>0xffee</value>
         <object_component_ref idref="oc-75"/>
      </symbol>
      <symbol id="sm-512">
         <name>__TI_int44</name>
         <value>0xffe8</value>
         <object_component_ref idref="oc-72"/>
      </symbol>
      <symbol id="sm-513">
         <name>__TI_int45</name>
         <value>0xffea</value>
         <object_component_ref idref="oc-73"/>
      </symbol>
      <symbol id="sm-514">
         <name>__TI_int42</name>
         <value>0xffe4</value>
         <object_component_ref idref="oc-70"/>
      </symbol>
      <symbol id="sm-515">
         <name>__TI_int43</name>
         <value>0xffe6</value>
         <object_component_ref idref="oc-71"/>
      </symbol>
      <symbol id="sm-516">
         <name>__TI_int40</name>
         <value>0xffe0</value>
         <object_component_ref idref="oc-6e"/>
      </symbol>
      <symbol id="sm-517">
         <name>__TI_int41</name>
         <value>0xffe2</value>
         <object_component_ref idref="oc-6f"/>
      </symbol>
      <symbol id="sm-518">
         <name>hci_event_handler</name>
         <value>0xc800</value>
         <object_component_ref idref="oc-e9"/>
      </symbol>
      <symbol id="sm-519">
         <name>_nop</name>
         <value>0xe182</value>
         <object_component_ref idref="oc-d5"/>
      </symbol>
      <symbol id="sm-51a">
         <name>sendDriverPatch</name>
         <value>0xe154</value>
         <object_component_ref idref="oc-f1"/>
      </symbol>
      <symbol id="sm-51b">
         <name>Timer__Off</name>
         <value>0xe082</value>
         <object_component_ref idref="oc-d2"/>
      </symbol>
      <symbol id="sm-51c">
         <name>sSpiInformation</name>
         <value>0x1dce</value>
         <object_component_ref idref="oc-b0"/>
      </symbol>
      <symbol id="sm-51d">
         <name>__TI_int54</name>
         <value>0xfffc</value>
         <object_component_ref idref="oc-7d"/>
      </symbol>
      <symbol id="sm-51e">
         <name>__TI_int52</name>
         <value>0xfff8</value>
         <object_component_ref idref="oc-7b"/>
      </symbol>
      <symbol id="sm-51f">
         <name>__TI_int53</name>
         <value>0xfffa</value>
         <object_component_ref idref="oc-7c"/>
      </symbol>
      <symbol id="sm-520">
         <name>__TI_int50</name>
         <value>0xfff4</value>
         <object_component_ref idref="oc-79"/>
      </symbol>
      <symbol id="sm-521">
         <name>__TI_int51</name>
         <value>0xfff6</value>
         <object_component_ref idref="oc-7a"/>
      </symbol>
      <symbol id="sm-522">
         <name>SpiWriteDataSynchronous</name>
         <value>0xdfb8</value>
         <object_component_ref idref="oc-da"/>
      </symbol>
      <symbol id="sm-523">
         <name>STREAM_TO_UINT32_f</name>
         <value>0xdea6</value>
         <object_component_ref idref="oc-fd"/>
      </symbol>
      <symbol id="sm-524">
         <name>ulCC3000DHCP</name>
         <value>0x1d4a</value>
         <object_component_ref idref="oc-ae"/>
      </symbol>
      <symbol id="sm-525">
         <name>key</name>
         <value>0x1cee</value>
         <object_component_ref idref="oc-af"/>
      </symbol>
      <symbol id="sm-526">
         <name>tSLInformation</name>
         <value>0x1cb0</value>
         <object_component_ref idref="oc-af"/>
      </symbol>
      <symbol id="sm-527">
         <name>USCI_A0_ISR</name>
         <value>0xde72</value>
         <object_component_ref idref="oc-d4"/>
      </symbol>
      <symbol id="sm-528">
         <name>ADC10_read_In</name>
         <value>0xdf32</value>
         <object_component_ref idref="oc-d3"/>
      </symbol>
      <symbol id="sm-529">
         <name>g_ucLength</name>
         <value>0x1dcc</value>
         <object_component_ref idref="oc-ad"/>
      </symbol>
      <symbol id="sm-52a">
         <name>_Errno</name>
         <value>0x1dfa</value>
         <object_component_ref idref="oc-b2"/>
      </symbol>
      <symbol id="sm-52b">
         <name>toggleLed</name>
         <value>0xd9b6</value>
         <object_component_ref idref="oc-e0"/>
      </symbol>
      <symbol id="sm-52c">
         <name>ConnectToAP</name>
         <value>0xdaee</value>
         <object_component_ref idref="oc-df"/>
      </symbol>
      <symbol id="sm-52d">
         <name>SpiWrite</name>
         <value>0xd1a6</value>
         <object_component_ref idref="oc-fa"/>
      </symbol>
      <symbol id="sm-52e">
         <name>wlan_connect</name>
         <value>0xcfb2</value>
         <object_component_ref idref="oc-ea"/>
      </symbol>
      <symbol id="sm-52f">
         <name>uart_have_cmd</name>
         <value>0x1d8a</value>
         <object_component_ref idref="oc-ad"/>
      </symbol>
      <symbol id="sm-530">
         <name>WlanInterruptEnable</name>
         <value>0xe11a</value>
         <object_component_ref idref="oc-f4"/>
      </symbol>
      <symbol id="sm-531">
         <name>main</name>
         <value>0xcea4</value>
         <object_component_ref idref="oc-d8"/>
      </symbol>
      <symbol id="sm-532">
         <name>_lock</name>
         <value>0x1de4</value>
         <object_component_ref idref="oc-b5"/>
      </symbol>
      <symbol id="sm-533">
         <name>SSIContReadOperation</name>
         <value>0xd740</value>
         <object_component_ref idref="oc-dc"/>
      </symbol>
      <symbol id="sm-534">
         <name>SpiReceiveHandler</name>
         <value>0xded6</value>
         <object_component_ref idref="oc-f8"/>
      </symbol>
      <symbol id="sm-535">
         <name>ulCC3000Connected</name>
         <value>0x1d46</value>
         <object_component_ref idref="oc-ae"/>
      </symbol>
      <symbol id="sm-536">
         <name>battLow</name>
         <value>0x1d88</value>
         <object_component_ref idref="oc-ae"/>
      </symbol>
      <symbol id="sm-537">
         <name>_unlock</name>
         <value>0x1de8</value>
         <object_component_ref idref="oc-b5"/>
      </symbol>
      <symbol id="sm-538">
         <name>ulCC3000DHCP_configured</name>
         <value>0x1d52</value>
         <object_component_ref idref="oc-ae"/>
      </symbol>
      <symbol id="sm-539">
         <name>STATE</name>
         <value>0x1d84</value>
         <object_component_ref idref="oc-ae"/>
      </symbol>
      <symbol id="sm-53a">
         <name>ConnectToServer</name>
         <value>0xd85e</value>
         <object_component_ref idref="oc-e2"/>
      </symbol>
      <symbol id="sm-53b">
         <name>wlan_tx_buffer</name>
         <value>0xc284</value>
         <object_component_ref idref="oc-b1"/>
      </symbol>
      <symbol id="sm-53c">
         <name>pio_init</name>
         <value>0xd696</value>
         <object_component_ref idref="oc-e3"/>
      </symbol>
      <symbol id="sm-53d">
         <name>hci_command_send</name>
         <value>0xdf60</value>
         <object_component_ref idref="oc-e8"/>
      </symbol>
      <symbol id="sm-53e">
         <name>printOnce</name>
         <value>0x1d68</value>
         <object_component_ref idref="oc-ae"/>
      </symbol>
      <symbol id="sm-53f">
         <name>OkToDoShutDown</name>
         <value>0x1d4e</value>
         <object_component_ref idref="oc-ae"/>
      </symbol>
      <symbol id="sm-540">
         <name>spi_buffer</name>
         <value>0xc200</value>
         <object_component_ref idref="oc-b1"/>
      </symbol>
      <symbol id="sm-541">
         <name>hci_unsol_event_handler</name>
         <value>0xcb12</value>
         <object_component_ref idref="oc-fb"/>
      </symbol>
      <symbol id="sm-542">
         <name>initDriver</name>
         <value>0xd444</value>
         <object_component_ref idref="oc-de"/>
      </symbol>
      <symbol id="sm-543">
         <name>connect</name>
         <value>0xd94e</value>
         <object_component_ref idref="oc-ef"/>
      </symbol>
      <symbol id="sm-544">
         <name>ucStopSmartConfig</name>
         <value>0x1d56</value>
         <object_component_ref idref="oc-ae"/>
      </symbol>
      <symbol id="sm-545">
         <name>set_socket_active_status</name>
         <value>0xdb4e</value>
         <object_component_ref idref="oc-fc"/>
      </symbol>
      <symbol id="sm-546">
         <name>wlan_start</name>
         <value>0xd294</value>
         <object_component_ref idref="oc-e5"/>
      </symbol>
      <symbol id="sm-547">
         <name>wlan_init</name>
         <value>0xdcf4</value>
         <object_component_ref idref="oc-e4"/>
      </symbol>
      <symbol id="sm-548">
         <name>turnLedOn</name>
         <value>0xda86</value>
         <object_component_ref idref="oc-e6"/>
      </symbol>
      <symbol id="sm-549">
         <name>ulSmartConfigFinished</name>
         <value>0x1d42</value>
         <object_component_ref idref="oc-ae"/>
      </symbol>
      <symbol id="sm-54a">
         <name>CC3000_UsynchCallback</name>
         <value>0xd372</value>
         <object_component_ref idref="oc-f7"/>
      </symbol>
      <symbol id="sm-54b">
         <name>SpiReadDataSynchronous</name>
         <value>0xdd3a</value>
         <object_component_ref idref="oc-db"/>
      </symbol>
      <symbol id="sm-54c">
         <name>ADC10routine</name>
         <value>0xd510</value>
         <object_component_ref idref="oc-e1"/>
      </symbol>
      <symbol id="sm-54d">
         <name>_system_pre_init</name>
         <value>0xe17a</value>
         <object_component_ref idref="oc-d6"/>
      </symbol>
      <symbol id="sm-54e">
         <name>g_ucUARTBuffer</name>
         <value>0x1d8c</value>
         <object_component_ref idref="oc-ad"/>
      </symbol>
      <symbol id="sm-54f">
         <name>WlanInterruptDisable</name>
         <value>0xe170</value>
         <object_component_ref idref="oc-f5"/>
      </symbol>
      <symbol id="sm-550">
         <name>sendBootLoaderPatch</name>
         <value>0xe14a</value>
         <object_component_ref idref="oc-f2"/>
      </symbol>
      <symbol id="sm-551">
         <name>hci_patch_send</name>
         <value>0xd0b4</value>
         <object_component_ref idref="oc-102"/>
      </symbol>
      <symbol id="sm-58f">
         <name>__TI_printfi_minimal</name>
         <value>0xd5d6</value>
         <object_component_ref idref="oc-105"/>
      </symbol>
      <symbol id="sm-5b1">
         <name>memccpy</name>
         <value>0xe034</value>
         <object_component_ref idref="oc-10a"/>
      </symbol>
   </symbol_table>
   <title>Link successful</title>
</link_info>
