******************************************************************************
                  MSP430 Linker PC v4.1.9                      
******************************************************************************
>> Linked Tue Mar 25 19:58:51 2014

OUTPUT FILE NAME:   <BasicWiFi Application.out>
ENTRY POINT SYMBOL: "_c_int00"  address: 0000eae4


MEMORY CONFIGURATION

         name            origin    length      used     unused   attr    fill
----------------------  --------  ---------  --------  --------  ----  --------
  SFR                   00000000   00000010  00000000  00000010  RWIX
  PERIPHERALS_8BIT      00000010   000000f0  00000000  000000f0  RWIX
  PERIPHERALS_16BIT     00000100   00000100  00000000  00000100  RWIX
  INFOB                 00001800   00000080  00000000  00000080  RWIX
  INFOA                 00001880   00000080  00000000  00000080  RWIX
  RAM                   00001c00   00000400  00000374  0000008c  RWIX
  FRAM_DATA             0000c200   00000400  00000108  000002f8  RWIX
  FRAM                  0000c600   00003980  00002868  00001118  RWIX
  SIGNATURE             0000ff88   00000008  00000000  00000008  RWIX
  INT00                 0000ff90   00000002  00000000  00000002  RWIX
  INT01                 0000ff92   00000002  00000000  00000002  RWIX
  INT02                 0000ff94   00000002  00000000  00000002  RWIX
  INT03                 0000ff96   00000002  00000000  00000002  RWIX
  INT04                 0000ff98   00000002  00000000  00000002  RWIX
  INT05                 0000ff9a   00000002  00000000  00000002  RWIX
  INT06                 0000ff9c   00000002  00000000  00000002  RWIX
  INT07                 0000ff9e   00000002  00000000  00000002  RWIX
  INT08                 0000ffa0   00000002  00000000  00000002  RWIX
  INT09                 0000ffa2   00000002  00000000  00000002  RWIX
  INT10                 0000ffa4   00000002  00000000  00000002  RWIX
  INT11                 0000ffa6   00000002  00000000  00000002  RWIX
  INT12                 0000ffa8   00000002  00000000  00000002  RWIX
  INT13                 0000ffaa   00000002  00000000  00000002  RWIX
  INT14                 0000ffac   00000002  00000000  00000002  RWIX
  INT15                 0000ffae   00000002  00000000  00000002  RWIX
  INT16                 0000ffb0   00000002  00000000  00000002  RWIX
  INT17                 0000ffb2   00000002  00000000  00000002  RWIX
  INT18                 0000ffb4   00000002  00000000  00000002  RWIX
  INT19                 0000ffb6   00000002  00000000  00000002  RWIX
  INT20                 0000ffb8   00000002  00000000  00000002  RWIX
  INT21                 0000ffba   00000002  00000000  00000002  RWIX
  INT22                 0000ffbc   00000002  00000000  00000002  RWIX
  INT23                 0000ffbe   00000002  00000000  00000002  RWIX
  INT24                 0000ffc0   00000002  00000000  00000002  RWIX
  INT25                 0000ffc2   00000002  00000000  00000002  RWIX
  INT26                 0000ffc4   00000002  00000000  00000002  RWIX
  INT27                 0000ffc6   00000002  00000000  00000002  RWIX
  INT28                 0000ffc8   00000002  00000000  00000002  RWIX
  INT29                 0000ffca   00000002  00000000  00000002  RWIX
  INT30                 0000ffcc   00000002  00000000  00000002  RWIX
  INT31                 0000ffce   00000002  00000002  00000000  RWIX
  INT32                 0000ffd0   00000002  00000002  00000000  RWIX
  INT33                 0000ffd2   00000002  00000002  00000000  RWIX
  INT34                 0000ffd4   00000002  00000002  00000000  RWIX
  INT35                 0000ffd6   00000002  00000002  00000000  RWIX
  INT36                 0000ffd8   00000002  00000002  00000000  RWIX
  INT37                 0000ffda   00000002  00000002  00000000  RWIX
  INT38                 0000ffdc   00000002  00000002  00000000  RWIX
  INT39                 0000ffde   00000002  00000002  00000000  RWIX
  INT40                 0000ffe0   00000002  00000002  00000000  RWIX
  INT41                 0000ffe2   00000002  00000002  00000000  RWIX
  INT42                 0000ffe4   00000002  00000002  00000000  RWIX
  INT43                 0000ffe6   00000002  00000002  00000000  RWIX
  INT44                 0000ffe8   00000002  00000002  00000000  RWIX
  INT45                 0000ffea   00000002  00000002  00000000  RWIX
  INT46                 0000ffec   00000002  00000002  00000000  RWIX
  INT47                 0000ffee   00000002  00000002  00000000  RWIX
  INT48                 0000fff0   00000002  00000002  00000000  RWIX
  INT49                 0000fff2   00000002  00000002  00000000  RWIX
  INT50                 0000fff4   00000002  00000002  00000000  RWIX
  INT51                 0000fff6   00000002  00000002  00000000  RWIX
  INT52                 0000fff8   00000002  00000002  00000000  RWIX
  INT53                 0000fffa   00000002  00000002  00000000  RWIX
  INT54                 0000fffc   00000002  00000002  00000000  RWIX
  RESET                 0000fffe   00000002  00000002  00000000  RWIX


SECTION ALLOCATION MAP

 output                                  attributes/
section   page    origin      length       input sections
--------  ----  ----------  ----------   ----------------
.bss       0    00001c00    00000204     UNINITIALIZED
                  00001c00    000000b0     CC3000HostDriver.lib : security.obj (.bss)
                  00001cb0    00000092                          : wlan.obj (.bss)
                  00001d42    00000048     basic_wifi_application.obj (.bss)
                  00001d8a    00000044     HyperTerminal Driver.lib : dispatcher.obj (.bss)
                  00001dce    00000016     CC3000 Spi.lib : spi.obj (.bss)
                  00001de4    00000008     rts430x.lib : _lock.obj (.bss)
                  00001dec    00000008                 : boot.obj (.bss)
                  00001df4    00000006     coms.obj (.bss)
                  00001dfa    00000004     CC3000HostDriver.lib : evnt_handler.obj (.bss)
                  00001dfe    00000002     board.obj (.bss)
                  00001e00    00000002     buffer.obj (.bss)
                  00001e02    00000002     rts430x.lib : errno.obj (.bss)

.data      0    00001c00    00000000     UNINITIALIZED

.stack     0    00001e90    00000170     UNINITIALIZED
                  00001e90    00000002     rts430x.lib : boot.obj (.stack)
                  00001e92    0000016e     --HOLE--

.FRAM_DATA 
*          0    0000c200    00000108     UNINITIALIZED
                  0000c200    00000108     CC3000 Spi.lib : spi.obj (.FRAM_DATA)

.cio       0    0000c600    00000000     UNINITIALIZED

.sysmem    0    0000c600    00000000     UNINITIALIZED

.uid       0    0000c600    00000002     UNINITIALIZED
                  0000c600    00000002     coms.obj (.uid)

.readings 
*          0    0000c602    0000001e     UNINITIALIZED
                  0000c602    0000001e     buffer.obj (.readings)

.cinit     0    0000c800    00000068     
                  0000c800    00000028     basic_wifi_application.obj (.cinit)
                  0000c828    00000014     coms.obj (.cinit)
                  0000c83c    00000009     CC3000 Spi.lib : spi.obj (.cinit)
                  0000c845    00000001     --HOLE-- [fill = 0]
                  0000c846    00000008     CC3000HostDriver.lib : evnt_handler.obj (.cinit)
                  0000c84e    00000006     HyperTerminal Driver.lib : dispatcher.obj (.cinit)
                  0000c854    00000006     board.obj (.cinit)
                  0000c85a    00000006     buffer.obj (.cinit)
                  0000c860    00000006     rts430x.lib : errno.obj (.cinit)
                  0000c866    00000002     --HOLE-- [fill = 0]

.pinit     0    0000c868    00000000     UNINITIALIZED

.init_array 
*          0    0000c868    00000000     UNINITIALIZED

.mspabi.exidx 
*          0    0000c868    00000000     UNINITIALIZED

.mspabi.extab 
*          0    0000c868    00000000     UNINITIALIZED

.const     0    0000c868    00000042     
                  0000c868    00000018     CC3000HostDriver.lib : wlan.obj (.const:.string)
                  0000c880    00000014     rts430x.lib : _printfi_min.obj (.const:.string)
                  0000c894    00000012     basic_wifi_application.obj (.const:.string)
                  0000c8a6    00000004     CC3000HostDriver.lib : wlan.obj (.const:.string:$P$T0$1)

.text      0    0000ca00    00002468     
                  0000ca00    0000031c     CC3000HostDriver.lib : evnt_handler.obj (.text:hci_event_handler)
                  0000cd1c    0000027c                          : evnt_handler.obj (.text:hci_unsol_event_handler)
                  0000cf98    000001a4                          : socket.obj (.text:simple_link_send)
                  0000d13c    0000015a     basic_wifi_application.obj (.text:main)
                  0000d296    0000013e     coms.obj (.text:CreateReadingsRaw)
                  0000d3d4    0000012e     CC3000HostDriver.lib : wlan.obj (.text:wlan_connect)
                  0000d502    0000011a     coms.obj (.text:ProcessConfirmRaw)
                  0000d61c    0000010e     rts430x.lib : _printfi_min.obj (.text:_setfield)
                  0000d72a    00000102     basic_wifi_application.obj (.text:CC3000_UsynchCallback)
                  0000d82c    000000da     buffer.obj (.text:SortReadings)
                  0000d906    000000d8     CC3000HostDriver.lib : hci.obj (.text:hci_patch_send)
                  0000d9de    000000ca     CC3000 Spi.lib : spi.obj (.text:SpiWrite)
                  0000daa8    000000c4     CC3000HostDriver.lib : wlan.obj (.text:wlan_start)
                  0000db6c    000000c0     rts430x.lib : _printfi_min.obj (.text:_printfi_minimal)
                  0000dc2c    00000098     buffer.obj (.text:RemoveTime)
                  0000dcc4    00000096     CC3000HostDriver.lib : evnt_handler.obj (.text:hci_unsol_handle_patch_request)
                  0000dd5a    0000008e                          : socket.obj (.text:simple_link_recv)
                  0000dde8    0000008a     basic_wifi_application.obj (.text:ADC10routine)
                  0000de72    00000088     CC3000HostDriver.lib : wlan.obj (.text:ConnectToServer)
                  0000defa    00000084     board.obj (.text:pio_init)
                  0000df7e    0000007c     CC3000 Spi.lib : spi.obj (.text:_isr:IntSpiGPIOHandler)
                  0000dffa    0000007a                    : spi.obj (.text:SpiReadDataCont)
                  0000e074    00000074     board.obj (.text:turnLedOff)
                  0000e0e8    00000074     board.obj (.text:turnLedOn)
                  0000e15c    00000074     CC3000HostDriver.lib : wlan.obj (.text:wlan_set_event_mask)
                  0000e1d0    00000072                          : wlan.obj (.text:ConnectToAP)
                  0000e242    0000006e                          : socket.obj (.text:socket)
                  0000e2b0    0000006c     basic_wifi_application.obj (.text:initDriver)
                  0000e31c    00000068     CC3000HostDriver.lib : socket.obj (.text:connect)
                  0000e384    0000005e                          : evnt_handler.obj (.text:set_socket_active_status)
                  0000e3e2    00000054                          : socket.obj (.text:closesocket)
                  0000e436    00000052     buffer.obj (.text:AddReading)
                  0000e488    00000052     rts430x.lib : _printfi_min.obj (.text:_ltostr)
                  0000e4da    0000004c     buffer.obj (.text:FindTime)
                  0000e526    0000004c     CC3000HostDriver.lib : socket.obj (.text:HostFlowControlConsumeBuff)
                  0000e572    0000004c     rts430x.lib : _printfi_min.obj (.text:_pproc_diouxp)
                  0000e5be    00000048                 : autoinit.obj (.text:_auto_init)
                  0000e606    00000046     CC3000 Spi.lib : spi.obj (.text:SpiFirstWrite)
                  0000e64c    00000044                    : spi.obj (.text:SpiReadDataSynchronous)
                  0000e690    00000040     rts430x.lib : _printfi_min.obj (.text:_pproc_str)
                  0000e6d0    00000040     CC3000HostDriver.lib : evnt_handler.obj (.text:get_socket_active_status)
                  0000e710    00000040                          : hci.obj (.text:hci_data_send)
                  0000e750    0000003e     rts430x.lib : lsl32.obj (.text:l_lsl_const)
                  0000e78e    0000003e                 : lsr32.obj (.text:l_lsr_const)
                  0000e7cc    0000003c     CC3000HostDriver.lib : socket.obj (.text:send)
                  0000e808    0000003a                          : socket.obj (.text:recv)
                  0000e842    0000003a                          : wlan.obj (.text:wlan_init)
                  0000e87c    00000038     rts430x.lib : sprintf.obj (.text:sprintf)
                  0000e8b4    00000036     HyperTerminal Driver.lib : dispatcher.obj (.text:_isr:USCI_A0_ISR)
                  0000e8ea    00000034     CC3000HostDriver.lib : evnt_handler.obj (.text:hci_unsolicited_event_handler)
                  0000e91e    00000034     CC3000 Spi.lib : spi.obj (.text:init_spi)
                  0000e952    00000030     CC3000HostDriver.lib : cc3000_common.obj (.text:STREAM_TO_UINT32_f)
                  0000e982    0000002e     HyperTerminal Driver.lib : dispatcher.obj (.text:DispatcherUARTConfigure)
                  0000e9b0    0000002e     rts430x.lib : _printfi_min.obj (.text:_getarg_diouxp)
                  0000e9de    0000002e     basic_wifi_application.obj (.text:_isr:ADC10_read_In)
                  0000ea0c    0000002c     CC3000 Spi.lib : spi.obj (.text:SpiOpen)
                  0000ea38    0000002c     CC3000HostDriver.lib : hci.obj (.text:hci_command_send)
                  0000ea64    0000002c     rts430x.lib : div16s.obj (.text)
                  0000ea90    0000002a     buffer.obj (.text:GetReading)
                  0000eaba    0000002a     CC3000 Spi.lib : spi.obj (.text:SpiWriteDataSynchronous)
                  0000eae4    0000002a     rts430x.lib : boot.obj (.text:_isr:_c_int00_noexit)
                  0000eb0e    00000028     CC3000HostDriver.lib : cc3000_common.obj (.text:UINT32_TO_STREAM_f)
                  0000eb36    00000026     CC3000 Spi.lib : spi.obj (.text:SpiTriggerRxProcessing)
                  0000eb5c    00000026     CC3000HostDriver.lib : socket.obj (.text:inet_aton)
                  0000eb82    00000022     board.obj (.text:SleepOneSecond)
                  0000eba4    00000020     board.obj (.text:wakeup_timer_init)
                  0000ebc4    0000001e     basic_wifi_application.obj (.text:setADC10)
                  0000ebe2    0000001e     basic_wifi_application.obj (.text:setPins)
                  0000ec00    0000001c     rts430x.lib : memccpy.obj (.text:memccpy)
                  0000ec1c    0000001a     board.obj (.text:WriteWlanPin)
                  0000ec36    0000001a     rts430x.lib : _printfi_min.obj (.text:_div)
                  0000ec50    0000001a     board.obj (.text:initLEDs)
                  0000ec6a    0000001a     basic_wifi_application.obj (.text:setClocks)
                  0000ec84    00000018     rts430x.lib : sprintf.obj (.text:_outs)
                  0000ec9c    00000018     board.obj (.text:initClk)
                  0000ecb4    00000018     basic_wifi_application.obj (.text:setTimers)
                  0000eccc    00000016     basic_wifi_application.obj (.text:_isr:Timer__Off)
                  0000ece2    00000016     basic_wifi_application.obj (.text:killSocket)
                  0000ecf8    00000016     rts430x.lib : div16u.obj (.text)
                  0000ed0e    00000016                 : mult16_f5hw.obj (.text)
                  0000ed24    00000014                 : memset.obj (.text:memset)
                  0000ed38    00000012                 : sprintf.obj (.text:_outc)
                  0000ed4a    00000012                 : memcpy.obj (.text:memcpy)
                  0000ed5c    00000012     basic_wifi_application.obj (.text:sendBootLoaderPatch)
                  0000ed6e    00000012     basic_wifi_application.obj (.text:sendDriverPatch)
                  0000ed80    00000012     basic_wifi_application.obj (.text:sendWLFWPatch)
                  0000ed92    00000010     CC3000HostDriver.lib : cc3000_common.obj (.text:STREAM_TO_UINT16_f)
                  0000eda2    00000010                          : evnt_handler.obj (.text:SimpleLinkWaitEvent)
                  0000edb2    00000010                          : cc3000_common.obj (.text:UINT16_TO_STREAM_f)
                  0000edc2    00000010     board.obj (.text:WlanInterruptEnable)
                  0000edd2    00000010     rts430x.lib : asr32.obj (.text:l_asr)
                  0000ede2    00000010                 : lsl32.obj (.text:l_lsl)
                  0000edf2    0000000e     buffer.obj (.text:RemoveOldestTime)
                  0000ee00    0000000e     rts430x.lib : strlen.obj (.text:strlen)
                  0000ee0e    0000000c     CC3000HostDriver.lib : wlan.obj (.text:SpiReceiveHandler)
                  0000ee1a    0000000a     board.obj (.text:ReadWlanInterruptPin)
                  0000ee24    0000000a     board.obj (.text:_isr:TIMER1_A0_ISR)
                  0000ee2e    0000000a     rts430x.lib : asr16.obj (.text)
                  0000ee38    0000000a                 : lsl16.obj (.text)
                  0000ee42    00000008     CC3000HostDriver.lib : evnt_handler.obj (.text:SimpleLinkWaitData)
                  0000ee4a    00000006     CC3000 Spi.lib : spi.obj (.text:SpiResumeSpi)
                  0000ee50    00000006     board.obj (.text:WlanInterruptDisable)
                  0000ee56    00000004     coms.obj (.text:LowBattery)
                  0000ee5a    00000004     board.obj (.text:_isr:Trap_ISR)
                  0000ee5e    00000004     rts430x.lib : pre_init.obj (.text:_system_pre_init)
                  0000ee62    00000004                 : exit.obj (.text:abort)
                  0000ee66    00000002                 : _lock.obj (.text:_nop)

RTC        0    0000ffce    00000002     
                  0000ffce    00000002     board.obj (.int31)

PORT4      0    0000ffd0    00000002     
                  0000ffd0    00000002     board.obj (.int32)

PORT3      0    0000ffd2    00000002     
                  0000ffd2    00000002     board.obj (.int33)

TIMER2_B1 
*          0    0000ffd4    00000002     
                  0000ffd4    00000002     board.obj (.int34)

TIMER2_B0 
*          0    0000ffd6    00000002     
                  0000ffd6    00000002     board.obj (.int35)

PORT2      0    0000ffd8    00000002     
                  0000ffd8    00000002     CC3000 Spi.lib : spi.obj (.int36)

TIMER1_B1 
*          0    0000ffda    00000002     
                  0000ffda    00000002     board.obj (.int37)

TIMER1_B0 
*          0    0000ffdc    00000002     
                  0000ffdc    00000002     board.obj (.int38)

PORT1      0    0000ffde    00000002     
                  0000ffde    00000002     board.obj (.int39)

TIMER1_A1 
*          0    0000ffe0    00000002     
                  0000ffe0    00000002     board.obj (.int40)

TIMER1_A0 
*          0    0000ffe2    00000002     
                  0000ffe2    00000002     board.obj (.int41)

DMA        0    0000ffe4    00000002     
                  0000ffe4    00000002     board.obj (.int42)

USCI_A1    0    0000ffe6    00000002     
                  0000ffe6    00000002     board.obj (.int43)

TIMER0_A1 
*          0    0000ffe8    00000002     
                  0000ffe8    00000002     board.obj (.int44)

TIMER0_A0 
*          0    0000ffea    00000002     
                  0000ffea    00000002     basic_wifi_application.obj (.int45)

ADC10      0    0000ffec    00000002     
                  0000ffec    00000002     basic_wifi_application.obj (.int46)

USCI_B0    0    0000ffee    00000002     
                  0000ffee    00000002     board.obj (.int47)

USCI_A0    0    0000fff0    00000002     
                  0000fff0    00000002     HyperTerminal Driver.lib : dispatcher.obj (.int48)

WDT        0    0000fff2    00000002     
                  0000fff2    00000002     board.obj (.int49)

TIMER0_B1 
*          0    0000fff4    00000002     
                  0000fff4    00000002     board.obj (.int50)

TIMER0_B0 
*          0    0000fff6    00000002     
                  0000fff6    00000002     board.obj (.int51)

COMP_D     0    0000fff8    00000002     
                  0000fff8    00000002     board.obj (.int52)

UNMI       0    0000fffa    00000002     
                  0000fffa    00000002     board.obj (.int53)

SYSNMI     0    0000fffc    00000002     
                  0000fffc    00000002     board.obj (.int54)

.reset     0    0000fffe    00000002     
                  0000fffe    00000002     rts430x.lib : boot.obj (.reset)


GLOBAL SYMBOLS: SORTED ALPHABETICALLY BY Name 

address    name
--------   ----
00001c00   .bss
00001c00   .data
0000ca00   .text
00000700   ADC10CTL0
00000701   ADC10CTL0_H
00000700   ADC10CTL0_L
00000702   ADC10CTL1
00000703   ADC10CTL1_H
00000702   ADC10CTL1_L
00000704   ADC10CTL2
00000705   ADC10CTL2_H
00000704   ADC10CTL2_L
00000708   ADC10HI
00000709   ADC10HI_H
00000708   ADC10HI_L
0000071a   ADC10IE
0000071b   ADC10IE_H
0000071a   ADC10IE_L
0000071c   ADC10IFG
0000071d   ADC10IFG_H
0000071c   ADC10IFG_L
0000071e   ADC10IV
0000071f   ADC10IV_H
0000071e   ADC10IV_L
00000706   ADC10LO
00000707   ADC10LO_H
00000706   ADC10LO_L
0000070a   ADC10MCTL0
0000070b   ADC10MCTL0_H
0000070a   ADC10MCTL0_L
00000712   ADC10MEM0
00000713   ADC10MEM0_H
00000712   ADC10MEM0_L
00001d86   ADC10_READING
0000e9de   ADC10_read_In
0000dde8   ADC10routine
0000e436   AddReading
000004be   BCD2BIN
000004bc   BIN2BCD
0000ee62   C$$EXIT
0000d72a   CC3000_UsynchCallback
000008c0   CDCTL0
000008c1   CDCTL0_H
000008c0   CDCTL0_L
000008c2   CDCTL1
000008c3   CDCTL1_H
000008c2   CDCTL1_L
000008c4   CDCTL2
000008c5   CDCTL2_H
000008c4   CDCTL2_L
000008c6   CDCTL3
000008c7   CDCTL3_H
000008c6   CDCTL3_L
000008cc   CDINT
000008cd   CDINT_H
000008cc   CDINT_L
000008ce   CDIV
000008cf   CDIV_H
000008ce   CDIV_L
00000150   CRCDI
00000152   CRCDIRB
00000153   CRCDIRB_H
00000152   CRCDIRB_L
00000151   CRCDI_H
00000150   CRCDI_L
00000154   CRCINIRES
00000155   CRCINIRES_H
00000154   CRCINIRES_L
00000156   CRCRESR
00000157   CRCRESR_H
00000156   CRCRESR_L
00000160   CSCTL0
00000161   CSCTL0_H
00000160   CSCTL0_L
00000162   CSCTL1
00000163   CSCTL1_H
00000162   CSCTL1_L
00000164   CSCTL2
00000165   CSCTL2_H
00000164   CSCTL2_L
00000166   CSCTL3
00000167   CSCTL3_H
00000166   CSCTL3_L
00000168   CSCTL4
00000169   CSCTL4_H
00000168   CSCTL4_L
0000016a   CSCTL5
0000016b   CSCTL5_H
0000016a   CSCTL5_L
0000016c   CSCTL6
0000016d   CSCTL6_H
0000016c   CSCTL6_L
0000e1d0   ConnectToAP
0000de72   ConnectToServer
0000d296   CreateReadingsRaw
00000510   DMA0CTL
00000511   DMA0CTL_H
00000510   DMA0CTL_L
00000516   DMA0DA
00000516   DMA0DAL
00000512   DMA0SA
00000512   DMA0SAL
0000051a   DMA0SZ
00000520   DMA1CTL
00000521   DMA1CTL_H
00000520   DMA1CTL_L
00000526   DMA1DA
00000526   DMA1DAL
00000522   DMA1SA
00000522   DMA1SAL
0000052a   DMA1SZ
00000530   DMA2CTL
00000531   DMA2CTL_H
00000530   DMA2CTL_L
00000536   DMA2DA
00000536   DMA2DAL
00000532   DMA2SA
00000532   DMA2SAL
0000053a   DMA2SZ
00000500   DMACTL0
00000501   DMACTL0_H
00000500   DMACTL0_L
00000502   DMACTL1
00000503   DMACTL1_H
00000502   DMACTL1_L
00000504   DMACTL2
00000505   DMACTL2_H
00000504   DMACTL2_L
00000506   DMACTL3
00000507   DMACTL3_H
00000506   DMACTL3_L
00000508   DMACTL4
00000509   DMACTL4_H
00000508   DMACTL4_L
0000050e   DMAIV
0000050f   DMAIV_H
0000050e   DMAIV_L
0000e982   DispatcherUARTConfigure
00000140   FRCTL0
00000141   FRCTL0_H
00000140   FRCTL0_L
0000e4da   FindTime
00000144   GCCTL0
00000145   GCCTL0_H
00000144   GCCTL0_L
00000146   GCCTL1
00000147   GCCTL1_H
00000146   GCCTL1_L
0000ea90   GetReading
0000e526   HostFlowControlConsumeBuff
0000ee2e   I_ASR
0000ee38   I_LSL
0000df7e   IntSpiGPIOHandler
0000edd2   L_ASR
0000ede2   L_LSL
0000e788   L_LSL_1
0000e764   L_LSL_10
0000e760   L_LSL_11
0000e75c   L_LSL_12
0000e758   L_LSL_13
0000e754   L_LSL_14
0000e750   L_LSL_15
0000e784   L_LSL_2
0000e780   L_LSL_3
0000e77c   L_LSL_4
0000e778   L_LSL_5
0000e774   L_LSL_6
0000e770   L_LSL_7
0000e76c   L_LSL_8
0000e768   L_LSL_9
0000e7c6   L_LSR_1
0000e7a2   L_LSR_10
0000e79e   L_LSR_11
0000e79a   L_LSR_12
0000e796   L_LSR_13
0000e792   L_LSR_14
0000e78e   L_LSR_15
0000e7c2   L_LSR_2
0000e7be   L_LSR_3
0000e7ba   L_LSR_4
0000e7b6   L_LSR_5
0000e7b2   L_LSR_6
0000e7ae   L_LSR_7
0000e7aa   L_LSR_8
0000e7a6   L_LSR_9
0000ee56   LowBattery
000004c4   MAC
000004da   MAC32H
000004db   MAC32H_H
000004da   MAC32H_L
000004d8   MAC32L
000004d9   MAC32L_H
000004d8   MAC32L_L
000004c6   MACS
000004de   MACS32H
000004df   MACS32H_H
000004de   MACS32H_L
000004dc   MACS32L
000004dd   MACS32L_H
000004dc   MACS32L_L
000004c7   MACS_H
000004c6   MACS_L
000004c5   MAC_H
000004c4   MAC_L
000005a0   MPUCTL0
000005a1   MPUCTL0_H
000005a0   MPUCTL0_L
000005a2   MPUCTL1
000005a3   MPUCTL1_H
000005a2   MPUCTL1_L
000005a6   MPUSAM
000005a7   MPUSAM_H
000005a6   MPUSAM_L
000005a4   MPUSEG
000005a5   MPUSEG_H
000005a4   MPUSEG_L
000004c0   MPY
000004ec   MPY32CTL0
000004ed   MPY32CTL0_H
000004ec   MPY32CTL0_L
000004d2   MPY32H
000004d3   MPY32H_H
000004d2   MPY32H_L
000004d0   MPY32L
000004d1   MPY32L_H
000004d0   MPY32L_L
000004c2   MPYS
000004d6   MPYS32H
000004d7   MPYS32H_H
000004d6   MPYS32H_L
000004d4   MPYS32L
000004d5   MPYS32L_H
000004d4   MPYS32L_L
000004c3   MPYS_H
000004c2   MPYS_L
000004c1   MPY_H
000004c0   MPY_L
000004c8   OP2
000004e2   OP2H
000004e3   OP2H_H
000004e2   OP2H_L
000004e0   OP2L
000004e1   OP2L_H
000004e0   OP2L_L
000004c9   OP2_H
000004c8   OP2_L
00001d4e   OkToDoShutDown
0000020e   P1IV
0000021e   P2IV
0000022e   P3IV
0000023e   P4IV
00000204   PADIR
00000205   PADIR_H
00000204   PADIR_L
0000021a   PAIE
00000218   PAIES
00000219   PAIES_H
00000218   PAIES_L
0000021b   PAIE_H
0000021a   PAIE_L
0000021c   PAIFG
0000021d   PAIFG_H
0000021c   PAIFG_L
00000200   PAIN
00000201   PAIN_H
00000200   PAIN_L
00000202   PAOUT
00000203   PAOUT_H
00000202   PAOUT_L
00000206   PAREN
00000207   PAREN_H
00000206   PAREN_L
0000020a   PASEL0
0000020b   PASEL0_H
0000020a   PASEL0_L
0000020c   PASEL1
0000020d   PASEL1_H
0000020c   PASEL1_L
00000216   PASELC
00000217   PASELC_H
00000216   PASELC_L
00000224   PBDIR
00000225   PBDIR_H
00000224   PBDIR_L
0000023a   PBIE
00000238   PBIES
00000239   PBIES_H
00000238   PBIES_L
0000023b   PBIE_H
0000023a   PBIE_L
0000023c   PBIFG
0000023d   PBIFG_H
0000023c   PBIFG_L
00000220   PBIN
00000221   PBIN_H
00000220   PBIN_L
00000222   PBOUT
00000223   PBOUT_H
00000222   PBOUT_L
00000226   PBREN
00000227   PBREN_H
00000226   PBREN_L
0000022a   PBSEL0
0000022b   PBSEL0_H
0000022a   PBSEL0_L
0000022c   PBSEL1
0000022d   PBSEL1_H
0000022c   PBSEL1_L
00000236   PBSELC
00000237   PBSELC_H
00000236   PBSELC_L
00000324   PJDIR
00000325   PJDIR_H
00000324   PJDIR_L
00000320   PJIN
00000321   PJIN_H
00000320   PJIN_L
00000322   PJOUT
00000323   PJOUT_H
00000322   PJOUT_L
00000326   PJREN
00000327   PJREN_H
00000326   PJREN_L
0000032a   PJSEL0
0000032b   PJSEL0_H
0000032a   PJSEL0_L
0000032c   PJSEL1
0000032d   PJSEL1_H
0000032c   PJSEL1_L
00000336   PJSELC
00000337   PJSELC_H
00000336   PJSELC_L
00000130   PM5CTL0
00000131   PM5CTL0_H
00000130   PM5CTL0_L
00000120   PMMCTL0
00000121   PMMCTL0_H
00000120   PMMCTL0_L
0000012a   PMMIFG
0000012b   PMMIFG_H
0000012a   PMMIFG_L
0000d502   ProcessConfirmRaw
000001b0   REFCTL0
000001b1   REFCTL0_H
000001b0   REFCTL0_L
000004e4   RES0
000004e5   RES0_H
000004e4   RES0_L
000004e6   RES1
000004e7   RES1_H
000004e6   RES1_L
000004e8   RES2
000004e9   RES2_H
000004e8   RES2_L
000004ea   RES3
000004eb   RES3_H
000004ea   RES3_L
000004cc   RESHI
000004cd   RESHI_H
000004cc   RESHI_L
000004ca   RESLO
000004cb   RESLO_H
000004ca   RESLO_L
000004ba   RTCADOWDAY
000004bb   RTCADOWDAY_H
000004ba   RTCADOWDAY_L
000004b8   RTCAMINHR
000004b9   RTCAMINHR_H
000004b8   RTCAMINHR_L
000004a0   RTCCTL01
000004a1   RTCCTL01_H
000004a0   RTCCTL01_L
000004a2   RTCCTL23
000004a3   RTCCTL23_H
000004a2   RTCCTL23_L
000004b4   RTCDATE
000004b5   RTCDATE_H
000004b4   RTCDATE_L
000004ae   RTCIV
000004ac   RTCPS
000004a8   RTCPS0CTL
000004a9   RTCPS0CTL_H
000004a8   RTCPS0CTL_L
000004aa   RTCPS1CTL
000004ab   RTCPS1CTL_H
000004aa   RTCPS1CTL_L
000004ad   RTCPS_H
000004ac   RTCPS_L
000004b0   RTCTIM0
000004b1   RTCTIM0_H
000004b0   RTCTIM0_L
000004b2   RTCTIM1
000004b3   RTCTIM1_H
000004b2   RTCTIM1_L
000004b6   RTCYEAR
000004b7   RTCYEAR_H
000004b6   RTCYEAR_L
0000ee1a   ReadWlanInterruptPin
0000edf2   RemoveOldestTime
0000dc2c   RemoveTime
00000100   SFRIE1
00000101   SFRIE1_H
00000100   SFRIE1_L
00000102   SFRIFG1
00000103   SFRIFG1_H
00000102   SFRIFG1_L
00000104   SFRRPCR
00000105   SFRRPCR_H
00000104   SFRRPCR_L
00001d84   STATE
0000ed92   STREAM_TO_UINT16_f
0000e952   STREAM_TO_UINT32_f
000004ce   SUMEXT
000004cf   SUMEXT_H
000004ce   SUMEXT_L
00000198   SYSBERRIV
00000199   SYSBERRIV_H
00000198   SYSBERRIV_L
00000182   SYSBSLC
00000183   SYSBSLC_H
00000182   SYSBSLC_L
00000180   SYSCTL
00000181   SYSCTL_H
00000180   SYSCTL_L
00000186   SYSJMBC
00000187   SYSJMBC_H
00000186   SYSJMBC_L
00000188   SYSJMBI0
00000189   SYSJMBI0_H
00000188   SYSJMBI0_L
0000018a   SYSJMBI1
0000018b   SYSJMBI1_H
0000018a   SYSJMBI1_L
0000018c   SYSJMBO0
0000018d   SYSJMBO0_H
0000018c   SYSJMBO0_L
0000018e   SYSJMBO1
0000018f   SYSJMBO1_H
0000018e   SYSJMBO1_L
0000019e   SYSRSTIV
0000019f   SYSRSTIV_H
0000019e   SYSRSTIV_L
0000019c   SYSSNIV
0000019d   SYSSNIV_H
0000019c   SYSSNIV_L
0000019a   SYSUNIV
0000019b   SYSUNIV_H
0000019a   SYSUNIV_L
0000ee42   SimpleLinkWaitData
0000eda2   SimpleLinkWaitEvent
0000eb82   SleepOneSecond
0000d82c   SortReadings
0000e606   SpiFirstWrite
0000ea0c   SpiOpen
0000dffa   SpiReadDataCont
0000e64c   SpiReadDataSynchronous
0000ee0e   SpiReceiveHandler
0000ee4a   SpiResumeSpi
0000eb36   SpiTriggerRxProcessing
0000d9de   SpiWrite
0000eaba   SpiWriteDataSynchronous
00000352   TA0CCR0
00000354   TA0CCR1
00000356   TA0CCR2
00000342   TA0CCTL0
00000344   TA0CCTL1
00000346   TA0CCTL2
00000340   TA0CTL
00000360   TA0EX0
0000036e   TA0IV
00000350   TA0R
00000392   TA1CCR0
00000394   TA1CCR1
00000396   TA1CCR2
00000382   TA1CCTL0
00000384   TA1CCTL1
00000386   TA1CCTL2
00000380   TA1CTL
000003a0   TA1EX0
000003ae   TA1IV
00000390   TA1R
000003d2   TB0CCR0
000003d4   TB0CCR1
000003d6   TB0CCR2
000003c2   TB0CCTL0
000003c4   TB0CCTL1
000003c6   TB0CCTL2
000003c0   TB0CTL
000003e0   TB0EX0
000003ee   TB0IV
000003d0   TB0R
00000412   TB1CCR0
00000414   TB1CCR1
00000416   TB1CCR2
00000402   TB1CCTL0
00000404   TB1CCTL1
00000406   TB1CCTL2
00000400   TB1CTL
00000420   TB1EX0
0000042e   TB1IV
00000410   TB1R
00000452   TB2CCR0
00000454   TB2CCR1
00000456   TB2CCR2
00000442   TB2CCTL0
00000444   TB2CCTL1
00000446   TB2CCTL2
00000440   TB2CTL
00000460   TB2EX0
0000046e   TB2IV
00000450   TB2R
0000ee24   TIMER1_A0_ISR
0000eccc   Timer__Off
0000ee5a   Trap_ISR
000005d0   UCA0ABCTL
000005c6   UCA0BRW
000005c7   UCA0BRW_H
000005c6   UCA0BRW_L
000005c0   UCA0CTLW0
000005c1   UCA0CTLW0_H
000005c0   UCA0CTLW0_L
000005c2   UCA0CTLW1
000005c3   UCA0CTLW1_H
000005c2   UCA0CTLW1_L
000005da   UCA0IE
000005db   UCA0IE_H
000005da   UCA0IE_L
000005dc   UCA0IFG
000005dd   UCA0IFG_H
000005dc   UCA0IFG_L
000005d2   UCA0IRCTL
000005d3   UCA0IRCTL_H
000005d2   UCA0IRCTL_L
000005de   UCA0IV
000005c8   UCA0MCTLW
000005c9   UCA0MCTLW_H
000005c8   UCA0MCTLW_L
000005cc   UCA0RXBUF
000005cd   UCA0RXBUF_H
000005cc   UCA0RXBUF_L
000005ca   UCA0STATW
000005ce   UCA0TXBUF
000005cf   UCA0TXBUF_H
000005ce   UCA0TXBUF_L
000005f0   UCA1ABCTL
000005e6   UCA1BRW
000005e7   UCA1BRW_H
000005e6   UCA1BRW_L
000005e0   UCA1CTLW0
000005e1   UCA1CTLW0_H
000005e0   UCA1CTLW0_L
000005e2   UCA1CTLW1
000005e3   UCA1CTLW1_H
000005e2   UCA1CTLW1_L
000005fa   UCA1IE
000005fb   UCA1IE_H
000005fa   UCA1IE_L
000005fc   UCA1IFG
000005fd   UCA1IFG_H
000005fc   UCA1IFG_L
000005f2   UCA1IRCTL
000005f3   UCA1IRCTL_H
000005f2   UCA1IRCTL_L
000005fe   UCA1IV
000005e8   UCA1MCTLW
000005e9   UCA1MCTLW_H
000005e8   UCA1MCTLW_L
000005ec   UCA1RXBUF
000005ed   UCA1RXBUF_H
000005ec   UCA1RXBUF_L
000005ea   UCA1STATW
000005ee   UCA1TXBUF
000005ef   UCA1TXBUF_H
000005ee   UCA1TXBUF_L
0000065e   UCB0ADDMASK
0000065f   UCB0ADDMASK_H
0000065e   UCB0ADDMASK_L
0000065c   UCB0ADDRX
0000065d   UCB0ADDRX_H
0000065c   UCB0ADDRX_L
00000646   UCB0BRW
00000647   UCB0BRW_H
00000646   UCB0BRW_L
00000640   UCB0CTLW0
00000641   UCB0CTLW0_H
00000640   UCB0CTLW0_L
00000642   UCB0CTLW1
00000643   UCB0CTLW1_H
00000642   UCB0CTLW1_L
00000654   UCB0I2COA0
00000655   UCB0I2COA0_H
00000654   UCB0I2COA0_L
00000656   UCB0I2COA1
00000657   UCB0I2COA1_H
00000656   UCB0I2COA1_L
00000658   UCB0I2COA2
00000659   UCB0I2COA2_H
00000658   UCB0I2COA2_L
0000065a   UCB0I2COA3
0000065b   UCB0I2COA3_H
0000065a   UCB0I2COA3_L
00000660   UCB0I2CSA
00000661   UCB0I2CSA_H
00000660   UCB0I2CSA_L
0000066a   UCB0IE
0000066b   UCB0IE_H
0000066a   UCB0IE_L
0000066c   UCB0IFG
0000066d   UCB0IFG_H
0000066c   UCB0IFG_L
0000066e   UCB0IV
0000064c   UCB0RXBUF
0000064d   UCB0RXBUF_H
0000064c   UCB0RXBUF_L
00000648   UCB0STATW
00000649   UCB0STATW_H
00000648   UCB0STATW_L
0000064a   UCB0TBCNT
0000064b   UCB0TBCNT_H
0000064a   UCB0TBCNT_L
0000064e   UCB0TXBUF
0000064f   UCB0TXBUF_H
0000064e   UCB0TXBUF_L
0000edb2   UINT16_TO_STREAM_f
0000eb0e   UINT32_TO_STREAM_f
0000e8b4   USCI_A0_ISR
0000015c   WDTCTL
0000015d   WDTCTL_H
0000015c   WDTCTL_L
0000ee50   WlanInterruptDisable
0000edc2   WlanInterruptEnable
0000ec1c   WriteWlanPin
00001e02   _Errno
00002000   __STACK_END
00000170   __STACK_SIZE
00000001   __TI_args_main
00000001   __TI_auto_init
00000001   __TI_exit
0000fff0   __TI_int48
ffffffff   __binit__
00001c00   __bss__
ffffffff   __c_args__
0000c800   __cinit__
00001c00   __data__
0000ea64   __divi
0000ecf8   __divu
00001c00   __edata__
00001e04   __end__
0000ee68   __etext__
0000ed0e   __mpyi_f5hw
ffffffff   __pinit__
0000ea64   __remi
0000ecf8   __remu
0000ca00   __text__
0000e5be   _auto_init
0000eae4   _c_int00
0000eae4   _c_int00_noexit
00001dec   _cleanup_ptr
00001df0   _dtors_ptr
00001de4   _lock
0000ee66   _nop
0000db6c   _printfi_minimal
0000fffe   _reset_vector
00001e90   _stack
0000ee5e   _system_pre_init
00001de8   _unlock
0000ee62   abort
00001d88   battLow
ffffffff   binit
0000c800   cinit
0000e3e2   closesocket
0000e31c   connect
00001df4   deviceTime
00001d58   digits
00001c00   edata
00001e04   end
0000ee68   etext
00001c00   expandedKey
0000c800   fram_ro_start
0000c600   fram_rw_start
0000ca00   fram_rx_start
00001dca   g_ucLength
00001d8a   g_ucUARTBuffer
0000e6d0   get_socket_active_status
0000ea38   hci_command_send
0000e710   hci_data_send
0000ca00   hci_event_handler
0000d906   hci_patch_send
0000cd1c   hci_unsol_event_handler
0000dcc4   hci_unsol_handle_patch_request
0000e8ea   hci_unsolicited_event_handler
0000eb5c   inet_aton
0000ec9c   initClk
0000e2b0   initDriver
0000ec50   initLEDs
0000e91e   init_spi
00001cee   key
0000ece2   killSocket
0000d13c   main
0000ec00   memccpy
0000ed4a   memcpy
0000ed24   memset
00001dfe   msp430_forced_restart_ptr
00001e00   n_readings
ffffffff   pinit
0000defa   pio_init
00001d68   printOnce
00001cfe   profileArray
00001d6a   pucCC3000_Rx_Buffer
0000c602   readings
0000e808   recv
00001dce   sSpiInformation
0000e7cc   send
0000ed5c   sendBootLoaderPatch
0000ed6e   sendDriverPatch
0000ed80   sendWLFWPatch
0000ebc4   setADC10
0000ec6a   setClocks
0000ebe2   setPins
0000ecb4   setTimers
0000e384   set_socket_active_status
0000dd5a   simple_link_recv
0000cf98   simple_link_send
0000e242   socket
00001dfa   socket_active_status
0000c200   spi_buffer
0000e87c   sprintf
00001df8   state
0000ee00   strlen
00001cb0   tSLInformation
00001dde   tSpiReadHeader
0000e074   turnLedOff
0000e0e8   turnLedOn
00001dcc   uart_have_cmd
00001d56   ucStopSmartConfig
0000c600   uid
00001d46   ulCC3000Connected
00001d4a   ulCC3000DHCP
00001d52   ulCC3000DHCP_configured
00001d42   ulSmartConfigFinished
00001d64   ulSocket
0000eba4   wakeup_timer_init
0000d3d4   wlan_connect
0000e842   wlan_init
0000e15c   wlan_set_event_mask
0000daa8   wlan_start
0000c284   wlan_tx_buffer


GLOBAL SYMBOLS: SORTED BY Symbol Address 

address    name
--------   ----
00000001   __TI_args_main
00000001   __TI_auto_init
00000001   __TI_exit
00000100   SFRIE1
00000100   SFRIE1_L
00000101   SFRIE1_H
00000102   SFRIFG1
00000102   SFRIFG1_L
00000103   SFRIFG1_H
00000104   SFRRPCR
00000104   SFRRPCR_L
00000105   SFRRPCR_H
00000120   PMMCTL0
00000120   PMMCTL0_L
00000121   PMMCTL0_H
0000012a   PMMIFG
0000012a   PMMIFG_L
0000012b   PMMIFG_H
00000130   PM5CTL0
00000130   PM5CTL0_L
00000131   PM5CTL0_H
00000140   FRCTL0
00000140   FRCTL0_L
00000141   FRCTL0_H
00000144   GCCTL0
00000144   GCCTL0_L
00000145   GCCTL0_H
00000146   GCCTL1
00000146   GCCTL1_L
00000147   GCCTL1_H
00000150   CRCDI
00000150   CRCDI_L
00000151   CRCDI_H
00000152   CRCDIRB
00000152   CRCDIRB_L
00000153   CRCDIRB_H
00000154   CRCINIRES
00000154   CRCINIRES_L
00000155   CRCINIRES_H
00000156   CRCRESR
00000156   CRCRESR_L
00000157   CRCRESR_H
0000015c   WDTCTL
0000015c   WDTCTL_L
0000015d   WDTCTL_H
00000160   CSCTL0
00000160   CSCTL0_L
00000161   CSCTL0_H
00000162   CSCTL1
00000162   CSCTL1_L
00000163   CSCTL1_H
00000164   CSCTL2
00000164   CSCTL2_L
00000165   CSCTL2_H
00000166   CSCTL3
00000166   CSCTL3_L
00000167   CSCTL3_H
00000168   CSCTL4
00000168   CSCTL4_L
00000169   CSCTL4_H
0000016a   CSCTL5
0000016a   CSCTL5_L
0000016b   CSCTL5_H
0000016c   CSCTL6
0000016c   CSCTL6_L
0000016d   CSCTL6_H
00000170   __STACK_SIZE
00000180   SYSCTL
00000180   SYSCTL_L
00000181   SYSCTL_H
00000182   SYSBSLC
00000182   SYSBSLC_L
00000183   SYSBSLC_H
00000186   SYSJMBC
00000186   SYSJMBC_L
00000187   SYSJMBC_H
00000188   SYSJMBI0
00000188   SYSJMBI0_L
00000189   SYSJMBI0_H
0000018a   SYSJMBI1
0000018a   SYSJMBI1_L
0000018b   SYSJMBI1_H
0000018c   SYSJMBO0
0000018c   SYSJMBO0_L
0000018d   SYSJMBO0_H
0000018e   SYSJMBO1
0000018e   SYSJMBO1_L
0000018f   SYSJMBO1_H
00000198   SYSBERRIV
00000198   SYSBERRIV_L
00000199   SYSBERRIV_H
0000019a   SYSUNIV
0000019a   SYSUNIV_L
0000019b   SYSUNIV_H
0000019c   SYSSNIV
0000019c   SYSSNIV_L
0000019d   SYSSNIV_H
0000019e   SYSRSTIV
0000019e   SYSRSTIV_L
0000019f   SYSRSTIV_H
000001b0   REFCTL0
000001b0   REFCTL0_L
000001b1   REFCTL0_H
00000200   PAIN
00000200   PAIN_L
00000201   PAIN_H
00000202   PAOUT
00000202   PAOUT_L
00000203   PAOUT_H
00000204   PADIR
00000204   PADIR_L
00000205   PADIR_H
00000206   PAREN
00000206   PAREN_L
00000207   PAREN_H
0000020a   PASEL0
0000020a   PASEL0_L
0000020b   PASEL0_H
0000020c   PASEL1
0000020c   PASEL1_L
0000020d   PASEL1_H
0000020e   P1IV
00000216   PASELC
00000216   PASELC_L
00000217   PASELC_H
00000218   PAIES
00000218   PAIES_L
00000219   PAIES_H
0000021a   PAIE
0000021a   PAIE_L
0000021b   PAIE_H
0000021c   PAIFG
0000021c   PAIFG_L
0000021d   PAIFG_H
0000021e   P2IV
00000220   PBIN
00000220   PBIN_L
00000221   PBIN_H
00000222   PBOUT
00000222   PBOUT_L
00000223   PBOUT_H
00000224   PBDIR
00000224   PBDIR_L
00000225   PBDIR_H
00000226   PBREN
00000226   PBREN_L
00000227   PBREN_H
0000022a   PBSEL0
0000022a   PBSEL0_L
0000022b   PBSEL0_H
0000022c   PBSEL1
0000022c   PBSEL1_L
0000022d   PBSEL1_H
0000022e   P3IV
00000236   PBSELC
00000236   PBSELC_L
00000237   PBSELC_H
00000238   PBIES
00000238   PBIES_L
00000239   PBIES_H
0000023a   PBIE
0000023a   PBIE_L
0000023b   PBIE_H
0000023c   PBIFG
0000023c   PBIFG_L
0000023d   PBIFG_H
0000023e   P4IV
00000320   PJIN
00000320   PJIN_L
00000321   PJIN_H
00000322   PJOUT
00000322   PJOUT_L
00000323   PJOUT_H
00000324   PJDIR
00000324   PJDIR_L
00000325   PJDIR_H
00000326   PJREN
00000326   PJREN_L
00000327   PJREN_H
0000032a   PJSEL0
0000032a   PJSEL0_L
0000032b   PJSEL0_H
0000032c   PJSEL1
0000032c   PJSEL1_L
0000032d   PJSEL1_H
00000336   PJSELC
00000336   PJSELC_L
00000337   PJSELC_H
00000340   TA0CTL
00000342   TA0CCTL0
00000344   TA0CCTL1
00000346   TA0CCTL2
00000350   TA0R
00000352   TA0CCR0
00000354   TA0CCR1
00000356   TA0CCR2
00000360   TA0EX0
0000036e   TA0IV
00000380   TA1CTL
00000382   TA1CCTL0
00000384   TA1CCTL1
00000386   TA1CCTL2
00000390   TA1R
00000392   TA1CCR0
00000394   TA1CCR1
00000396   TA1CCR2
000003a0   TA1EX0
000003ae   TA1IV
000003c0   TB0CTL
000003c2   TB0CCTL0
000003c4   TB0CCTL1
000003c6   TB0CCTL2
000003d0   TB0R
000003d2   TB0CCR0
000003d4   TB0CCR1
000003d6   TB0CCR2
000003e0   TB0EX0
000003ee   TB0IV
00000400   TB1CTL
00000402   TB1CCTL0
00000404   TB1CCTL1
00000406   TB1CCTL2
00000410   TB1R
00000412   TB1CCR0
00000414   TB1CCR1
00000416   TB1CCR2
00000420   TB1EX0
0000042e   TB1IV
00000440   TB2CTL
00000442   TB2CCTL0
00000444   TB2CCTL1
00000446   TB2CCTL2
00000450   TB2R
00000452   TB2CCR0
00000454   TB2CCR1
00000456   TB2CCR2
00000460   TB2EX0
0000046e   TB2IV
000004a0   RTCCTL01
000004a0   RTCCTL01_L
000004a1   RTCCTL01_H
000004a2   RTCCTL23
000004a2   RTCCTL23_L
000004a3   RTCCTL23_H
000004a8   RTCPS0CTL
000004a8   RTCPS0CTL_L
000004a9   RTCPS0CTL_H
000004aa   RTCPS1CTL
000004aa   RTCPS1CTL_L
000004ab   RTCPS1CTL_H
000004ac   RTCPS
000004ac   RTCPS_L
000004ad   RTCPS_H
000004ae   RTCIV
000004b0   RTCTIM0
000004b0   RTCTIM0_L
000004b1   RTCTIM0_H
000004b2   RTCTIM1
000004b2   RTCTIM1_L
000004b3   RTCTIM1_H
000004b4   RTCDATE
000004b4   RTCDATE_L
000004b5   RTCDATE_H
000004b6   RTCYEAR
000004b6   RTCYEAR_L
000004b7   RTCYEAR_H
000004b8   RTCAMINHR
000004b8   RTCAMINHR_L
000004b9   RTCAMINHR_H
000004ba   RTCADOWDAY
000004ba   RTCADOWDAY_L
000004bb   RTCADOWDAY_H
000004bc   BIN2BCD
000004be   BCD2BIN
000004c0   MPY
000004c0   MPY_L
000004c1   MPY_H
000004c2   MPYS
000004c2   MPYS_L
000004c3   MPYS_H
000004c4   MAC
000004c4   MAC_L
000004c5   MAC_H
000004c6   MACS
000004c6   MACS_L
000004c7   MACS_H
000004c8   OP2
000004c8   OP2_L
000004c9   OP2_H
000004ca   RESLO
000004ca   RESLO_L
000004cb   RESLO_H
000004cc   RESHI
000004cc   RESHI_L
000004cd   RESHI_H
000004ce   SUMEXT
000004ce   SUMEXT_L
000004cf   SUMEXT_H
000004d0   MPY32L
000004d0   MPY32L_L
000004d1   MPY32L_H
000004d2   MPY32H
000004d2   MPY32H_L
000004d3   MPY32H_H
000004d4   MPYS32L
000004d4   MPYS32L_L
000004d5   MPYS32L_H
000004d6   MPYS32H
000004d6   MPYS32H_L
000004d7   MPYS32H_H
000004d8   MAC32L
000004d8   MAC32L_L
000004d9   MAC32L_H
000004da   MAC32H
000004da   MAC32H_L
000004db   MAC32H_H
000004dc   MACS32L
000004dc   MACS32L_L
000004dd   MACS32L_H
000004de   MACS32H
000004de   MACS32H_L
000004df   MACS32H_H
000004e0   OP2L
000004e0   OP2L_L
000004e1   OP2L_H
000004e2   OP2H
000004e2   OP2H_L
000004e3   OP2H_H
000004e4   RES0
000004e4   RES0_L
000004e5   RES0_H
000004e6   RES1
000004e6   RES1_L
000004e7   RES1_H
000004e8   RES2
000004e8   RES2_L
000004e9   RES2_H
000004ea   RES3
000004ea   RES3_L
000004eb   RES3_H
000004ec   MPY32CTL0
000004ec   MPY32CTL0_L
000004ed   MPY32CTL0_H
00000500   DMACTL0
00000500   DMACTL0_L
00000501   DMACTL0_H
00000502   DMACTL1
00000502   DMACTL1_L
00000503   DMACTL1_H
00000504   DMACTL2
00000504   DMACTL2_L
00000505   DMACTL2_H
00000506   DMACTL3
00000506   DMACTL3_L
00000507   DMACTL3_H
00000508   DMACTL4
00000508   DMACTL4_L
00000509   DMACTL4_H
0000050e   DMAIV
0000050e   DMAIV_L
0000050f   DMAIV_H
00000510   DMA0CTL
00000510   DMA0CTL_L
00000511   DMA0CTL_H
00000512   DMA0SA
00000512   DMA0SAL
00000516   DMA0DA
00000516   DMA0DAL
0000051a   DMA0SZ
00000520   DMA1CTL
00000520   DMA1CTL_L
00000521   DMA1CTL_H
00000522   DMA1SA
00000522   DMA1SAL
00000526   DMA1DA
00000526   DMA1DAL
0000052a   DMA1SZ
00000530   DMA2CTL
00000530   DMA2CTL_L
00000531   DMA2CTL_H
00000532   DMA2SA
00000532   DMA2SAL
00000536   DMA2DA
00000536   DMA2DAL
0000053a   DMA2SZ
000005a0   MPUCTL0
000005a0   MPUCTL0_L
000005a1   MPUCTL0_H
000005a2   MPUCTL1
000005a2   MPUCTL1_L
000005a3   MPUCTL1_H
000005a4   MPUSEG
000005a4   MPUSEG_L
000005a5   MPUSEG_H
000005a6   MPUSAM
000005a6   MPUSAM_L
000005a7   MPUSAM_H
000005c0   UCA0CTLW0
000005c0   UCA0CTLW0_L
000005c1   UCA0CTLW0_H
000005c2   UCA0CTLW1
000005c2   UCA0CTLW1_L
000005c3   UCA0CTLW1_H
000005c6   UCA0BRW
000005c6   UCA0BRW_L
000005c7   UCA0BRW_H
000005c8   UCA0MCTLW
000005c8   UCA0MCTLW_L
000005c9   UCA0MCTLW_H
000005ca   UCA0STATW
000005cc   UCA0RXBUF
000005cc   UCA0RXBUF_L
000005cd   UCA0RXBUF_H
000005ce   UCA0TXBUF
000005ce   UCA0TXBUF_L
000005cf   UCA0TXBUF_H
000005d0   UCA0ABCTL
000005d2   UCA0IRCTL
000005d2   UCA0IRCTL_L
000005d3   UCA0IRCTL_H
000005da   UCA0IE
000005da   UCA0IE_L
000005db   UCA0IE_H
000005dc   UCA0IFG
000005dc   UCA0IFG_L
000005dd   UCA0IFG_H
000005de   UCA0IV
000005e0   UCA1CTLW0
000005e0   UCA1CTLW0_L
000005e1   UCA1CTLW0_H
000005e2   UCA1CTLW1
000005e2   UCA1CTLW1_L
000005e3   UCA1CTLW1_H
000005e6   UCA1BRW
000005e6   UCA1BRW_L
000005e7   UCA1BRW_H
000005e8   UCA1MCTLW
000005e8   UCA1MCTLW_L
000005e9   UCA1MCTLW_H
000005ea   UCA1STATW
000005ec   UCA1RXBUF
000005ec   UCA1RXBUF_L
000005ed   UCA1RXBUF_H
000005ee   UCA1TXBUF
000005ee   UCA1TXBUF_L
000005ef   UCA1TXBUF_H
000005f0   UCA1ABCTL
000005f2   UCA1IRCTL
000005f2   UCA1IRCTL_L
000005f3   UCA1IRCTL_H
000005fa   UCA1IE
000005fa   UCA1IE_L
000005fb   UCA1IE_H
000005fc   UCA1IFG
000005fc   UCA1IFG_L
000005fd   UCA1IFG_H
000005fe   UCA1IV
00000640   UCB0CTLW0
00000640   UCB0CTLW0_L
00000641   UCB0CTLW0_H
00000642   UCB0CTLW1
00000642   UCB0CTLW1_L
00000643   UCB0CTLW1_H
00000646   UCB0BRW
00000646   UCB0BRW_L
00000647   UCB0BRW_H
00000648   UCB0STATW
00000648   UCB0STATW_L
00000649   UCB0STATW_H
0000064a   UCB0TBCNT
0000064a   UCB0TBCNT_L
0000064b   UCB0TBCNT_H
0000064c   UCB0RXBUF
0000064c   UCB0RXBUF_L
0000064d   UCB0RXBUF_H
0000064e   UCB0TXBUF
0000064e   UCB0TXBUF_L
0000064f   UCB0TXBUF_H
00000654   UCB0I2COA0
00000654   UCB0I2COA0_L
00000655   UCB0I2COA0_H
00000656   UCB0I2COA1
00000656   UCB0I2COA1_L
00000657   UCB0I2COA1_H
00000658   UCB0I2COA2
00000658   UCB0I2COA2_L
00000659   UCB0I2COA2_H
0000065a   UCB0I2COA3
0000065a   UCB0I2COA3_L
0000065b   UCB0I2COA3_H
0000065c   UCB0ADDRX
0000065c   UCB0ADDRX_L
0000065d   UCB0ADDRX_H
0000065e   UCB0ADDMASK
0000065e   UCB0ADDMASK_L
0000065f   UCB0ADDMASK_H
00000660   UCB0I2CSA
00000660   UCB0I2CSA_L
00000661   UCB0I2CSA_H
0000066a   UCB0IE
0000066a   UCB0IE_L
0000066b   UCB0IE_H
0000066c   UCB0IFG
0000066c   UCB0IFG_L
0000066d   UCB0IFG_H
0000066e   UCB0IV
00000700   ADC10CTL0
00000700   ADC10CTL0_L
00000701   ADC10CTL0_H
00000702   ADC10CTL1
00000702   ADC10CTL1_L
00000703   ADC10CTL1_H
00000704   ADC10CTL2
00000704   ADC10CTL2_L
00000705   ADC10CTL2_H
00000706   ADC10LO
00000706   ADC10LO_L
00000707   ADC10LO_H
00000708   ADC10HI
00000708   ADC10HI_L
00000709   ADC10HI_H
0000070a   ADC10MCTL0
0000070a   ADC10MCTL0_L
0000070b   ADC10MCTL0_H
00000712   ADC10MEM0
00000712   ADC10MEM0_L
00000713   ADC10MEM0_H
0000071a   ADC10IE
0000071a   ADC10IE_L
0000071b   ADC10IE_H
0000071c   ADC10IFG
0000071c   ADC10IFG_L
0000071d   ADC10IFG_H
0000071e   ADC10IV
0000071e   ADC10IV_L
0000071f   ADC10IV_H
000008c0   CDCTL0
000008c0   CDCTL0_L
000008c1   CDCTL0_H
000008c2   CDCTL1
000008c2   CDCTL1_L
000008c3   CDCTL1_H
000008c4   CDCTL2
000008c4   CDCTL2_L
000008c5   CDCTL2_H
000008c6   CDCTL3
000008c6   CDCTL3_L
000008c7   CDCTL3_H
000008cc   CDINT
000008cc   CDINT_L
000008cd   CDINT_H
000008ce   CDIV
000008ce   CDIV_L
000008cf   CDIV_H
00001c00   .bss
00001c00   .data
00001c00   __bss__
00001c00   __data__
00001c00   __edata__
00001c00   edata
00001c00   expandedKey
00001cb0   tSLInformation
00001cee   key
00001cfe   profileArray
00001d42   ulSmartConfigFinished
00001d46   ulCC3000Connected
00001d4a   ulCC3000DHCP
00001d4e   OkToDoShutDown
00001d52   ulCC3000DHCP_configured
00001d56   ucStopSmartConfig
00001d58   digits
00001d64   ulSocket
00001d68   printOnce
00001d6a   pucCC3000_Rx_Buffer
00001d84   STATE
00001d86   ADC10_READING
00001d88   battLow
00001d8a   g_ucUARTBuffer
00001dca   g_ucLength
00001dcc   uart_have_cmd
00001dce   sSpiInformation
00001dde   tSpiReadHeader
00001de4   _lock
00001de8   _unlock
00001dec   _cleanup_ptr
00001df0   _dtors_ptr
00001df4   deviceTime
00001df8   state
00001dfa   socket_active_status
00001dfe   msp430_forced_restart_ptr
00001e00   n_readings
00001e02   _Errno
00001e04   __end__
00001e04   end
00001e90   _stack
00002000   __STACK_END
0000c200   spi_buffer
0000c284   wlan_tx_buffer
0000c600   fram_rw_start
0000c600   uid
0000c602   readings
0000c800   __cinit__
0000c800   cinit
0000c800   fram_ro_start
0000ca00   .text
0000ca00   __text__
0000ca00   fram_rx_start
0000ca00   hci_event_handler
0000cd1c   hci_unsol_event_handler
0000cf98   simple_link_send
0000d13c   main
0000d296   CreateReadingsRaw
0000d3d4   wlan_connect
0000d502   ProcessConfirmRaw
0000d72a   CC3000_UsynchCallback
0000d82c   SortReadings
0000d906   hci_patch_send
0000d9de   SpiWrite
0000daa8   wlan_start
0000db6c   _printfi_minimal
0000dc2c   RemoveTime
0000dcc4   hci_unsol_handle_patch_request
0000dd5a   simple_link_recv
0000dde8   ADC10routine
0000de72   ConnectToServer
0000defa   pio_init
0000df7e   IntSpiGPIOHandler
0000dffa   SpiReadDataCont
0000e074   turnLedOff
0000e0e8   turnLedOn
0000e15c   wlan_set_event_mask
0000e1d0   ConnectToAP
0000e242   socket
0000e2b0   initDriver
0000e31c   connect
0000e384   set_socket_active_status
0000e3e2   closesocket
0000e436   AddReading
0000e4da   FindTime
0000e526   HostFlowControlConsumeBuff
0000e5be   _auto_init
0000e606   SpiFirstWrite
0000e64c   SpiReadDataSynchronous
0000e6d0   get_socket_active_status
0000e710   hci_data_send
0000e750   L_LSL_15
0000e754   L_LSL_14
0000e758   L_LSL_13
0000e75c   L_LSL_12
0000e760   L_LSL_11
0000e764   L_LSL_10
0000e768   L_LSL_9
0000e76c   L_LSL_8
0000e770   L_LSL_7
0000e774   L_LSL_6
0000e778   L_LSL_5
0000e77c   L_LSL_4
0000e780   L_LSL_3
0000e784   L_LSL_2
0000e788   L_LSL_1
0000e78e   L_LSR_15
0000e792   L_LSR_14
0000e796   L_LSR_13
0000e79a   L_LSR_12
0000e79e   L_LSR_11
0000e7a2   L_LSR_10
0000e7a6   L_LSR_9
0000e7aa   L_LSR_8
0000e7ae   L_LSR_7
0000e7b2   L_LSR_6
0000e7b6   L_LSR_5
0000e7ba   L_LSR_4
0000e7be   L_LSR_3
0000e7c2   L_LSR_2
0000e7c6   L_LSR_1
0000e7cc   send
0000e808   recv
0000e842   wlan_init
0000e87c   sprintf
0000e8b4   USCI_A0_ISR
0000e8ea   hci_unsolicited_event_handler
0000e91e   init_spi
0000e952   STREAM_TO_UINT32_f
0000e982   DispatcherUARTConfigure
0000e9de   ADC10_read_In
0000ea0c   SpiOpen
0000ea38   hci_command_send
0000ea64   __divi
0000ea64   __remi
0000ea90   GetReading
0000eaba   SpiWriteDataSynchronous
0000eae4   _c_int00
0000eae4   _c_int00_noexit
0000eb0e   UINT32_TO_STREAM_f
0000eb36   SpiTriggerRxProcessing
0000eb5c   inet_aton
0000eb82   SleepOneSecond
0000eba4   wakeup_timer_init
0000ebc4   setADC10
0000ebe2   setPins
0000ec00   memccpy
0000ec1c   WriteWlanPin
0000ec50   initLEDs
0000ec6a   setClocks
0000ec9c   initClk
0000ecb4   setTimers
0000eccc   Timer__Off
0000ece2   killSocket
0000ecf8   __divu
0000ecf8   __remu
0000ed0e   __mpyi_f5hw
0000ed24   memset
0000ed4a   memcpy
0000ed5c   sendBootLoaderPatch
0000ed6e   sendDriverPatch
0000ed80   sendWLFWPatch
0000ed92   STREAM_TO_UINT16_f
0000eda2   SimpleLinkWaitEvent
0000edb2   UINT16_TO_STREAM_f
0000edc2   WlanInterruptEnable
0000edd2   L_ASR
0000ede2   L_LSL
0000edf2   RemoveOldestTime
0000ee00   strlen
0000ee0e   SpiReceiveHandler
0000ee1a   ReadWlanInterruptPin
0000ee24   TIMER1_A0_ISR
0000ee2e   I_ASR
0000ee38   I_LSL
0000ee42   SimpleLinkWaitData
0000ee4a   SpiResumeSpi
0000ee50   WlanInterruptDisable
0000ee56   LowBattery
0000ee5a   Trap_ISR
0000ee5e   _system_pre_init
0000ee62   C$$EXIT
0000ee62   abort
0000ee66   _nop
0000ee68   __etext__
0000ee68   etext
0000fff0   __TI_int48
0000fffe   _reset_vector
ffffffff   __binit__
ffffffff   __c_args__
ffffffff   __pinit__
ffffffff   binit
ffffffff   pinit

[747 symbols]
