<?xml version="1.0"?>
<link_info>
   <banner>MSP430 Linker PC v4.1.9</banner>
   <copyright>Copyright (c) 2003-2014 Texas Instruments Incorporated</copyright>
   <link_time>0x532f6202</link_time>
   <output_file>BasicWiFi Application.out</output_file>
   <entry_point>
      <name>_c_int00</name>
      <address>0xe216</address>
   </entry_point>
   <input_file_list>
      <input_file id="fl-36">
         <path>E:\ti\ccsv5\tools\compiler\msp430_4.1.9\lib\</path>
         <kind>archive</kind>
         <file>rts430x.lib</file>
         <name>boot.obj</name>
      </input_file>
      <input_file id="fl-3a">
         <path>E:\ti\ccsv5\tools\compiler\msp430_4.1.9\lib\</path>
         <kind>archive</kind>
         <file>rts430x.lib</file>
         <name>cpy_util.obj</name>
      </input_file>
      <input_file id="fl-3b">
         <path>E:\ti\ccsv5\tools\compiler\msp430_4.1.9\lib\</path>
         <kind>archive</kind>
         <file>rts430x.lib</file>
         <name>div16s.obj</name>
      </input_file>
      <input_file id="fl-3c">
         <path>E:\ti\ccsv5\tools\compiler\msp430_4.1.9\lib\</path>
         <kind>archive</kind>
         <file>rts430x.lib</file>
         <name>div16u.obj</name>
      </input_file>
      <input_file id="fl-3d">
         <path>E:\ti\ccsv5\tools\compiler\msp430_4.1.9\lib\</path>
         <kind>archive</kind>
         <file>rts430x.lib</file>
         <name>exit.obj</name>
      </input_file>
      <input_file id="fl-40">
         <path>E:\ti\ccsv5\tools\compiler\msp430_4.1.9\lib\</path>
         <kind>archive</kind>
         <file>rts430x.lib</file>
         <name>mult16_f5hw.obj</name>
      </input_file>
      <input_file id="fl-46">
         <path>E:\ti\ccsv5\tools\compiler\msp430_4.1.9\lib\</path>
         <kind>archive</kind>
         <file>rts430x.lib</file>
         <name>args_main.obj</name>
      </input_file>
      <input_file id="fl-47">
         <path>E:\ti\ccsv5\tools\compiler\msp430_4.1.9\lib\</path>
         <kind>archive</kind>
         <file>rts430x.lib</file>
         <name>autoinit.obj</name>
      </input_file>
      <input_file id="fl-54">
         <path>E:\ti\ccsv5\tools\compiler\msp430_4.1.9\lib\</path>
         <kind>archive</kind>
         <file>rts430x.lib</file>
         <name>lsl16.obj</name>
      </input_file>
      <input_file id="fl-55">
         <path>E:\ti\ccsv5\tools\compiler\msp430_4.1.9\lib\</path>
         <kind>archive</kind>
         <file>rts430x.lib</file>
         <name>lsl32.obj</name>
      </input_file>
      <input_file id="fl-56">
         <path>E:\ti\ccsv5\tools\compiler\msp430_4.1.9\lib\</path>
         <kind>archive</kind>
         <file>rts430x.lib</file>
         <name>lsr32.obj</name>
      </input_file>
      <input_file id="fl-57">
         <path>C:\Users\Lucas\AppData\Local\Temp\</path>
         <kind>object</kind>
         <file>025762</file>
         <name>025762</name>
      </input_file>
      <input_file id="fl-58">
         <path>E:\ti\ccsv5\tools\compiler\msp430_4.1.9\lib\</path>
         <kind>archive</kind>
         <file>rts430x.lib</file>
         <name>_printfi_min.obj</name>
      </input_file>
      <input_file id="fl-59">
         <path>E:\ti\ccsv5\tools\compiler\msp430_4.1.9\lib\</path>
         <kind>archive</kind>
         <file>rts430x.lib</file>
         <name>copy_decompress_none.obj</name>
      </input_file>
      <input_file id="fl-5a">
         <path>E:\ti\ccsv5\tools\compiler\msp430_4.1.9\lib\</path>
         <kind>archive</kind>
         <file>rts430x.lib</file>
         <name>copy_decompress_rle.obj</name>
      </input_file>
      <input_file id="fl-5b">
         <path>E:\ti\ccsv5\tools\compiler\msp430_4.1.9\lib\</path>
         <kind>archive</kind>
         <file>rts430x.lib</file>
         <name>copy_zero_init.obj</name>
      </input_file>
      <input_file id="fl-5c">
         <path>E:\ti\ccsv5\tools\compiler\msp430_4.1.9\lib\</path>
         <kind>archive</kind>
         <file>rts430x.lib</file>
         <name>memccpy.obj</name>
      </input_file>
   </input_file_list>
   <object_component_list>
      <object_component id="oc-ad">
         <name>.sysmem</name>
         <load_address>0xc600</load_address>
         <run_address>0xc600</run_address>
         <size>0x4</size>
         <input_file_ref idref="fl-3f"/>
      </object_component>
      <object_component id="oc-159">
         <name>.sysmem</name>
         <load_address>0xc600</load_address>
         <run_address>0xc600</run_address>
         <size>0x0</size>
      </object_component>
      <object_component id="oc-a7">
         <name>.cinit</name>
         <load_address>0xc800</load_address>
         <run_address>0xc800</run_address>
         <size>0x52</size>
         <input_file_ref idref="fl-57"/>
      </object_component>
      <object_component id="oc-bb">
         <name>.const:.string</name>
         <load_address>0xc854</load_address>
         <run_address>0xc854</run_address>
         <size>0x2a</size>
         <input_file_ref idref="fl-57"/>
      </object_component>
      <object_component id="oc-c0">
         <name>.const:.string</name>
         <load_address>0xc87e</load_address>
         <run_address>0xc87e</run_address>
         <size>0x14</size>
         <input_file_ref idref="fl-58"/>
      </object_component>
      <object_component id="oc-e5">
         <name>.const:.string:$P$T0$1$17</name>
         <load_address>0xc892</load_address>
         <run_address>0xc892</run_address>
         <size>0x4</size>
         <input_file_ref idref="fl-4b"/>
      </object_component>
      <object_component id="oc-e3">
         <name>.text:hci_event_handler</name>
         <load_address>0xca00</load_address>
         <run_address>0xca00</run_address>
         <size>0x31c</size>
         <input_file_ref idref="fl-50"/>
      </object_component>
      <object_component id="oc-f5">
         <name>.text:hci_unsol_event_handler</name>
         <load_address>0xcd1c</load_address>
         <run_address>0xcd1c</run_address>
         <size>0x28e</size>
         <input_file_ref idref="fl-50"/>
      </object_component>
      <object_component id="oc-d2">
         <name>.text:main</name>
         <load_address>0xcfaa</load_address>
         <run_address>0xcfaa</run_address>
         <size>0x112</size>
         <input_file_ref idref="fl-5"/>
      </object_component>
      <object_component id="oc-101">
         <name>.text:_setfield</name>
         <load_address>0xd0bc</load_address>
         <run_address>0xd0bc</run_address>
         <size>0x10e</size>
         <input_file_ref idref="fl-58"/>
      </object_component>
      <object_component id="oc-e4">
         <name>.text:wlan_connect</name>
         <load_address>0xd1ca</load_address>
         <run_address>0xd1ca</run_address>
         <size>0x102</size>
         <input_file_ref idref="fl-4b"/>
      </object_component>
      <object_component id="oc-f4">
         <name>.text:SpiWrite</name>
         <load_address>0xd2cc</load_address>
         <run_address>0xd2cc</run_address>
         <size>0xf6</size>
         <input_file_ref idref="fl-4a"/>
      </object_component>
      <object_component id="oc-fc">
         <name>.text:hci_patch_send</name>
         <load_address>0xd3c2</load_address>
         <run_address>0xd3c2</run_address>
         <size>0xf2</size>
         <input_file_ref idref="fl-4f"/>
      </object_component>
      <object_component id="oc-df">
         <name>.text:wlan_start</name>
         <load_address>0xd4b4</load_address>
         <run_address>0xd4b4</run_address>
         <size>0xde</size>
         <input_file_ref idref="fl-4b"/>
      </object_component>
      <object_component id="oc-f1">
         <name>.text:CC3000_UsynchCallback</name>
         <load_address>0xd592</load_address>
         <run_address>0xd592</run_address>
         <size>0xd2</size>
         <input_file_ref idref="fl-5"/>
      </object_component>
      <object_component id="oc-d8">
         <name>.text:initDriver</name>
         <load_address>0xd664</load_address>
         <run_address>0xd664</run_address>
         <size>0xcc</size>
         <input_file_ref idref="fl-5"/>
      </object_component>
      <object_component id="oc-db">
         <name>.text:ADC10routine</name>
         <load_address>0xd730</load_address>
         <run_address>0xd730</run_address>
         <size>0xc8</size>
         <input_file_ref idref="fl-5"/>
      </object_component>
      <object_component id="oc-ff">
         <name>.text:_printfi_minimal</name>
         <load_address>0xd7f8</load_address>
         <run_address>0xd7f8</run_address>
         <size>0xc0</size>
         <input_file_ref idref="fl-58"/>
      </object_component>
      <object_component id="oc-dd">
         <name>.text:pio_init</name>
         <load_address>0xd8b8</load_address>
         <run_address>0xd8b8</run_address>
         <size>0xaa</size>
         <input_file_ref idref="fl-4"/>
      </object_component>
      <object_component id="oc-d6">
         <name>.text:SSIContReadOperation</name>
         <load_address>0xd962</load_address>
         <run_address>0xd962</run_address>
         <size>0x98</size>
         <input_file_ref idref="fl-4a"/>
      </object_component>
      <object_component id="oc-f8">
         <name>.text:hci_unsol_handle_patch_request</name>
         <load_address>0xd9fa</load_address>
         <run_address>0xd9fa</run_address>
         <size>0x96</size>
         <input_file_ref idref="fl-50"/>
      </object_component>
      <object_component id="oc-dc">
         <name>.text:ConnectToServer</name>
         <load_address>0xda90</load_address>
         <run_address>0xda90</run_address>
         <size>0x80</size>
         <input_file_ref idref="fl-4b"/>
      </object_component>
      <object_component id="oc-b9">
         <name>.text:_isr:IntSpiGPIOHandler</name>
         <load_address>0xdb10</load_address>
         <run_address>0xdb10</run_address>
         <size>0x70</size>
         <input_file_ref idref="fl-4a"/>
      </object_component>
      <object_component id="oc-e9">
         <name>.text:connect</name>
         <load_address>0xdb80</load_address>
         <run_address>0xdb80</run_address>
         <size>0x6a</size>
         <input_file_ref idref="fl-4c"/>
      </object_component>
      <object_component id="oc-da">
         <name>.text:toggleLed</name>
         <load_address>0xdbea</load_address>
         <run_address>0xdbea</run_address>
         <size>0x68</size>
         <input_file_ref idref="fl-4"/>
      </object_component>
      <object_component id="oc-f9">
         <name>.text:turnLedOff</name>
         <load_address>0xdc52</load_address>
         <run_address>0xdc52</run_address>
         <size>0x68</size>
         <input_file_ref idref="fl-4"/>
      </object_component>
      <object_component id="oc-e0">
         <name>.text:turnLedOn</name>
         <load_address>0xdcba</load_address>
         <run_address>0xdcba</run_address>
         <size>0x68</size>
         <input_file_ref idref="fl-4"/>
      </object_component>
      <object_component id="oc-d9">
         <name>.text:ConnectToAP</name>
         <load_address>0xdd22</load_address>
         <run_address>0xdd22</run_address>
         <size>0x60</size>
         <input_file_ref idref="fl-4b"/>
      </object_component>
      <object_component id="oc-e6">
         <name>.text:socket</name>
         <load_address>0xdd82</load_address>
         <run_address>0xdd82</run_address>
         <size>0x60</size>
         <input_file_ref idref="fl-4c"/>
      </object_component>
      <object_component id="oc-f6">
         <name>.text:set_socket_active_status</name>
         <load_address>0xdde2</load_address>
         <run_address>0xdde2</run_address>
         <size>0x5e</size>
         <input_file_ref idref="fl-50"/>
      </object_component>
      <object_component id="oc-106">
         <name>.text:_ltostr</name>
         <load_address>0xde40</load_address>
         <run_address>0xde40</run_address>
         <size>0x52</size>
         <input_file_ref idref="fl-58"/>
      </object_component>
      <object_component id="oc-103">
         <name>.text:_pproc_diouxp</name>
         <load_address>0xde92</load_address>
         <run_address>0xde92</run_address>
         <size>0x4c</size>
         <input_file_ref idref="fl-58"/>
      </object_component>
      <object_component id="oc-d1">
         <name>.text:_auto_init</name>
         <load_address>0xdede</load_address>
         <run_address>0xdede</run_address>
         <size>0x48</size>
         <input_file_ref idref="fl-47"/>
      </object_component>
      <object_component id="oc-de">
         <name>.text:wlan_init</name>
         <load_address>0xdf26</load_address>
         <run_address>0xdf26</run_address>
         <size>0x46</size>
         <input_file_ref idref="fl-4b"/>
      </object_component>
      <object_component id="oc-d5">
         <name>.text:SpiReadDataSynchronous</name>
         <load_address>0xdf6c</load_address>
         <run_address>0xdf6c</run_address>
         <size>0x44</size>
         <input_file_ref idref="fl-4a"/>
      </object_component>
      <object_component id="oc-102">
         <name>.text:_pproc_str</name>
         <load_address>0xdfb0</load_address>
         <run_address>0xdfb0</run_address>
         <size>0x40</size>
         <input_file_ref idref="fl-58"/>
      </object_component>
      <object_component id="oc-e8">
         <name>.text:l_lsl_const</name>
         <load_address>0xdff0</load_address>
         <run_address>0xdff0</run_address>
         <size>0x3e</size>
         <input_file_ref idref="fl-55"/>
      </object_component>
      <object_component id="oc-f3">
         <name>.text:l_lsr_const</name>
         <load_address>0xe02e</load_address>
         <run_address>0xe02e</run_address>
         <size>0x3e</size>
         <input_file_ref idref="fl-56"/>
      </object_component>
      <object_component id="oc-fa">
         <name>.text:sprintf</name>
         <load_address>0xe06c</load_address>
         <run_address>0xe06c</run_address>
         <size>0x38</size>
         <input_file_ref idref="fl-42"/>
      </object_component>
      <object_component id="oc-b5">
         <name>.text:_isr:USCI_A0_ISR</name>
         <load_address>0xe0a4</load_address>
         <run_address>0xe0a4</run_address>
         <size>0x36</size>
         <input_file_ref idref="fl-52"/>
      </object_component>
      <object_component id="oc-f7">
         <name>.text:STREAM_TO_UINT32_f</name>
         <load_address>0xe0da</load_address>
         <run_address>0xe0da</run_address>
         <size>0x30</size>
         <input_file_ref idref="fl-51"/>
      </object_component>
      <object_component id="oc-f2">
         <name>.text:SpiReceiveHandler</name>
         <load_address>0xe10a</load_address>
         <run_address>0xe10a</run_address>
         <size>0x2e</size>
         <input_file_ref idref="fl-4b"/>
      </object_component>
      <object_component id="oc-105">
         <name>.text:_getarg_diouxp</name>
         <load_address>0xe138</load_address>
         <run_address>0xe138</run_address>
         <size>0x2e</size>
         <input_file_ref idref="fl-58"/>
      </object_component>
      <object_component id="oc-ba">
         <name>.text:_isr:ADC10_read_In</name>
         <load_address>0xe166</load_address>
         <run_address>0xe166</run_address>
         <size>0x2e</size>
         <input_file_ref idref="fl-5"/>
      </object_component>
      <object_component id="oc-e2">
         <name>.text:hci_command_send</name>
         <load_address>0xe194</load_address>
         <run_address>0xe194</run_address>
         <size>0x2c</size>
         <input_file_ref idref="fl-4f"/>
      </object_component>
      <object_component id="oc-6f">
         <name>.text</name>
         <load_address>0xe1c0</load_address>
         <run_address>0xe1c0</run_address>
         <size>0x2c</size>
         <input_file_ref idref="fl-3b"/>
      </object_component>
      <object_component id="oc-d4">
         <name>.text:SpiWriteDataSynchronous</name>
         <load_address>0xe1ec</load_address>
         <run_address>0xe1ec</run_address>
         <size>0x2a</size>
         <input_file_ref idref="fl-4a"/>
      </object_component>
      <object_component id="oc-65">
         <name>.text:_isr:_c_int00_noexit</name>
         <load_address>0xe216</load_address>
         <run_address>0xe216</run_address>
         <size>0x2a</size>
         <input_file_ref idref="fl-36"/>
      </object_component>
      <object_component id="oc-e1">
         <name>.text:UINT32_TO_STREAM_f</name>
         <load_address>0xe240</load_address>
         <run_address>0xe240</run_address>
         <size>0x28</size>
         <input_file_ref idref="fl-51"/>
      </object_component>
      <object_component id="oc-104">
         <name>.text:memccpy</name>
         <load_address>0xe268</load_address>
         <run_address>0xe268</run_address>
         <size>0x1c</size>
         <input_file_ref idref="fl-5c"/>
      </object_component>
      <object_component id="oc-107">
         <name>.text:_div</name>
         <load_address>0xe284</load_address>
         <run_address>0xe284</run_address>
         <size>0x1a</size>
         <input_file_ref idref="fl-58"/>
      </object_component>
      <object_component id="oc-fd">
         <name>.text:_outs$10</name>
         <load_address>0xe29e</load_address>
         <run_address>0xe29e</run_address>
         <size>0x18</size>
         <input_file_ref idref="fl-42"/>
      </object_component>
      <object_component id="oc-b7">
         <name>.text:_isr:Timer__Off</name>
         <load_address>0xe2b6</load_address>
         <run_address>0xe2b6</run_address>
         <size>0x16</size>
         <input_file_ref idref="fl-5"/>
      </object_component>
      <object_component id="oc-73">
         <name>.text</name>
         <load_address>0xe2cc</load_address>
         <run_address>0xe2cc</run_address>
         <size>0x16</size>
         <input_file_ref idref="fl-3c"/>
      </object_component>
      <object_component id="oc-7a">
         <name>.text</name>
         <load_address>0xe2e2</load_address>
         <run_address>0xe2e2</run_address>
         <size>0x16</size>
         <input_file_ref idref="fl-40"/>
      </object_component>
      <object_component id="oc-fe">
         <name>.text:_outc$10</name>
         <load_address>0xe2f8</load_address>
         <run_address>0xe2f8</run_address>
         <size>0x12</size>
         <input_file_ref idref="fl-42"/>
      </object_component>
      <object_component id="oc-d7">
         <name>.text:memcpy</name>
         <load_address>0xe30a</load_address>
         <run_address>0xe30a</run_address>
         <size>0x12</size>
         <input_file_ref idref="fl-3e"/>
      </object_component>
      <object_component id="oc-e7">
         <name>.text:memset</name>
         <load_address>0xe31c</load_address>
         <run_address>0xe31c</run_address>
         <size>0x12</size>
         <input_file_ref idref="fl-49"/>
      </object_component>
      <object_component id="oc-ee">
         <name>.text:WlanInterruptEnable</name>
         <load_address>0xe32e</load_address>
         <run_address>0xe32e</run_address>
         <size>0x10</size>
         <input_file_ref idref="fl-4"/>
      </object_component>
      <object_component id="oc-f0">
         <name>.text:WriteWlanPin</name>
         <load_address>0xe33e</load_address>
         <run_address>0xe33e</run_address>
         <size>0x10</size>
         <input_file_ref idref="fl-4"/>
      </object_component>
      <object_component id="oc-fb">
         <name>.text:l_lsl</name>
         <load_address>0xe34e</load_address>
         <run_address>0xe34e</run_address>
         <size>0x10</size>
         <input_file_ref idref="fl-55"/>
      </object_component>
      <object_component id="oc-100">
         <name>.text:strlen</name>
         <load_address>0xe35e</load_address>
         <run_address>0xe35e</run_address>
         <size>0xe</size>
         <input_file_ref idref="fl-43"/>
      </object_component>
      <object_component id="oc-ed">
         <name>.text:ReadWlanInterruptPin</name>
         <load_address>0xe36c</load_address>
         <run_address>0xe36c</run_address>
         <size>0xa</size>
         <input_file_ref idref="fl-4"/>
      </object_component>
      <object_component id="oc-b8">
         <name>.text:_isr:TIMER1_A0_ISR</name>
         <load_address>0xe376</load_address>
         <run_address>0xe376</run_address>
         <size>0xa</size>
         <input_file_ref idref="fl-4"/>
      </object_component>
      <object_component id="oc-84">
         <name>.text</name>
         <load_address>0xe380</load_address>
         <run_address>0xe380</run_address>
         <size>0xa</size>
         <input_file_ref idref="fl-54"/>
      </object_component>
      <object_component id="oc-ec">
         <name>.text:sendBootLoaderPatch</name>
         <load_address>0xe38a</load_address>
         <run_address>0xe38a</run_address>
         <size>0xa</size>
         <input_file_ref idref="fl-5"/>
      </object_component>
      <object_component id="oc-eb">
         <name>.text:sendDriverPatch</name>
         <load_address>0xe394</load_address>
         <run_address>0xe394</run_address>
         <size>0xa</size>
         <input_file_ref idref="fl-5"/>
      </object_component>
      <object_component id="oc-ea">
         <name>.text:sendWLFWPatch</name>
         <load_address>0xe39e</load_address>
         <run_address>0xe39e</run_address>
         <size>0xa</size>
         <input_file_ref idref="fl-5"/>
      </object_component>
      <object_component id="oc-ef">
         <name>.text:WlanInterruptDisable</name>
         <load_address>0xe3a8</load_address>
         <run_address>0xe3a8</run_address>
         <size>0x6</size>
         <input_file_ref idref="fl-4"/>
      </object_component>
      <object_component id="oc-b6">
         <name>.text:_isr:Trap_ISR</name>
         <load_address>0xe3ae</load_address>
         <run_address>0xe3ae</run_address>
         <size>0x4</size>
         <input_file_ref idref="fl-4"/>
      </object_component>
      <object_component id="oc-d0">
         <name>.text:_system_pre_init</name>
         <load_address>0xe3b2</load_address>
         <run_address>0xe3b2</run_address>
         <size>0x4</size>
         <input_file_ref idref="fl-41"/>
      </object_component>
      <object_component id="oc-d3">
         <name>.text:abort</name>
         <load_address>0xe3b6</load_address>
         <run_address>0xe3b6</run_address>
         <size>0x4</size>
         <input_file_ref idref="fl-3d"/>
      </object_component>
      <object_component id="oc-cf">
         <name>.text:_nop</name>
         <load_address>0xe3ba</load_address>
         <run_address>0xe3ba</run_address>
         <size>0x2</size>
         <input_file_ref idref="fl-44"/>
      </object_component>
      <object_component id="oc-66">
         <name>.bss</name>
         <uninitialized>true</uninitialized>
         <run_address>0x1df4</run_address>
         <size>0x8</size>
         <input_file_ref idref="fl-36"/>
      </object_component>
      <object_component id="oc-a8">
         <name>.bss</name>
         <uninitialized>true</uninitialized>
         <run_address>0x1de4</run_address>
         <size>0x8</size>
         <input_file_ref idref="fl-2"/>
      </object_component>
      <object_component id="oc-a9">
         <name>.bss</name>
         <uninitialized>true</uninitialized>
         <run_address>0x1e08</run_address>
         <size>0x2</size>
         <input_file_ref idref="fl-4"/>
      </object_component>
      <object_component id="oc-aa">
         <name>.bss</name>
         <uninitialized>true</uninitialized>
         <run_address>0x1d8a</run_address>
         <size>0x43</size>
         <input_file_ref idref="fl-52"/>
      </object_component>
      <object_component id="oc-ab">
         <name>.bss</name>
         <uninitialized>true</uninitialized>
         <run_address>0x1d42</run_address>
         <size>0x48</size>
         <input_file_ref idref="fl-5"/>
      </object_component>
      <object_component id="oc-ac">
         <name>.bss</name>
         <uninitialized>true</uninitialized>
         <run_address>0x1dec</run_address>
         <size>0x8</size>
         <input_file_ref idref="fl-44"/>
      </object_component>
      <object_component id="oc-ae">
         <name>.bss</name>
         <uninitialized>true</uninitialized>
         <run_address>0x1dfc</run_address>
         <size>0x8</size>
         <input_file_ref idref="fl-3f"/>
      </object_component>
      <object_component id="oc-af">
         <name>.bss</name>
         <uninitialized>true</uninitialized>
         <run_address>0x1cb0</run_address>
         <size>0x92</size>
         <input_file_ref idref="fl-4b"/>
      </object_component>
      <object_component id="oc-b0">
         <name>.bss</name>
         <uninitialized>true</uninitialized>
         <run_address>0x1dce</run_address>
         <size>0x16</size>
         <input_file_ref idref="fl-4a"/>
      </object_component>
      <object_component id="oc-b2">
         <name>.bss</name>
         <uninitialized>true</uninitialized>
         <run_address>0x1e0a</run_address>
         <size>0x2</size>
         <input_file_ref idref="fl-53"/>
      </object_component>
      <object_component id="oc-b3">
         <name>.bss</name>
         <uninitialized>true</uninitialized>
         <run_address>0x1c00</run_address>
         <size>0xb0</size>
         <input_file_ref idref="fl-4d"/>
      </object_component>
      <object_component id="oc-b4">
         <name>.bss</name>
         <uninitialized>true</uninitialized>
         <run_address>0x1e04</run_address>
         <size>0x4</size>
         <input_file_ref idref="fl-50"/>
      </object_component>
      <object_component id="oc-68">
         <name>.stack</name>
         <uninitialized>true</uninitialized>
         <run_address>0x1e90</run_address>
         <size>0x2</size>
         <input_file_ref idref="fl-36"/>
      </object_component>
      <object_component id="oc-158">
         <name>.stack</name>
         <uninitialized>true</uninitialized>
         <run_address>0x1e90</run_address>
         <size>0x0</size>
      </object_component>
      <object_component id="oc-b1">
         <name>.FRAM_DATA</name>
         <uninitialized>true</uninitialized>
         <run_address>0xc200</run_address>
         <size>0x108</size>
         <input_file_ref idref="fl-4a"/>
      </object_component>
      <object_component id="oc-99">
         <name>.int31</name>
         <load_address>0xffce</load_address>
         <run_address>0xffce</run_address>
         <size>0x2</size>
         <input_file_ref idref="fl-57"/>
      </object_component>
      <object_component id="oc-98">
         <name>.int32</name>
         <load_address>0xffd0</load_address>
         <run_address>0xffd0</run_address>
         <size>0x2</size>
         <input_file_ref idref="fl-57"/>
      </object_component>
      <object_component id="oc-97">
         <name>.int33</name>
         <load_address>0xffd2</load_address>
         <run_address>0xffd2</run_address>
         <size>0x2</size>
         <input_file_ref idref="fl-57"/>
      </object_component>
      <object_component id="oc-9f">
         <name>.int34</name>
         <load_address>0xffd4</load_address>
         <run_address>0xffd4</run_address>
         <size>0x2</size>
         <input_file_ref idref="fl-57"/>
      </object_component>
      <object_component id="oc-9e">
         <name>.int35</name>
         <load_address>0xffd6</load_address>
         <run_address>0xffd6</run_address>
         <size>0x2</size>
         <input_file_ref idref="fl-57"/>
      </object_component>
      <object_component id="oc-a5">
         <name>.int36</name>
         <load_address>0xffd8</load_address>
         <run_address>0xffd8</run_address>
         <size>0x2</size>
         <input_file_ref idref="fl-57"/>
      </object_component>
      <object_component id="oc-9d">
         <name>.int37</name>
         <load_address>0xffda</load_address>
         <run_address>0xffda</run_address>
         <size>0x2</size>
         <input_file_ref idref="fl-57"/>
      </object_component>
      <object_component id="oc-9c">
         <name>.int38</name>
         <load_address>0xffdc</load_address>
         <run_address>0xffdc</run_address>
         <size>0x2</size>
         <input_file_ref idref="fl-57"/>
      </object_component>
      <object_component id="oc-90">
         <name>.int39</name>
         <load_address>0xffde</load_address>
         <run_address>0xffde</run_address>
         <size>0x2</size>
         <input_file_ref idref="fl-57"/>
      </object_component>
      <object_component id="oc-92">
         <name>.int40</name>
         <load_address>0xffe0</load_address>
         <run_address>0xffe0</run_address>
         <size>0x2</size>
         <input_file_ref idref="fl-57"/>
      </object_component>
      <object_component id="oc-8f">
         <name>.int41</name>
         <load_address>0xffe2</load_address>
         <run_address>0xffe2</run_address>
         <size>0x2</size>
         <input_file_ref idref="fl-57"/>
      </object_component>
      <object_component id="oc-96">
         <name>.int42</name>
         <load_address>0xffe4</load_address>
         <run_address>0xffe4</run_address>
         <size>0x2</size>
         <input_file_ref idref="fl-57"/>
      </object_component>
      <object_component id="oc-a1">
         <name>.int43</name>
         <load_address>0xffe6</load_address>
         <run_address>0xffe6</run_address>
         <size>0x2</size>
         <input_file_ref idref="fl-57"/>
      </object_component>
      <object_component id="oc-93">
         <name>.int44</name>
         <load_address>0xffe8</load_address>
         <run_address>0xffe8</run_address>
         <size>0x2</size>
         <input_file_ref idref="fl-57"/>
      </object_component>
      <object_component id="oc-a3">
         <name>.int45</name>
         <load_address>0xffea</load_address>
         <run_address>0xffea</run_address>
         <size>0x2</size>
         <input_file_ref idref="fl-57"/>
      </object_component>
      <object_component id="oc-a4">
         <name>.int46</name>
         <load_address>0xffec</load_address>
         <run_address>0xffec</run_address>
         <size>0x2</size>
         <input_file_ref idref="fl-57"/>
      </object_component>
      <object_component id="oc-a2">
         <name>.int47</name>
         <load_address>0xffee</load_address>
         <run_address>0xffee</run_address>
         <size>0x2</size>
         <input_file_ref idref="fl-57"/>
      </object_component>
      <object_component id="oc-a6">
         <name>.int48</name>
         <load_address>0xfff0</load_address>
         <run_address>0xfff0</run_address>
         <size>0x2</size>
         <input_file_ref idref="fl-57"/>
      </object_component>
      <object_component id="oc-91">
         <name>.int49</name>
         <load_address>0xfff2</load_address>
         <run_address>0xfff2</run_address>
         <size>0x2</size>
         <input_file_ref idref="fl-57"/>
      </object_component>
      <object_component id="oc-9b">
         <name>.int50</name>
         <load_address>0xfff4</load_address>
         <run_address>0xfff4</run_address>
         <size>0x2</size>
         <input_file_ref idref="fl-57"/>
      </object_component>
      <object_component id="oc-9a">
         <name>.int51</name>
         <load_address>0xfff6</load_address>
         <run_address>0xfff6</run_address>
         <size>0x2</size>
         <input_file_ref idref="fl-57"/>
      </object_component>
      <object_component id="oc-95">
         <name>.int52</name>
         <load_address>0xfff8</load_address>
         <run_address>0xfff8</run_address>
         <size>0x2</size>
         <input_file_ref idref="fl-57"/>
      </object_component>
      <object_component id="oc-94">
         <name>.int53</name>
         <load_address>0xfffa</load_address>
         <run_address>0xfffa</run_address>
         <size>0x2</size>
         <input_file_ref idref="fl-57"/>
      </object_component>
      <object_component id="oc-a0">
         <name>.int54</name>
         <load_address>0xfffc</load_address>
         <run_address>0xfffc</run_address>
         <size>0x2</size>
         <input_file_ref idref="fl-57"/>
      </object_component>
      <object_component id="oc-69">
         <name>.reset</name>
         <load_address>0xfffe</load_address>
         <run_address>0xfffe</run_address>
         <size>0x2</size>
         <input_file_ref idref="fl-36"/>
      </object_component>
      <object_component id="oc-67">
         <name>.debug_info</name>
         <load_address>0x0</load_address>
         <run_address>0x0</run_address>
         <size>0x432</size>
         <input_file_ref idref="fl-36"/>
      </object_component>
      <object_component id="oc-6c">
         <name>.debug_info</name>
         <load_address>0x432</load_address>
         <run_address>0x432</run_address>
         <size>0x8b</size>
         <input_file_ref idref="fl-3a"/>
      </object_component>
      <object_component id="oc-70">
         <name>.debug_info</name>
         <load_address>0x4bd</load_address>
         <run_address>0x4bd</run_address>
         <size>0xc5</size>
         <input_file_ref idref="fl-3b"/>
      </object_component>
      <object_component id="oc-74">
         <name>.debug_info</name>
         <load_address>0x582</load_address>
         <run_address>0x582</run_address>
         <size>0xb8</size>
         <input_file_ref idref="fl-3c"/>
      </object_component>
      <object_component id="oc-77">
         <name>.debug_info</name>
         <load_address>0x63a</load_address>
         <run_address>0x63a</run_address>
         <size>0x2c6</size>
         <input_file_ref idref="fl-3d"/>
      </object_component>
      <object_component id="oc-7b">
         <name>.debug_info</name>
         <load_address>0x900</load_address>
         <run_address>0x900</run_address>
         <size>0xc7</size>
         <input_file_ref idref="fl-40"/>
      </object_component>
      <object_component id="oc-7e">
         <name>.debug_info</name>
         <load_address>0x9c7</load_address>
         <run_address>0x9c7</run_address>
         <size>0x277</size>
         <input_file_ref idref="fl-46"/>
      </object_component>
      <object_component id="oc-81">
         <name>.debug_info</name>
         <load_address>0xc3e</load_address>
         <run_address>0xc3e</run_address>
         <size>0x37f</size>
         <input_file_ref idref="fl-47"/>
      </object_component>
      <object_component id="oc-85">
         <name>.debug_info</name>
         <load_address>0xfbd</load_address>
         <run_address>0xfbd</run_address>
         <size>0xb5</size>
         <input_file_ref idref="fl-54"/>
      </object_component>
      <object_component id="oc-88">
         <name>.debug_info</name>
         <load_address>0x1072</load_address>
         <run_address>0x1072</run_address>
         <size>0xe8</size>
         <input_file_ref idref="fl-55"/>
      </object_component>
      <object_component id="oc-8b">
         <name>.debug_info</name>
         <load_address>0x115a</load_address>
         <run_address>0x115a</run_address>
         <size>0xbb</size>
         <input_file_ref idref="fl-56"/>
      </object_component>
      <object_component id="oc-8e">
         <name>.debug_info</name>
         <load_address>0x1215</load_address>
         <run_address>0x1215</run_address>
         <size>0x81e7</size>
         <input_file_ref idref="fl-57"/>
      </object_component>
      <object_component id="oc-bf">
         <name>.debug_info</name>
         <load_address>0x93fc</load_address>
         <run_address>0x93fc</run_address>
         <size>0xa42</size>
         <input_file_ref idref="fl-58"/>
      </object_component>
      <object_component id="oc-c3">
         <name>.debug_info</name>
         <load_address>0x9e3e</load_address>
         <run_address>0x9e3e</run_address>
         <size>0x26b</size>
         <input_file_ref idref="fl-59"/>
      </object_component>
      <object_component id="oc-c6">
         <name>.debug_info</name>
         <load_address>0xa0a9</load_address>
         <run_address>0xa0a9</run_address>
         <size>0x265</size>
         <input_file_ref idref="fl-5a"/>
      </object_component>
      <object_component id="oc-c9">
         <name>.debug_info</name>
         <load_address>0xa30e</load_address>
         <run_address>0xa30e</run_address>
         <size>0x26e</size>
         <input_file_ref idref="fl-5b"/>
      </object_component>
      <object_component id="oc-cc">
         <name>.debug_info</name>
         <load_address>0xa57c</load_address>
         <run_address>0xa57c</run_address>
         <size>0x2c4</size>
         <input_file_ref idref="fl-5c"/>
      </object_component>
      <object_component id="oc-15a">
         <name>.debug_info</name>
         <load_address>0xa840</load_address>
         <run_address>0xa840</run_address>
         <size>0x6a</size>
      </object_component>
      <object_component id="oc-6a">
         <name>.debug_line</name>
         <load_address>0x0</load_address>
         <run_address>0x0</run_address>
         <size>0x3a</size>
         <input_file_ref idref="fl-36"/>
      </object_component>
      <object_component id="oc-6d">
         <name>.debug_line</name>
         <load_address>0x3a</load_address>
         <run_address>0x3a</run_address>
         <size>0x2a</size>
         <input_file_ref idref="fl-3a"/>
      </object_component>
      <object_component id="oc-71">
         <name>.debug_line</name>
         <load_address>0x64</load_address>
         <run_address>0x64</run_address>
         <size>0x4a</size>
         <input_file_ref idref="fl-3b"/>
      </object_component>
      <object_component id="oc-75">
         <name>.debug_line</name>
         <load_address>0xae</load_address>
         <run_address>0xae</run_address>
         <size>0x40</size>
         <input_file_ref idref="fl-3c"/>
      </object_component>
      <object_component id="oc-78">
         <name>.debug_line</name>
         <load_address>0xee</load_address>
         <run_address>0xee</run_address>
         <size>0x38</size>
         <input_file_ref idref="fl-3d"/>
      </object_component>
      <object_component id="oc-7c">
         <name>.debug_line</name>
         <load_address>0x126</load_address>
         <run_address>0x126</run_address>
         <size>0x42</size>
         <input_file_ref idref="fl-40"/>
      </object_component>
      <object_component id="oc-7f">
         <name>.debug_line</name>
         <load_address>0x168</load_address>
         <run_address>0x168</run_address>
         <size>0x29</size>
         <input_file_ref idref="fl-46"/>
      </object_component>
      <object_component id="oc-82">
         <name>.debug_line</name>
         <load_address>0x191</load_address>
         <run_address>0x191</run_address>
         <size>0x46</size>
         <input_file_ref idref="fl-47"/>
      </object_component>
      <object_component id="oc-86">
         <name>.debug_line</name>
         <load_address>0x1d7</load_address>
         <run_address>0x1d7</run_address>
         <size>0x38</size>
         <input_file_ref idref="fl-54"/>
      </object_component>
      <object_component id="oc-89">
         <name>.debug_line</name>
         <load_address>0x20f</load_address>
         <run_address>0x20f</run_address>
         <size>0x6a</size>
         <input_file_ref idref="fl-55"/>
      </object_component>
      <object_component id="oc-8c">
         <name>.debug_line</name>
         <load_address>0x279</load_address>
         <run_address>0x279</run_address>
         <size>0x56</size>
         <input_file_ref idref="fl-56"/>
      </object_component>
      <object_component id="oc-bd">
         <name>.debug_line</name>
         <load_address>0x2cf</load_address>
         <run_address>0x2cf</run_address>
         <size>0x122c</size>
         <input_file_ref idref="fl-57"/>
      </object_component>
      <object_component id="oc-c1">
         <name>.debug_line</name>
         <load_address>0x14fb</load_address>
         <run_address>0x14fb</run_address>
         <size>0xeb</size>
         <input_file_ref idref="fl-58"/>
      </object_component>
      <object_component id="oc-c4">
         <name>.debug_line</name>
         <load_address>0x15e6</load_address>
         <run_address>0x15e6</run_address>
         <size>0x34</size>
         <input_file_ref idref="fl-59"/>
      </object_component>
      <object_component id="oc-c7">
         <name>.debug_line</name>
         <load_address>0x161a</load_address>
         <run_address>0x161a</run_address>
         <size>0x33</size>
         <input_file_ref idref="fl-5a"/>
      </object_component>
      <object_component id="oc-ca">
         <name>.debug_line</name>
         <load_address>0x164d</load_address>
         <run_address>0x164d</run_address>
         <size>0x2e</size>
         <input_file_ref idref="fl-5b"/>
      </object_component>
      <object_component id="oc-cd">
         <name>.debug_line</name>
         <load_address>0x167b</load_address>
         <run_address>0x167b</run_address>
         <size>0x3f</size>
         <input_file_ref idref="fl-5c"/>
      </object_component>
      <object_component id="oc-6b">
         <name>.debug_abbrev</name>
         <load_address>0x0</load_address>
         <run_address>0x0</run_address>
         <size>0x11f</size>
         <input_file_ref idref="fl-36"/>
      </object_component>
      <object_component id="oc-6e">
         <name>.debug_abbrev</name>
         <load_address>0x11f</load_address>
         <run_address>0x11f</run_address>
         <size>0x32</size>
         <input_file_ref idref="fl-3a"/>
      </object_component>
      <object_component id="oc-72">
         <name>.debug_abbrev</name>
         <load_address>0x151</load_address>
         <run_address>0x151</run_address>
         <size>0x46</size>
         <input_file_ref idref="fl-3b"/>
      </object_component>
      <object_component id="oc-76">
         <name>.debug_abbrev</name>
         <load_address>0x197</load_address>
         <run_address>0x197</run_address>
         <size>0x38</size>
         <input_file_ref idref="fl-3c"/>
      </object_component>
      <object_component id="oc-79">
         <name>.debug_abbrev</name>
         <load_address>0x1cf</load_address>
         <run_address>0x1cf</run_address>
         <size>0xd8</size>
         <input_file_ref idref="fl-3d"/>
      </object_component>
      <object_component id="oc-7d">
         <name>.debug_abbrev</name>
         <load_address>0x2a7</load_address>
         <run_address>0x2a7</run_address>
         <size>0x38</size>
         <input_file_ref idref="fl-40"/>
      </object_component>
      <object_component id="oc-80">
         <name>.debug_abbrev</name>
         <load_address>0x2df</load_address>
         <run_address>0x2df</run_address>
         <size>0xd4</size>
         <input_file_ref idref="fl-46"/>
      </object_component>
      <object_component id="oc-83">
         <name>.debug_abbrev</name>
         <load_address>0x3b3</load_address>
         <run_address>0x3b3</run_address>
         <size>0xff</size>
         <input_file_ref idref="fl-47"/>
      </object_component>
      <object_component id="oc-87">
         <name>.debug_abbrev</name>
         <load_address>0x4b2</load_address>
         <run_address>0x4b2</run_address>
         <size>0x38</size>
         <input_file_ref idref="fl-54"/>
      </object_component>
      <object_component id="oc-8a">
         <name>.debug_abbrev</name>
         <load_address>0x4ea</load_address>
         <run_address>0x4ea</run_address>
         <size>0x38</size>
         <input_file_ref idref="fl-55"/>
      </object_component>
      <object_component id="oc-8d">
         <name>.debug_abbrev</name>
         <load_address>0x522</load_address>
         <run_address>0x522</run_address>
         <size>0x38</size>
         <input_file_ref idref="fl-56"/>
      </object_component>
      <object_component id="oc-be">
         <name>.debug_abbrev</name>
         <load_address>0x55a</load_address>
         <run_address>0x55a</run_address>
         <size>0x3b0</size>
         <input_file_ref idref="fl-57"/>
      </object_component>
      <object_component id="oc-c2">
         <name>.debug_abbrev</name>
         <load_address>0x90a</load_address>
         <run_address>0x90a</run_address>
         <size>0x192</size>
         <input_file_ref idref="fl-58"/>
      </object_component>
      <object_component id="oc-c5">
         <name>.debug_abbrev</name>
         <load_address>0xa9c</load_address>
         <run_address>0xa9c</run_address>
         <size>0xae</size>
         <input_file_ref idref="fl-59"/>
      </object_component>
      <object_component id="oc-c8">
         <name>.debug_abbrev</name>
         <load_address>0xb4a</load_address>
         <run_address>0xb4a</run_address>
         <size>0x10b</size>
         <input_file_ref idref="fl-5a"/>
      </object_component>
      <object_component id="oc-cb">
         <name>.debug_abbrev</name>
         <load_address>0xc55</load_address>
         <run_address>0xc55</run_address>
         <size>0xbd</size>
         <input_file_ref idref="fl-5b"/>
      </object_component>
      <object_component id="oc-ce">
         <name>.debug_abbrev</name>
         <load_address>0xd12</load_address>
         <run_address>0xd12</run_address>
         <size>0x9f</size>
         <input_file_ref idref="fl-5c"/>
      </object_component>
      <object_component id="oc-15b">
         <name>.debug_abbrev</name>
         <load_address>0xdb1</load_address>
         <run_address>0xdb1</run_address>
         <size>0xd</size>
      </object_component>
      <object_component id="oc-bc">
         <name>.debug_frame</name>
         <load_address>0x0</load_address>
         <run_address>0x0</run_address>
         <size>0x57d</size>
         <input_file_ref idref="fl-57"/>
      </object_component>
   </object_component_list>
   <logical_group_list>
      <logical_group id="lg-4">
         <name>.cio</name>
         <run_address>0xc600</run_address>
         <size>0x0</size>
         <contents>
         </contents>
      </logical_group>
      <logical_group id="lg-5">
         <name>.sysmem</name>
         <run_address>0xc600</run_address>
         <size>0x4</size>
         <contents>
            <object_component_ref idref="oc-ad"/>
            <object_component_ref idref="oc-159"/>
         </contents>
      </logical_group>
      <logical_group id="lg-3">
         <name>READ_WRITE_MEMORY</name>
         <run_address>0xc600</run_address>
         <size>0x4</size>
         <contents>
            <logical_group_ref idref="lg-4"/>
            <logical_group_ref idref="lg-5"/>
         </contents>
      </logical_group>
      <logical_group id="lg-7">
         <name>.cinit</name>
         <load_address>0xc800</load_address>
         <run_address>0xc800</run_address>
         <size>0x54</size>
         <contents>
            <object_component_ref idref="oc-a7"/>
         </contents>
      </logical_group>
      <logical_group id="lg-8">
         <name>.pinit</name>
         <run_address>0xc854</run_address>
         <size>0x0</size>
         <contents>
         </contents>
      </logical_group>
      <logical_group id="lg-9">
         <name>.init_array</name>
         <run_address>0xc854</run_address>
         <size>0x0</size>
         <contents>
         </contents>
      </logical_group>
      <logical_group id="lg-a">
         <name>.mspabi.exidx</name>
         <run_address>0xc854</run_address>
         <size>0x0</size>
         <contents>
         </contents>
      </logical_group>
      <logical_group id="lg-b">
         <name>.mspabi.extab</name>
         <run_address>0xc854</run_address>
         <size>0x0</size>
         <contents>
         </contents>
      </logical_group>
      <logical_group id="lg-c">
         <name>.const</name>
         <load_address>0xc854</load_address>
         <run_address>0xc854</run_address>
         <size>0x42</size>
         <contents>
            <object_component_ref idref="oc-bb"/>
            <object_component_ref idref="oc-c0"/>
            <object_component_ref idref="oc-e5"/>
         </contents>
      </logical_group>
      <logical_group id="lg-6">
         <name>READ_ONLY_MEMORY</name>
         <load_address>0xc800</load_address>
         <run_address>0xc800</run_address>
         <size>0x96</size>
         <contents>
            <logical_group_ref idref="lg-7"/>
            <logical_group_ref idref="lg-8"/>
            <logical_group_ref idref="lg-9"/>
            <logical_group_ref idref="lg-a"/>
            <logical_group_ref idref="lg-b"/>
            <logical_group_ref idref="lg-c"/>
         </contents>
      </logical_group>
      <logical_group id="lg-e">
         <name>.text</name>
         <load_address>0xca00</load_address>
         <run_address>0xca00</run_address>
         <size>0x19bc</size>
         <contents>
            <object_component_ref idref="oc-e3"/>
            <object_component_ref idref="oc-f5"/>
            <object_component_ref idref="oc-d2"/>
            <object_component_ref idref="oc-101"/>
            <object_component_ref idref="oc-e4"/>
            <object_component_ref idref="oc-f4"/>
            <object_component_ref idref="oc-fc"/>
            <object_component_ref idref="oc-df"/>
            <object_component_ref idref="oc-f1"/>
            <object_component_ref idref="oc-d8"/>
            <object_component_ref idref="oc-db"/>
            <object_component_ref idref="oc-ff"/>
            <object_component_ref idref="oc-dd"/>
            <object_component_ref idref="oc-d6"/>
            <object_component_ref idref="oc-f8"/>
            <object_component_ref idref="oc-dc"/>
            <object_component_ref idref="oc-b9"/>
            <object_component_ref idref="oc-e9"/>
            <object_component_ref idref="oc-da"/>
            <object_component_ref idref="oc-f9"/>
            <object_component_ref idref="oc-e0"/>
            <object_component_ref idref="oc-d9"/>
            <object_component_ref idref="oc-e6"/>
            <object_component_ref idref="oc-f6"/>
            <object_component_ref idref="oc-106"/>
            <object_component_ref idref="oc-103"/>
            <object_component_ref idref="oc-d1"/>
            <object_component_ref idref="oc-de"/>
            <object_component_ref idref="oc-d5"/>
            <object_component_ref idref="oc-102"/>
            <object_component_ref idref="oc-e8"/>
            <object_component_ref idref="oc-f3"/>
            <object_component_ref idref="oc-fa"/>
            <object_component_ref idref="oc-b5"/>
            <object_component_ref idref="oc-f7"/>
            <object_component_ref idref="oc-f2"/>
            <object_component_ref idref="oc-105"/>
            <object_component_ref idref="oc-ba"/>
            <object_component_ref idref="oc-e2"/>
            <object_component_ref idref="oc-6f"/>
            <object_component_ref idref="oc-d4"/>
            <object_component_ref idref="oc-65"/>
            <object_component_ref idref="oc-e1"/>
            <object_component_ref idref="oc-104"/>
            <object_component_ref idref="oc-107"/>
            <object_component_ref idref="oc-fd"/>
            <object_component_ref idref="oc-b7"/>
            <object_component_ref idref="oc-73"/>
            <object_component_ref idref="oc-7a"/>
            <object_component_ref idref="oc-fe"/>
            <object_component_ref idref="oc-d7"/>
            <object_component_ref idref="oc-e7"/>
            <object_component_ref idref="oc-ee"/>
            <object_component_ref idref="oc-f0"/>
            <object_component_ref idref="oc-fb"/>
            <object_component_ref idref="oc-100"/>
            <object_component_ref idref="oc-ed"/>
            <object_component_ref idref="oc-b8"/>
            <object_component_ref idref="oc-84"/>
            <object_component_ref idref="oc-ec"/>
            <object_component_ref idref="oc-eb"/>
            <object_component_ref idref="oc-ea"/>
            <object_component_ref idref="oc-ef"/>
            <object_component_ref idref="oc-b6"/>
            <object_component_ref idref="oc-d0"/>
            <object_component_ref idref="oc-d3"/>
            <object_component_ref idref="oc-cf"/>
         </contents>
      </logical_group>
      <logical_group id="lg-d">
         <name>EXECUTABLE_MEMORY</name>
         <load_address>0xca00</load_address>
         <run_address>0xca00</run_address>
         <size>0x19bc</size>
         <contents>
            <logical_group_ref idref="lg-e"/>
         </contents>
      </logical_group>
      <logical_group id="lg-2">
         <name>ALL_FRAM</name>
         <load_address>0xc600</load_address>
         <run_address>0xc600</run_address>
         <size>0x1dbc</size>
         <contents>
            <logical_group_ref idref="lg-3"/>
            <logical_group_ref idref="lg-6"/>
            <logical_group_ref idref="lg-d"/>
         </contents>
      </logical_group>
      <logical_group id="lg-f">
         <name>.bss</name>
         <run_address>0x1c00</run_address>
         <size>0x20c</size>
         <contents>
            <object_component_ref idref="oc-66"/>
            <object_component_ref idref="oc-a8"/>
            <object_component_ref idref="oc-a9"/>
            <object_component_ref idref="oc-aa"/>
            <object_component_ref idref="oc-ab"/>
            <object_component_ref idref="oc-ac"/>
            <object_component_ref idref="oc-ae"/>
            <object_component_ref idref="oc-af"/>
            <object_component_ref idref="oc-b0"/>
            <object_component_ref idref="oc-b2"/>
            <object_component_ref idref="oc-b3"/>
            <object_component_ref idref="oc-b4"/>
         </contents>
      </logical_group>
      <logical_group id="lg-10">
         <name>.data</name>
         <run_address>0x1c00</run_address>
         <size>0x0</size>
         <contents>
         </contents>
      </logical_group>
      <logical_group id="lg-11">
         <name>.stack</name>
         <run_address>0x1e90</run_address>
         <size>0x170</size>
         <contents>
            <object_component_ref idref="oc-68"/>
            <object_component_ref idref="oc-158"/>
         </contents>
      </logical_group>
      <logical_group id="lg-12">
         <name>.FRAM_DATA</name>
         <run_address>0xc200</run_address>
         <size>0x108</size>
         <contents>
            <object_component_ref idref="oc-b1"/>
         </contents>
      </logical_group>
      <logical_group id="lg-13">
         <name>.infoA</name>
         <run_address>0x0</run_address>
         <size>0x0</size>
         <contents>
         </contents>
      </logical_group>
      <logical_group id="lg-14">
         <name>.infoB</name>
         <run_address>0x0</run_address>
         <size>0x0</size>
         <contents>
         </contents>
      </logical_group>
      <logical_group id="lg-15">
         <name>.int00</name>
         <run_address>0x0</run_address>
         <size>0x0</size>
         <contents>
         </contents>
      </logical_group>
      <logical_group id="lg-16">
         <name>.int01</name>
         <run_address>0x0</run_address>
         <size>0x0</size>
         <contents>
         </contents>
      </logical_group>
      <logical_group id="lg-17">
         <name>.int02</name>
         <run_address>0x0</run_address>
         <size>0x0</size>
         <contents>
         </contents>
      </logical_group>
      <logical_group id="lg-18">
         <name>.int03</name>
         <run_address>0x0</run_address>
         <size>0x0</size>
         <contents>
         </contents>
      </logical_group>
      <logical_group id="lg-19">
         <name>.int04</name>
         <run_address>0x0</run_address>
         <size>0x0</size>
         <contents>
         </contents>
      </logical_group>
      <logical_group id="lg-1a">
         <name>.int05</name>
         <run_address>0x0</run_address>
         <size>0x0</size>
         <contents>
         </contents>
      </logical_group>
      <logical_group id="lg-1b">
         <name>.int06</name>
         <run_address>0x0</run_address>
         <size>0x0</size>
         <contents>
         </contents>
      </logical_group>
      <logical_group id="lg-1c">
         <name>.int07</name>
         <run_address>0x0</run_address>
         <size>0x0</size>
         <contents>
         </contents>
      </logical_group>
      <logical_group id="lg-1d">
         <name>.int08</name>
         <run_address>0x0</run_address>
         <size>0x0</size>
         <contents>
         </contents>
      </logical_group>
      <logical_group id="lg-1e">
         <name>.int09</name>
         <run_address>0x0</run_address>
         <size>0x0</size>
         <contents>
         </contents>
      </logical_group>
      <logical_group id="lg-1f">
         <name>.int10</name>
         <run_address>0x0</run_address>
         <size>0x0</size>
         <contents>
         </contents>
      </logical_group>
      <logical_group id="lg-20">
         <name>.int11</name>
         <run_address>0x0</run_address>
         <size>0x0</size>
         <contents>
         </contents>
      </logical_group>
      <logical_group id="lg-21">
         <name>.int12</name>
         <run_address>0x0</run_address>
         <size>0x0</size>
         <contents>
         </contents>
      </logical_group>
      <logical_group id="lg-22">
         <name>.int13</name>
         <run_address>0x0</run_address>
         <size>0x0</size>
         <contents>
         </contents>
      </logical_group>
      <logical_group id="lg-23">
         <name>.int14</name>
         <run_address>0x0</run_address>
         <size>0x0</size>
         <contents>
         </contents>
      </logical_group>
      <logical_group id="lg-24">
         <name>.int15</name>
         <run_address>0x0</run_address>
         <size>0x0</size>
         <contents>
         </contents>
      </logical_group>
      <logical_group id="lg-25">
         <name>.int16</name>
         <run_address>0x0</run_address>
         <size>0x0</size>
         <contents>
         </contents>
      </logical_group>
      <logical_group id="lg-26">
         <name>.int17</name>
         <run_address>0x0</run_address>
         <size>0x0</size>
         <contents>
         </contents>
      </logical_group>
      <logical_group id="lg-27">
         <name>.int18</name>
         <run_address>0x0</run_address>
         <size>0x0</size>
         <contents>
         </contents>
      </logical_group>
      <logical_group id="lg-28">
         <name>.int19</name>
         <run_address>0x0</run_address>
         <size>0x0</size>
         <contents>
         </contents>
      </logical_group>
      <logical_group id="lg-29">
         <name>.int20</name>
         <run_address>0x0</run_address>
         <size>0x0</size>
         <contents>
         </contents>
      </logical_group>
      <logical_group id="lg-2a">
         <name>.int21</name>
         <run_address>0x0</run_address>
         <size>0x0</size>
         <contents>
         </contents>
      </logical_group>
      <logical_group id="lg-2b">
         <name>.int22</name>
         <run_address>0x0</run_address>
         <size>0x0</size>
         <contents>
         </contents>
      </logical_group>
      <logical_group id="lg-2c">
         <name>.int23</name>
         <run_address>0x0</run_address>
         <size>0x0</size>
         <contents>
         </contents>
      </logical_group>
      <logical_group id="lg-2d">
         <name>.int24</name>
         <run_address>0x0</run_address>
         <size>0x0</size>
         <contents>
         </contents>
      </logical_group>
      <logical_group id="lg-2e">
         <name>.int25</name>
         <run_address>0x0</run_address>
         <size>0x0</size>
         <contents>
         </contents>
      </logical_group>
      <logical_group id="lg-2f">
         <name>.int26</name>
         <run_address>0x0</run_address>
         <size>0x0</size>
         <contents>
         </contents>
      </logical_group>
      <logical_group id="lg-30">
         <name>.int27</name>
         <run_address>0x0</run_address>
         <size>0x0</size>
         <contents>
         </contents>
      </logical_group>
      <logical_group id="lg-31">
         <name>.int28</name>
         <run_address>0x0</run_address>
         <size>0x0</size>
         <contents>
         </contents>
      </logical_group>
      <logical_group id="lg-32">
         <name>.int29</name>
         <run_address>0x0</run_address>
         <size>0x0</size>
         <contents>
         </contents>
      </logical_group>
      <logical_group id="lg-33">
         <name>.int30</name>
         <run_address>0x0</run_address>
         <size>0x0</size>
         <contents>
         </contents>
      </logical_group>
      <logical_group id="lg-34">
         <name>RTC</name>
         <load_address>0xffce</load_address>
         <run_address>0xffce</run_address>
         <size>0x2</size>
         <contents>
            <object_component_ref idref="oc-99"/>
         </contents>
      </logical_group>
      <logical_group id="lg-36">
         <name>PORT4</name>
         <load_address>0xffd0</load_address>
         <run_address>0xffd0</run_address>
         <size>0x2</size>
         <contents>
            <object_component_ref idref="oc-98"/>
         </contents>
      </logical_group>
      <logical_group id="lg-38">
         <name>PORT3</name>
         <load_address>0xffd2</load_address>
         <run_address>0xffd2</run_address>
         <size>0x2</size>
         <contents>
            <object_component_ref idref="oc-97"/>
         </contents>
      </logical_group>
      <logical_group id="lg-3a">
         <name>TIMER2_B1</name>
         <load_address>0xffd4</load_address>
         <run_address>0xffd4</run_address>
         <size>0x2</size>
         <contents>
            <object_component_ref idref="oc-9f"/>
         </contents>
      </logical_group>
      <logical_group id="lg-3c">
         <name>TIMER2_B0</name>
         <load_address>0xffd6</load_address>
         <run_address>0xffd6</run_address>
         <size>0x2</size>
         <contents>
            <object_component_ref idref="oc-9e"/>
         </contents>
      </logical_group>
      <logical_group id="lg-3e">
         <name>PORT2</name>
         <load_address>0xffd8</load_address>
         <run_address>0xffd8</run_address>
         <size>0x2</size>
         <contents>
            <object_component_ref idref="oc-a5"/>
         </contents>
      </logical_group>
      <logical_group id="lg-40">
         <name>TIMER1_B1</name>
         <load_address>0xffda</load_address>
         <run_address>0xffda</run_address>
         <size>0x2</size>
         <contents>
            <object_component_ref idref="oc-9d"/>
         </contents>
      </logical_group>
      <logical_group id="lg-42">
         <name>TIMER1_B0</name>
         <load_address>0xffdc</load_address>
         <run_address>0xffdc</run_address>
         <size>0x2</size>
         <contents>
            <object_component_ref idref="oc-9c"/>
         </contents>
      </logical_group>
      <logical_group id="lg-44">
         <name>PORT1</name>
         <load_address>0xffde</load_address>
         <run_address>0xffde</run_address>
         <size>0x2</size>
         <contents>
            <object_component_ref idref="oc-90"/>
         </contents>
      </logical_group>
      <logical_group id="lg-46">
         <name>TIMER1_A1</name>
         <load_address>0xffe0</load_address>
         <run_address>0xffe0</run_address>
         <size>0x2</size>
         <contents>
            <object_component_ref idref="oc-92"/>
         </contents>
      </logical_group>
      <logical_group id="lg-48">
         <name>TIMER1_A0</name>
         <load_address>0xffe2</load_address>
         <run_address>0xffe2</run_address>
         <size>0x2</size>
         <contents>
            <object_component_ref idref="oc-8f"/>
         </contents>
      </logical_group>
      <logical_group id="lg-4a">
         <name>DMA</name>
         <load_address>0xffe4</load_address>
         <run_address>0xffe4</run_address>
         <size>0x2</size>
         <contents>
            <object_component_ref idref="oc-96"/>
         </contents>
      </logical_group>
      <logical_group id="lg-4c">
         <name>USCI_A1</name>
         <load_address>0xffe6</load_address>
         <run_address>0xffe6</run_address>
         <size>0x2</size>
         <contents>
            <object_component_ref idref="oc-a1"/>
         </contents>
      </logical_group>
      <logical_group id="lg-4e">
         <name>TIMER0_A1</name>
         <load_address>0xffe8</load_address>
         <run_address>0xffe8</run_address>
         <size>0x2</size>
         <contents>
            <object_component_ref idref="oc-93"/>
         </contents>
      </logical_group>
      <logical_group id="lg-50">
         <name>TIMER0_A0</name>
         <load_address>0xffea</load_address>
         <run_address>0xffea</run_address>
         <size>0x2</size>
         <contents>
            <object_component_ref idref="oc-a3"/>
         </contents>
      </logical_group>
      <logical_group id="lg-52">
         <name>ADC10</name>
         <load_address>0xffec</load_address>
         <run_address>0xffec</run_address>
         <size>0x2</size>
         <contents>
            <object_component_ref idref="oc-a4"/>
         </contents>
      </logical_group>
      <logical_group id="lg-54">
         <name>USCI_B0</name>
         <load_address>0xffee</load_address>
         <run_address>0xffee</run_address>
         <size>0x2</size>
         <contents>
            <object_component_ref idref="oc-a2"/>
         </contents>
      </logical_group>
      <logical_group id="lg-56">
         <name>USCI_A0</name>
         <load_address>0xfff0</load_address>
         <run_address>0xfff0</run_address>
         <size>0x2</size>
         <contents>
            <object_component_ref idref="oc-a6"/>
         </contents>
      </logical_group>
      <logical_group id="lg-58">
         <name>WDT</name>
         <load_address>0xfff2</load_address>
         <run_address>0xfff2</run_address>
         <size>0x2</size>
         <contents>
            <object_component_ref idref="oc-91"/>
         </contents>
      </logical_group>
      <logical_group id="lg-5a">
         <name>TIMER0_B1</name>
         <load_address>0xfff4</load_address>
         <run_address>0xfff4</run_address>
         <size>0x2</size>
         <contents>
            <object_component_ref idref="oc-9b"/>
         </contents>
      </logical_group>
      <logical_group id="lg-5c">
         <name>TIMER0_B0</name>
         <load_address>0xfff6</load_address>
         <run_address>0xfff6</run_address>
         <size>0x2</size>
         <contents>
            <object_component_ref idref="oc-9a"/>
         </contents>
      </logical_group>
      <logical_group id="lg-5e">
         <name>COMP_D</name>
         <load_address>0xfff8</load_address>
         <run_address>0xfff8</run_address>
         <size>0x2</size>
         <contents>
            <object_component_ref idref="oc-95"/>
         </contents>
      </logical_group>
      <logical_group id="lg-60">
         <name>UNMI</name>
         <load_address>0xfffa</load_address>
         <run_address>0xfffa</run_address>
         <size>0x2</size>
         <contents>
            <object_component_ref idref="oc-94"/>
         </contents>
      </logical_group>
      <logical_group id="lg-62">
         <name>SYSNMI</name>
         <load_address>0xfffc</load_address>
         <run_address>0xfffc</run_address>
         <size>0x2</size>
         <contents>
            <object_component_ref idref="oc-a0"/>
         </contents>
      </logical_group>
      <logical_group id="lg-64">
         <name>.reset</name>
         <load_address>0xfffe</load_address>
         <run_address>0xfffe</run_address>
         <size>0x2</size>
         <contents>
            <object_component_ref idref="oc-69"/>
         </contents>
      </logical_group>
      <logical_group id="lg-14f">
         <name>.debug_info</name>
         <load_address>0x0</load_address>
         <run_address>0x0</run_address>
         <size>0xa8aa</size>
         <contents>
            <object_component_ref idref="oc-67"/>
            <object_component_ref idref="oc-6c"/>
            <object_component_ref idref="oc-70"/>
            <object_component_ref idref="oc-74"/>
            <object_component_ref idref="oc-77"/>
            <object_component_ref idref="oc-7b"/>
            <object_component_ref idref="oc-7e"/>
            <object_component_ref idref="oc-81"/>
            <object_component_ref idref="oc-85"/>
            <object_component_ref idref="oc-88"/>
            <object_component_ref idref="oc-8b"/>
            <object_component_ref idref="oc-8e"/>
            <object_component_ref idref="oc-bf"/>
            <object_component_ref idref="oc-c3"/>
            <object_component_ref idref="oc-c6"/>
            <object_component_ref idref="oc-c9"/>
            <object_component_ref idref="oc-cc"/>
            <object_component_ref idref="oc-15a"/>
         </contents>
      </logical_group>
      <logical_group id="lg-151">
         <name>.debug_line</name>
         <load_address>0x0</load_address>
         <run_address>0x0</run_address>
         <size>0x16ba</size>
         <contents>
            <object_component_ref idref="oc-6a"/>
            <object_component_ref idref="oc-6d"/>
            <object_component_ref idref="oc-71"/>
            <object_component_ref idref="oc-75"/>
            <object_component_ref idref="oc-78"/>
            <object_component_ref idref="oc-7c"/>
            <object_component_ref idref="oc-7f"/>
            <object_component_ref idref="oc-82"/>
            <object_component_ref idref="oc-86"/>
            <object_component_ref idref="oc-89"/>
            <object_component_ref idref="oc-8c"/>
            <object_component_ref idref="oc-bd"/>
            <object_component_ref idref="oc-c1"/>
            <object_component_ref idref="oc-c4"/>
            <object_component_ref idref="oc-c7"/>
            <object_component_ref idref="oc-ca"/>
            <object_component_ref idref="oc-cd"/>
         </contents>
      </logical_group>
      <logical_group id="lg-153">
         <name>.debug_abbrev</name>
         <load_address>0x0</load_address>
         <run_address>0x0</run_address>
         <size>0xdbe</size>
         <contents>
            <object_component_ref idref="oc-6b"/>
            <object_component_ref idref="oc-6e"/>
            <object_component_ref idref="oc-72"/>
            <object_component_ref idref="oc-76"/>
            <object_component_ref idref="oc-79"/>
            <object_component_ref idref="oc-7d"/>
            <object_component_ref idref="oc-80"/>
            <object_component_ref idref="oc-83"/>
            <object_component_ref idref="oc-87"/>
            <object_component_ref idref="oc-8a"/>
            <object_component_ref idref="oc-8d"/>
            <object_component_ref idref="oc-be"/>
            <object_component_ref idref="oc-c2"/>
            <object_component_ref idref="oc-c5"/>
            <object_component_ref idref="oc-c8"/>
            <object_component_ref idref="oc-cb"/>
            <object_component_ref idref="oc-ce"/>
            <object_component_ref idref="oc-15b"/>
         </contents>
      </logical_group>
      <logical_group id="lg-155">
         <name>.debug_frame</name>
         <load_address>0x0</load_address>
         <run_address>0x0</run_address>
         <size>0x57d</size>
         <contents>
            <object_component_ref idref="oc-bc"/>
         </contents>
      </logical_group>
   </logical_group_list>
   <placement_map>
      <memory_area>
         <name>SFR</name>
         <page_id>0x0</page_id>
         <origin>0x0</origin>
         <length>0x10</length>
         <used_space>0x0</used_space>
         <unused_space>0x10</unused_space>
         <attributes>RWIX</attributes>
         <usage_details>
         </usage_details>
      </memory_area>
      <memory_area>
         <name>PERIPHERALS_8BIT</name>
         <page_id>0x0</page_id>
         <origin>0x10</origin>
         <length>0xf0</length>
         <used_space>0x0</used_space>
         <unused_space>0xf0</unused_space>
         <attributes>RWIX</attributes>
         <usage_details>
         </usage_details>
      </memory_area>
      <memory_area>
         <name>PERIPHERALS_16BIT</name>
         <page_id>0x0</page_id>
         <origin>0x100</origin>
         <length>0x100</length>
         <used_space>0x0</used_space>
         <unused_space>0x100</unused_space>
         <attributes>RWIX</attributes>
         <usage_details>
         </usage_details>
      </memory_area>
      <memory_area>
         <name>INFOB</name>
         <page_id>0x0</page_id>
         <origin>0x1800</origin>
         <length>0x80</length>
         <used_space>0x0</used_space>
         <unused_space>0x80</unused_space>
         <attributes>RWIX</attributes>
         <usage_details>
         </usage_details>
      </memory_area>
      <memory_area>
         <name>INFOA</name>
         <page_id>0x0</page_id>
         <origin>0x1880</origin>
         <length>0x80</length>
         <used_space>0x0</used_space>
         <unused_space>0x80</unused_space>
         <attributes>RWIX</attributes>
         <usage_details>
         </usage_details>
      </memory_area>
      <memory_area>
         <name>RAM</name>
         <page_id>0x0</page_id>
         <origin>0x1c00</origin>
         <length>0x400</length>
         <used_space>0x37c</used_space>
         <unused_space>0x84</unused_space>
         <attributes>RWIX</attributes>
         <usage_details>
            <allocated_space>
               <start_address>0x1c00</start_address>
               <size>0x0</size>
               <logical_group_ref idref="lg-10"/>
            </allocated_space>
            <allocated_space>
               <start_address>0x1c00</start_address>
               <size>0x20c</size>
               <logical_group_ref idref="lg-f"/>
            </allocated_space>
            <available_space>
               <start_address>0x1e0c</start_address>
               <size>0x84</size>
            </available_space>
            <allocated_space>
               <start_address>0x1e90</start_address>
               <size>0x170</size>
               <logical_group_ref idref="lg-11"/>
            </allocated_space>
         </usage_details>
      </memory_area>
      <memory_area>
         <name>FRAM_DATA</name>
         <page_id>0x0</page_id>
         <origin>0xc200</origin>
         <length>0x400</length>
         <used_space>0x108</used_space>
         <unused_space>0x2f8</unused_space>
         <attributes>RWIX</attributes>
         <usage_details>
            <allocated_space>
               <start_address>0xc200</start_address>
               <size>0x108</size>
               <logical_group_ref idref="lg-12"/>
            </allocated_space>
            <available_space>
               <start_address>0xc308</start_address>
               <size>0x2f8</size>
            </available_space>
         </usage_details>
      </memory_area>
      <memory_area>
         <name>FRAM</name>
         <page_id>0x0</page_id>
         <origin>0xc600</origin>
         <length>0x3980</length>
         <used_space>0x1dbc</used_space>
         <unused_space>0x1bc4</unused_space>
         <attributes>RWIX</attributes>
         <usage_details>
            <allocated_space>
               <start_address>0xc600</start_address>
               <size>0x1dbc</size>
               <logical_group_ref idref="lg-2"/>
            </allocated_space>
            <available_space>
               <start_address>0xe3bc</start_address>
               <size>0x1bc4</size>
            </available_space>
         </usage_details>
      </memory_area>
      <memory_area>
         <name>SIGNATURE</name>
         <page_id>0x0</page_id>
         <origin>0xff88</origin>
         <length>0x8</length>
         <used_space>0x0</used_space>
         <unused_space>0x8</unused_space>
         <attributes>RWIX</attributes>
         <usage_details>
         </usage_details>
      </memory_area>
      <memory_area>
         <name>INT00</name>
         <page_id>0x0</page_id>
         <origin>0xff90</origin>
         <length>0x2</length>
         <used_space>0x0</used_space>
         <unused_space>0x2</unused_space>
         <attributes>RWIX</attributes>
         <usage_details>
         </usage_details>
      </memory_area>
      <memory_area>
         <name>INT01</name>
         <page_id>0x0</page_id>
         <origin>0xff92</origin>
         <length>0x2</length>
         <used_space>0x0</used_space>
         <unused_space>0x2</unused_space>
         <attributes>RWIX</attributes>
         <usage_details>
         </usage_details>
      </memory_area>
      <memory_area>
         <name>INT02</name>
         <page_id>0x0</page_id>
         <origin>0xff94</origin>
         <length>0x2</length>
         <used_space>0x0</used_space>
         <unused_space>0x2</unused_space>
         <attributes>RWIX</attributes>
         <usage_details>
         </usage_details>
      </memory_area>
      <memory_area>
         <name>INT03</name>
         <page_id>0x0</page_id>
         <origin>0xff96</origin>
         <length>0x2</length>
         <used_space>0x0</used_space>
         <unused_space>0x2</unused_space>
         <attributes>RWIX</attributes>
         <usage_details>
         </usage_details>
      </memory_area>
      <memory_area>
         <name>INT04</name>
         <page_id>0x0</page_id>
         <origin>0xff98</origin>
         <length>0x2</length>
         <used_space>0x0</used_space>
         <unused_space>0x2</unused_space>
         <attributes>RWIX</attributes>
         <usage_details>
         </usage_details>
      </memory_area>
      <memory_area>
         <name>INT05</name>
         <page_id>0x0</page_id>
         <origin>0xff9a</origin>
         <length>0x2</length>
         <used_space>0x0</used_space>
         <unused_space>0x2</unused_space>
         <attributes>RWIX</attributes>
         <usage_details>
         </usage_details>
      </memory_area>
      <memory_area>
         <name>INT06</name>
         <page_id>0x0</page_id>
         <origin>0xff9c</origin>
         <length>0x2</length>
         <used_space>0x0</used_space>
         <unused_space>0x2</unused_space>
         <attributes>RWIX</attributes>
         <usage_details>
         </usage_details>
      </memory_area>
      <memory_area>
         <name>INT07</name>
         <page_id>0x0</page_id>
         <origin>0xff9e</origin>
         <length>0x2</length>
         <used_space>0x0</used_space>
         <unused_space>0x2</unused_space>
         <attributes>RWIX</attributes>
         <usage_details>
         </usage_details>
      </memory_area>
      <memory_area>
         <name>INT08</name>
         <page_id>0x0</page_id>
         <origin>0xffa0</origin>
         <length>0x2</length>
         <used_space>0x0</used_space>
         <unused_space>0x2</unused_space>
         <attributes>RWIX</attributes>
         <usage_details>
         </usage_details>
      </memory_area>
      <memory_area>
         <name>INT09</name>
         <page_id>0x0</page_id>
         <origin>0xffa2</origin>
         <length>0x2</length>
         <used_space>0x0</used_space>
         <unused_space>0x2</unused_space>
         <attributes>RWIX</attributes>
         <usage_details>
         </usage_details>
      </memory_area>
      <memory_area>
[...]
         <value>0x1df8</value>
         <object_component_ref idref="oc-66"/>
      </symbol>
      <symbol id="sm-2e8">
         <name>_cleanup_ptr</name>
         <value>0x1df4</value>
         <object_component_ref idref="oc-66"/>
      </symbol>
      <symbol id="sm-2e9">
         <name>_stack</name>
         <value>0x1e90</value>
         <object_component_ref idref="oc-68"/>
      </symbol>
      <symbol id="sm-2ea">
         <name>_reset_vector</name>
         <value>0xfffe</value>
         <object_component_ref idref="oc-69"/>
      </symbol>
      <symbol id="sm-2fb">
         <name>__remi</name>
         <value>0xe1c0</value>
         <object_component_ref idref="oc-6f"/>
      </symbol>
      <symbol id="sm-2fc">
         <name>__divi</name>
         <value>0xe1c0</value>
         <object_component_ref idref="oc-6f"/>
      </symbol>
      <symbol id="sm-306">
         <name>__remu</name>
         <value>0xe2cc</value>
         <object_component_ref idref="oc-73"/>
      </symbol>
      <symbol id="sm-307">
         <name>__divu</name>
         <value>0xe2cc</value>
         <object_component_ref idref="oc-73"/>
      </symbol>
      <symbol id="sm-312">
         <name>C$$EXIT</name>
         <value>0xe3b6</value>
         <object_component_ref idref="oc-d3"/>
      </symbol>
      <symbol id="sm-313">
         <name>abort</name>
         <value>0xe3b6</value>
         <object_component_ref idref="oc-d3"/>
      </symbol>
      <symbol id="sm-314">
         <name>__TI_exit</name>
         <value>0x1</value>
      </symbol>
      <symbol id="sm-31c">
         <name>__mpyi_f5hw</name>
         <value>0xe2e2</value>
         <object_component_ref idref="oc-7a"/>
      </symbol>
      <symbol id="sm-324">
         <name>__TI_args_main</name>
         <value>0x1</value>
      </symbol>
      <symbol id="sm-334">
         <name>_auto_init</name>
         <value>0xdede</value>
         <object_component_ref idref="oc-d1"/>
      </symbol>
      <symbol id="sm-335">
         <name>__TI_auto_init</name>
         <value>0x1</value>
      </symbol>
      <symbol id="sm-33e">
         <name>I_LSL</name>
         <value>0xe380</value>
         <object_component_ref idref="oc-84"/>
      </symbol>
      <symbol id="sm-34a">
         <name>L_LSL_3</name>
         <value>0xe020</value>
         <object_component_ref idref="oc-e8"/>
      </symbol>
      <symbol id="sm-34b">
         <name>L_LSL_2</name>
         <value>0xe024</value>
         <object_component_ref idref="oc-e8"/>
      </symbol>
      <symbol id="sm-34c">
         <name>L_LSL_1</name>
         <value>0xe028</value>
         <object_component_ref idref="oc-e8"/>
      </symbol>
      <symbol id="sm-34d">
         <name>L_LSL_7</name>
         <value>0xe010</value>
         <object_component_ref idref="oc-e8"/>
      </symbol>
      <symbol id="sm-34e">
         <name>L_LSL_6</name>
         <value>0xe014</value>
         <object_component_ref idref="oc-e8"/>
      </symbol>
      <symbol id="sm-34f">
         <name>L_LSL_5</name>
         <value>0xe018</value>
         <object_component_ref idref="oc-e8"/>
      </symbol>
      <symbol id="sm-350">
         <name>L_LSL_4</name>
         <value>0xe01c</value>
         <object_component_ref idref="oc-e8"/>
      </symbol>
      <symbol id="sm-351">
         <name>L_LSL_9</name>
         <value>0xe008</value>
         <object_component_ref idref="oc-e8"/>
      </symbol>
      <symbol id="sm-352">
         <name>L_LSL_8</name>
         <value>0xe00c</value>
         <object_component_ref idref="oc-e8"/>
      </symbol>
      <symbol id="sm-353">
         <name>L_LSL</name>
         <value>0xe34e</value>
         <object_component_ref idref="oc-fb"/>
      </symbol>
      <symbol id="sm-354">
         <name>L_LSL_12</name>
         <value>0xdffc</value>
         <object_component_ref idref="oc-e8"/>
      </symbol>
      <symbol id="sm-355">
         <name>L_LSL_13</name>
         <value>0xdff8</value>
         <object_component_ref idref="oc-e8"/>
      </symbol>
      <symbol id="sm-356">
         <name>L_LSL_10</name>
         <value>0xe004</value>
         <object_component_ref idref="oc-e8"/>
      </symbol>
      <symbol id="sm-357">
         <name>L_LSL_11</name>
         <value>0xe000</value>
         <object_component_ref idref="oc-e8"/>
      </symbol>
      <symbol id="sm-358">
         <name>L_LSL_14</name>
         <value>0xdff4</value>
         <object_component_ref idref="oc-e8"/>
      </symbol>
      <symbol id="sm-359">
         <name>L_LSL_15</name>
         <value>0xdff0</value>
         <object_component_ref idref="oc-e8"/>
      </symbol>
      <symbol id="sm-361">
         <name>L_LSR_12</name>
         <value>0xe03a</value>
         <object_component_ref idref="oc-f3"/>
      </symbol>
      <symbol id="sm-362">
         <name>L_LSR_13</name>
         <value>0xe036</value>
         <object_component_ref idref="oc-f3"/>
      </symbol>
      <symbol id="sm-363">
         <name>L_LSR_10</name>
         <value>0xe042</value>
         <object_component_ref idref="oc-f3"/>
      </symbol>
      <symbol id="sm-364">
         <name>L_LSR_11</name>
         <value>0xe03e</value>
         <object_component_ref idref="oc-f3"/>
      </symbol>
      <symbol id="sm-365">
         <name>L_LSR_14</name>
         <value>0xe032</value>
         <object_component_ref idref="oc-f3"/>
      </symbol>
      <symbol id="sm-366">
         <name>L_LSR_15</name>
         <value>0xe02e</value>
         <object_component_ref idref="oc-f3"/>
      </symbol>
      <symbol id="sm-367">
         <name>L_LSR_3</name>
         <value>0xe05e</value>
         <object_component_ref idref="oc-f3"/>
      </symbol>
      <symbol id="sm-368">
         <name>L_LSR_2</name>
         <value>0xe062</value>
         <object_component_ref idref="oc-f3"/>
      </symbol>
      <symbol id="sm-369">
         <name>L_LSR_1</name>
         <value>0xe066</value>
         <object_component_ref idref="oc-f3"/>
      </symbol>
      <symbol id="sm-36a">
         <name>L_LSR_7</name>
         <value>0xe04e</value>
         <object_component_ref idref="oc-f3"/>
      </symbol>
      <symbol id="sm-36b">
         <name>L_LSR_6</name>
         <value>0xe052</value>
         <object_component_ref idref="oc-f3"/>
      </symbol>
      <symbol id="sm-36c">
         <name>L_LSR_5</name>
         <value>0xe056</value>
         <object_component_ref idref="oc-f3"/>
      </symbol>
      <symbol id="sm-36d">
         <name>L_LSR_4</name>
         <value>0xe05a</value>
         <object_component_ref idref="oc-f3"/>
      </symbol>
      <symbol id="sm-36e">
         <name>L_LSR_9</name>
         <value>0xe046</value>
         <object_component_ref idref="oc-f3"/>
      </symbol>
      <symbol id="sm-36f">
         <name>L_LSR_8</name>
         <value>0xe04a</value>
         <object_component_ref idref="oc-f3"/>
      </symbol>
      <symbol id="sm-4f5">
         <name>UINT32_TO_STREAM_f</name>
         <value>0xe240</value>
         <object_component_ref idref="oc-e1"/>
      </symbol>
      <symbol id="sm-4f6">
         <name>IntSpiGPIOHandler</name>
         <value>0xdb10</value>
         <object_component_ref idref="oc-b9"/>
      </symbol>
      <symbol id="sm-4f7">
         <name>ulSocket</name>
         <value>0x1d64</value>
         <object_component_ref idref="oc-ab"/>
      </symbol>
      <symbol id="sm-4f8">
         <name>profileArray</name>
         <value>0x1cfe</value>
         <object_component_ref idref="oc-af"/>
      </symbol>
      <symbol id="sm-4f9">
         <name>ReadWlanInterruptPin</name>
         <value>0xe36c</value>
         <object_component_ref idref="oc-ed"/>
      </symbol>
      <symbol id="sm-4fa">
         <name>_sys_memory</name>
         <value>0xc600</value>
         <object_component_ref idref="oc-ad"/>
      </symbol>
      <symbol id="sm-4fb">
         <name>pucCC3000_Rx_Buffer</name>
         <value>0x1d6a</value>
         <object_component_ref idref="oc-ab"/>
      </symbol>
      <symbol id="sm-4fc">
         <name>digits</name>
         <value>0x1d58</value>
         <object_component_ref idref="oc-ab"/>
      </symbol>
      <symbol id="sm-4fd">
         <name>hci_unsol_handle_patch_request</name>
         <value>0xd9fa</value>
         <object_component_ref idref="oc-f8"/>
      </symbol>
      <symbol id="sm-4fe">
         <name>tSpiReadHeader</name>
         <value>0x1dde</value>
         <object_component_ref idref="oc-b0"/>
      </symbol>
      <symbol id="sm-4ff">
         <name>WriteWlanPin</name>
         <value>0xe33e</value>
         <object_component_ref idref="oc-f0"/>
      </symbol>
      <symbol id="sm-500">
         <name>msp430_forced_restart_ptr</name>
         <value>0x1e08</value>
         <object_component_ref idref="oc-a9"/>
      </symbol>
      <symbol id="sm-501">
         <name>memcpy</name>
         <value>0xe30a</value>
         <object_component_ref idref="oc-d7"/>
      </symbol>
      <symbol id="sm-502">
         <name>strlen</name>
         <value>0xe35e</value>
         <object_component_ref idref="oc-100"/>
      </symbol>
      <symbol id="sm-503">
         <name>sprintf</name>
         <value>0xe06c</value>
         <object_component_ref idref="oc-fa"/>
      </symbol>
      <symbol id="sm-504">
         <name>TIMER1_A0_ISR</name>
         <value>0xe376</value>
         <object_component_ref idref="oc-b8"/>
      </symbol>
      <symbol id="sm-505">
         <name>sendWLFWPatch</name>
         <value>0xe39e</value>
         <object_component_ref idref="oc-ea"/>
      </symbol>
      <symbol id="sm-506">
         <name>turnLedOff</name>
         <value>0xdc52</value>
         <object_component_ref idref="oc-f9"/>
      </symbol>
      <symbol id="sm-507">
         <name>expandedKey</name>
         <value>0x1c00</value>
         <object_component_ref idref="oc-b3"/>
      </symbol>
      <symbol id="sm-508">
         <name>memset</name>
         <value>0xe31c</value>
         <object_component_ref idref="oc-e7"/>
      </symbol>
      <symbol id="sm-509">
         <name>socket_active_status</name>
         <value>0x1e04</value>
         <object_component_ref idref="oc-b4"/>
      </symbol>
      <symbol id="sm-50a">
         <name>ADC10_READING</name>
         <value>0x1d86</value>
         <object_component_ref idref="oc-ab"/>
      </symbol>
      <symbol id="sm-50b">
         <name>FIRST</name>
         <value>0x1de6</value>
         <object_component_ref idref="oc-a8"/>
      </symbol>
      <symbol id="sm-50c">
         <name>socket</name>
         <value>0xdd82</value>
         <object_component_ref idref="oc-e6"/>
      </symbol>
      <symbol id="sm-50d">
         <name>Trap_ISR</name>
         <value>0xe3ae</value>
         <object_component_ref idref="oc-b6"/>
      </symbol>
      <symbol id="sm-50e">
         <name>hci_event_handler</name>
         <value>0xca00</value>
         <object_component_ref idref="oc-e3"/>
      </symbol>
      <symbol id="sm-50f">
         <name>_nop</name>
         <value>0xe3ba</value>
         <object_component_ref idref="oc-cf"/>
      </symbol>
      <symbol id="sm-510">
         <name>sendDriverPatch</name>
         <value>0xe394</value>
         <object_component_ref idref="oc-eb"/>
      </symbol>
      <symbol id="sm-511">
         <name>Timer__Off</name>
         <value>0xe2b6</value>
         <object_component_ref idref="oc-b7"/>
      </symbol>
      <symbol id="sm-512">
         <name>sSpiInformation</name>
         <value>0x1dce</value>
         <object_component_ref idref="oc-b0"/>
      </symbol>
      <symbol id="sm-513">
         <name>SpiWriteDataSynchronous</name>
         <value>0xe1ec</value>
         <object_component_ref idref="oc-d4"/>
      </symbol>
      <symbol id="sm-514">
         <name>STREAM_TO_UINT32_f</name>
         <value>0xe0da</value>
         <object_component_ref idref="oc-f7"/>
      </symbol>
      <symbol id="sm-515">
         <name>ulCC3000DHCP</name>
         <value>0x1d4a</value>
         <object_component_ref idref="oc-ab"/>
      </symbol>
      <symbol id="sm-516">
         <name>key</name>
         <value>0x1cee</value>
         <object_component_ref idref="oc-af"/>
      </symbol>
      <symbol id="sm-517">
         <name>tSLInformation</name>
         <value>0x1cb0</value>
         <object_component_ref idref="oc-af"/>
      </symbol>
      <symbol id="sm-518">
         <name>USCI_A0_ISR</name>
         <value>0xe0a4</value>
         <object_component_ref idref="oc-b5"/>
      </symbol>
      <symbol id="sm-519">
         <name>ADC10_read_In</name>
         <value>0xe166</value>
         <object_component_ref idref="oc-ba"/>
      </symbol>
      <symbol id="sm-51a">
         <name>g_ucLength</name>
         <value>0x1dcc</value>
         <object_component_ref idref="oc-aa"/>
      </symbol>
      <symbol id="sm-51b">
         <name>_Errno</name>
         <value>0x1e0a</value>
         <object_component_ref idref="oc-b2"/>
      </symbol>
      <symbol id="sm-51c">
         <name>toggleLed</name>
         <value>0xdbea</value>
         <object_component_ref idref="oc-da"/>
      </symbol>
      <symbol id="sm-51d">
         <name>ConnectToAP</name>
         <value>0xdd22</value>
         <object_component_ref idref="oc-d9"/>
      </symbol>
      <symbol id="sm-51e">
         <name>SpiWrite</name>
         <value>0xd2cc</value>
         <object_component_ref idref="oc-f4"/>
      </symbol>
      <symbol id="sm-51f">
         <name>wlan_connect</name>
         <value>0xd1ca</value>
         <object_component_ref idref="oc-e4"/>
      </symbol>
      <symbol id="sm-520">
         <name>CURSOR</name>
         <value>0x1de4</value>
         <object_component_ref idref="oc-a8"/>
      </symbol>
      <symbol id="sm-521">
         <name>uart_have_cmd</name>
         <value>0x1d8a</value>
         <object_component_ref idref="oc-aa"/>
      </symbol>
      <symbol id="sm-522">
         <name>list_size</name>
         <value>0x1dea</value>
         <object_component_ref idref="oc-a8"/>
      </symbol>
      <symbol id="sm-523">
         <name>WlanInterruptEnable</name>
         <value>0xe32e</value>
         <object_component_ref idref="oc-ee"/>
      </symbol>
      <symbol id="sm-524">
         <name>main</name>
         <value>0xcfaa</value>
         <object_component_ref idref="oc-d2"/>
      </symbol>
      <symbol id="sm-525">
         <name>_lock</name>
         <value>0x1dec</value>
         <object_component_ref idref="oc-ac"/>
      </symbol>
      <symbol id="sm-526">
         <name>SSIContReadOperation</name>
         <value>0xd962</value>
         <object_component_ref idref="oc-d6"/>
      </symbol>
      <symbol id="sm-527">
         <name>SpiReceiveHandler</name>
         <value>0xe10a</value>
         <object_component_ref idref="oc-f2"/>
      </symbol>
      <symbol id="sm-528">
         <name>ulCC3000Connected</name>
         <value>0x1d46</value>
         <object_component_ref idref="oc-ab"/>
      </symbol>
      <symbol id="sm-529">
         <name>battLow</name>
         <value>0x1d88</value>
         <object_component_ref idref="oc-ab"/>
      </symbol>
      <symbol id="sm-52a">
         <name>_unlock</name>
         <value>0x1df0</value>
         <object_component_ref idref="oc-ac"/>
      </symbol>
      <symbol id="sm-52b">
         <name>ulCC3000DHCP_configured</name>
         <value>0x1d52</value>
         <object_component_ref idref="oc-ab"/>
      </symbol>
      <symbol id="sm-52c">
         <name>STATE</name>
         <value>0x1d84</value>
         <object_component_ref idref="oc-ab"/>
      </symbol>
      <symbol id="sm-52d">
         <name>ConnectToServer</name>
         <value>0xda90</value>
         <object_component_ref idref="oc-dc"/>
      </symbol>
      <symbol id="sm-52e">
         <name>wlan_tx_buffer</name>
         <value>0xc284</value>
         <object_component_ref idref="oc-b1"/>
      </symbol>
      <symbol id="sm-52f">
         <name>pio_init</name>
         <value>0xd8b8</value>
         <object_component_ref idref="oc-dd"/>
      </symbol>
      <symbol id="sm-530">
         <name>hci_command_send</name>
         <value>0xe194</value>
         <object_component_ref idref="oc-e2"/>
      </symbol>
      <symbol id="sm-531">
         <name>printOnce</name>
         <value>0x1d68</value>
         <object_component_ref idref="oc-ab"/>
      </symbol>
      <symbol id="sm-532">
         <name>OkToDoShutDown</name>
         <value>0x1d4e</value>
         <object_component_ref idref="oc-ab"/>
      </symbol>
      <symbol id="sm-533">
         <name>spi_buffer</name>
         <value>0xc200</value>
         <object_component_ref idref="oc-b1"/>
      </symbol>
      <symbol id="sm-534">
         <name>hci_unsol_event_handler</name>
         <value>0xcd1c</value>
         <object_component_ref idref="oc-f5"/>
      </symbol>
      <symbol id="sm-535">
         <name>initDriver</name>
         <value>0xd664</value>
         <object_component_ref idref="oc-d8"/>
      </symbol>
      <symbol id="sm-536">
         <name>connect</name>
         <value>0xdb80</value>
         <object_component_ref idref="oc-e9"/>
      </symbol>
      <symbol id="sm-537">
         <name>ucStopSmartConfig</name>
         <value>0x1d56</value>
         <object_component_ref idref="oc-ab"/>
      </symbol>
      <symbol id="sm-538">
         <name>set_socket_active_status</name>
         <value>0xdde2</value>
         <object_component_ref idref="oc-f6"/>
      </symbol>
      <symbol id="sm-539">
         <name>LAST</name>
         <value>0x1de8</value>
         <object_component_ref idref="oc-a8"/>
      </symbol>
      <symbol id="sm-53a">
         <name>wlan_start</name>
         <value>0xd4b4</value>
         <object_component_ref idref="oc-df"/>
      </symbol>
      <symbol id="sm-53b">
         <name>wlan_init</name>
         <value>0xdf26</value>
         <object_component_ref idref="oc-de"/>
      </symbol>
      <symbol id="sm-53c">
         <name>turnLedOn</name>
         <value>0xdcba</value>
         <object_component_ref idref="oc-e0"/>
      </symbol>
      <symbol id="sm-53d">
         <name>ulSmartConfigFinished</name>
         <value>0x1d42</value>
         <object_component_ref idref="oc-ab"/>
      </symbol>
      <symbol id="sm-53e">
         <name>CC3000_UsynchCallback</name>
         <value>0xd592</value>
         <object_component_ref idref="oc-f1"/>
      </symbol>
      <symbol id="sm-53f">
         <name>SpiReadDataSynchronous</name>
         <value>0xdf6c</value>
         <object_component_ref idref="oc-d5"/>
      </symbol>
      <symbol id="sm-540">
         <name>ADC10routine</name>
         <value>0xd730</value>
         <object_component_ref idref="oc-db"/>
      </symbol>
      <symbol id="sm-541">
         <name>_system_pre_init</name>
         <value>0xe3b2</value>
         <object_component_ref idref="oc-d0"/>
      </symbol>
      <symbol id="sm-542">
         <name>g_ucUARTBuffer</name>
         <value>0x1d8c</value>
         <object_component_ref idref="oc-aa"/>
      </symbol>
      <symbol id="sm-543">
         <name>WlanInterruptDisable</name>
         <value>0xe3a8</value>
         <object_component_ref idref="oc-ef"/>
      </symbol>
      <symbol id="sm-544">
         <name>sendBootLoaderPatch</name>
         <value>0xe38a</value>
         <object_component_ref idref="oc-ec"/>
      </symbol>
      <symbol id="sm-545">
         <name>hci_patch_send</name>
         <value>0xd3c2</value>
         <object_component_ref idref="oc-fc"/>
      </symbol>
      <symbol id="sm-583">
         <name>_printfi_minimal</name>
         <value>0xd7f8</value>
         <object_component_ref idref="oc-ff"/>
      </symbol>
      <symbol id="sm-5a5">
         <name>memccpy</name>
         <value>0xe268</value>
         <object_component_ref idref="oc-104"/>
      </symbol>
   </symbol_table>
</link_info>
