MSP430 Assembler PC v4.1.9 Sun Mar 23 16:08:25 2014

Tools Copyright (c) 2003-2014 Texas Instruments Incorporated
C:\Users\Lucas\AppData\Local\Temp\0810811                            PAGE    1

       1            ;******************************************************************************
       2            ;* MSP430 C/C++ Codegen                                             PC v4.1.9 *
       3            ;* Date/Time created: Sun Mar 23 16:08:25 2014                                *
       4            ;******************************************************************************
       5                    .compiler_opts --abi=coffabi --hll_source=on --mem_model:code=large --mem_model:data=small --o
       6            
       7            $C$DW$CU        .dwtag  DW_TAG_compile_unit
       8                    .dwattr $C$DW$CU, DW_AT_name("E:/Dropbox/git/CHARM/Embedded_Voltmeter/Basic WiFi Source/Source
       9                    .dwattr $C$DW$CU, DW_AT_producer("MSP430 C/C++ Codegen PC v4.1.9 Copyright (c) 2003-2014 Texas
      10                    .dwattr $C$DW$CU, DW_AT_TI_version(0x01)
      11                    .dwattr $C$DW$CU, DW_AT_comp_dir("E:\Dropbox\git\CHARM\Embedded_Voltmeter\Basic WiFi Source\Ba
      12            
      13            $C$DW$1 .dwtag  DW_TAG_subprogram, DW_AT_name("memcpy")
      14                    .dwattr $C$DW$1, DW_AT_TI_symbol_name("memcpy")
      15                    .dwattr $C$DW$1, DW_AT_type(*$C$DW$T$3)
      16                    .dwattr $C$DW$1, DW_AT_declaration
      17                    .dwattr $C$DW$1, DW_AT_external
      18            $C$DW$2 .dwtag  DW_TAG_formal_parameter
      19                    .dwattr $C$DW$2, DW_AT_type(*$C$DW$T$3)
      20            $C$DW$3 .dwtag  DW_TAG_formal_parameter
      21                    .dwattr $C$DW$3, DW_AT_type(*$C$DW$T$20)
      22            $C$DW$4 .dwtag  DW_TAG_formal_parameter
      23                    .dwattr $C$DW$4, DW_AT_type(*$C$DW$T$21)
      24                    .dwendtag $C$DW$1
      25            
      26            
      27            $C$DW$5 .dwtag  DW_TAG_subprogram, DW_AT_name("UINT16_TO_STREAM_f")
      28                    .dwattr $C$DW$5, DW_AT_TI_symbol_name("UINT16_TO_STREAM_f")
      29                    .dwattr $C$DW$5, DW_AT_type(*$C$DW$T$25)
      30                    .dwattr $C$DW$5, DW_AT_declaration
      31                    .dwattr $C$DW$5, DW_AT_external
      32            $C$DW$6 .dwtag  DW_TAG_formal_parameter
      33                    .dwattr $C$DW$6, DW_AT_type(*$C$DW$T$25)
      34            $C$DW$7 .dwtag  DW_TAG_formal_parameter
      35                    .dwattr $C$DW$7, DW_AT_type(*$C$DW$T$23)
      36                    .dwendtag $C$DW$5
      37            
      38            
      39            $C$DW$8 .dwtag  DW_TAG_subprogram, DW_AT_name("SpiWrite")
      40                    .dwattr $C$DW$8, DW_AT_TI_symbol_name("SpiWrite")
      41                    .dwattr $C$DW$8, DW_AT_type(*$C$DW$T$12)
      42                    .dwattr $C$DW$8, DW_AT_declaration
      43                    .dwattr $C$DW$8, DW_AT_external
      44            $C$DW$9 .dwtag  DW_TAG_formal_parameter
      45                    .dwattr $C$DW$9, DW_AT_type(*$C$DW$T$35)
      46            $C$DW$10        .dwtag  DW_TAG_formal_parameter
      47                    .dwattr $C$DW$10, DW_AT_type(*$C$DW$T$9)
      48                    .dwendtag $C$DW$8
      49            
      50            ;       E:\ti\ccsv5\tools\compiler\msp430_4.1.9\bin\opt430.exe C:\\Users\\Lucas\\AppData\\Local\\Temp\
      51 000000               .sect   ".text:hci_patch_send"
      52                    .align  2
      53                    .clink
      54                    .global hci_patch_send
      55            
MSP430 Assembler PC v4.1.9 Sun Mar 23 16:08:25 2014

Tools Copyright (c) 2003-2014 Texas Instruments Incorporated
C:\Users\Lucas\AppData\Local\Temp\0810811                            PAGE    2

      56            $C$DW$11        .dwtag  DW_TAG_subprogram, DW_AT_name("hci_patch_send")
      57                    .dwattr $C$DW$11, DW_AT_low_pc(hci_patch_send)
      58                    .dwattr $C$DW$11, DW_AT_high_pc(0x00)
      59                    .dwattr $C$DW$11, DW_AT_TI_symbol_name("hci_patch_send")
      60                    .dwattr $C$DW$11, DW_AT_external
      61                    .dwattr $C$DW$11, DW_AT_TI_begin_file("E:/Dropbox/git/CHARM/Embedded_Voltmeter/Basic WiFi Sour
      62                    .dwattr $C$DW$11, DW_AT_TI_begin_line(0xa2)
      63                    .dwattr $C$DW$11, DW_AT_TI_begin_column(0x06)
      64                    .dwattr $C$DW$11, DW_AT_TI_max_frame_size(0x18)
      65                    .dwpsn  file "E:/Dropbox/git/CHARM/Embedded_Voltmeter/Basic WiFi Source/Source/CC3000HostDrive
      66            
      67                    .dwfde $C$DW$CIE, hci_patch_send
      68            $C$DW$12        .dwtag  DW_TAG_formal_parameter, DW_AT_name("ucOpcode")
      69                    .dwattr $C$DW$12, DW_AT_TI_symbol_name("ucOpcode")
      70                    .dwattr $C$DW$12, DW_AT_type(*$C$DW$T$24)
      71                    .dwattr $C$DW$12, DW_AT_location[DW_OP_reg12]
      72            $C$DW$13        .dwtag  DW_TAG_formal_parameter, DW_AT_name("pucBuff")
      73                    .dwattr $C$DW$13, DW_AT_TI_symbol_name("pucBuff")
      74                    .dwattr $C$DW$13, DW_AT_type(*$C$DW$T$25)
      75                    .dwattr $C$DW$13, DW_AT_location[DW_OP_reg13]
      76            $C$DW$14        .dwtag  DW_TAG_formal_parameter, DW_AT_name("patch")
      77                    .dwattr $C$DW$14, DW_AT_TI_symbol_name("patch")
      78                    .dwattr $C$DW$14, DW_AT_type(*$C$DW$T$29)
      79                    .dwattr $C$DW$14, DW_AT_location[DW_OP_reg14]
      80            $C$DW$15        .dwtag  DW_TAG_formal_parameter, DW_AT_name("usDataLength")
      81                    .dwattr $C$DW$15, DW_AT_TI_symbol_name("usDataLength")
      82                    .dwattr $C$DW$15, DW_AT_type(*$C$DW$T$23)
      83                    .dwattr $C$DW$15, DW_AT_location[DW_OP_reg15]
      84            
      85            ;*****************************************************************************
      86            ;* FUNCTION NAME: hci_patch_send                                             *
      87            ;*                                                                           *
      88            ;*   Regs Modified     : SP,SR,r6,r7,r8,r9,r10,r11,r12,r13,r14,r15           *
      89            ;*   Regs Used         : SP,SR,r6,r7,r8,r9,r10,r11,r12,r13,r14,r15           *
      90            ;*   Local Frame Size  : 0 Args + 0 Auto + 20 Save = 20 byte                 *
      91            ;*****************************************************************************
      92            
      93            ;******************************************************************************
      94            ;*                                                                            *
      95            ;* Using -g (debug) with optimization (-o4) may disable key optimizations!    *
      96            ;*                                                                            *
      97            ;******************************************************************************
      98 000000       hci_patch_send:
      99            ;* --------------------------------------------------------------------------*
     100                    .dwcfi  cfa_offset, 4
     101                    .dwcfi  save_reg_to_mem, 16, -4
     102                    .dwcfi  save_reg_to_mem, 10, -8
     103                    .dwcfi  save_reg_to_mem, 9, -12
     104                    .dwcfi  save_reg_to_mem, 8, -16
     105                    .dwcfi  save_reg_to_mem, 7, -20
     106                    .dwcfi  save_reg_to_mem, 6, -24
     107 000000 144A          PUSHM.A   #5,r10                ; [] 
     108                    .dwcfi  cfa_offset, 24
     109                    .dwcfi  cfa_offset, 24
     110            ;* r6    assigned to stream
MSP430 Assembler PC v4.1.9 Sun Mar 23 16:08:25 2014

Tools Copyright (c) 2003-2014 Texas Instruments Incorporated
C:\Users\Lucas\AppData\Local\Temp\0810811                            PAGE    3

     111            $C$DW$16        .dwtag  DW_TAG_variable, DW_AT_name("stream")
     112                    .dwattr $C$DW$16, DW_AT_TI_symbol_name("stream")
     113                    .dwattr $C$DW$16, DW_AT_type(*$C$DW$T$25)
     114                    .dwattr $C$DW$16, DW_AT_location[DW_OP_reg6]
     115            ;* r6    assigned to usTransLength
     116            $C$DW$17        .dwtag  DW_TAG_variable, DW_AT_name("usTransLength")
     117                    .dwattr $C$DW$17, DW_AT_TI_symbol_name("usTransLength")
     118                    .dwattr $C$DW$17, DW_AT_type(*$C$DW$T$23)
     119                    .dwattr $C$DW$17, DW_AT_location[DW_OP_reg6]
     120            ;* r10   assigned to data_ptr
     121            $C$DW$18        .dwtag  DW_TAG_variable, DW_AT_name("data_ptr")
     122                    .dwattr $C$DW$18, DW_AT_TI_symbol_name("data_ptr")
     123                    .dwattr $C$DW$18, DW_AT_type(*$C$DW$T$25)
     124                    .dwattr $C$DW$18, DW_AT_location[DW_OP_reg10]
     125            ;* r8    assigned to usDataLength
     126            $C$DW$19        .dwtag  DW_TAG_variable, DW_AT_name("usDataLength")
     127                    .dwattr $C$DW$19, DW_AT_TI_symbol_name("usDataLength")
     128                    .dwattr $C$DW$19, DW_AT_type(*$C$DW$T$23)
     129                    .dwattr $C$DW$19, DW_AT_location[DW_OP_reg8]
     130            ;* r7    assigned to patch
     131            $C$DW$20        .dwtag  DW_TAG_variable, DW_AT_name("patch")
     132                    .dwattr $C$DW$20, DW_AT_TI_symbol_name("patch")
     133                    .dwattr $C$DW$20, DW_AT_type(*$C$DW$T$29)
     134                    .dwattr $C$DW$20, DW_AT_location[DW_OP_reg7]
     135            ;* r9    assigned to pucBuff
     136            $C$DW$21        .dwtag  DW_TAG_variable, DW_AT_name("pucBuff")
     137                    .dwattr $C$DW$21, DW_AT_TI_symbol_name("pucBuff")
     138                    .dwattr $C$DW$21, DW_AT_type(*$C$DW$T$34)
     139                    .dwattr $C$DW$21, DW_AT_location[DW_OP_reg9]
     140            ;* r12   assigned to ucOpcode
     141            $C$DW$22        .dwtag  DW_TAG_variable, DW_AT_name("ucOpcode")
     142                    .dwattr $C$DW$22, DW_AT_TI_symbol_name("ucOpcode")
     143                    .dwattr $C$DW$22, DW_AT_type(*$C$DW$T$31)
     144                    .dwattr $C$DW$22, DW_AT_location[DW_OP_reg12]
     145            ;* r9    assigned to $O$U34
     146 000002 0FC8          MOVA      r15,r8                ; [] |163| 
     147 000004 0EC7          MOVA      r14,r7                ; [] |163| 
     148 000006 0DC9          MOVA      r13,r9                ; [] |163| 
     149                    .dwpsn  file "E:/Dropbox/git/CHARM/Embedded_Voltmeter/Basic WiFi Source/Source/CC3000HostDrive
     150 000008 403A          MOV.W     #5,r10                ; [] |164| 
         00000a 0005 
     151 00000c 590A          ADD.W     r9,r10                ; [] |164| 
     152                    .dwpsn  file "E:/Dropbox/git/CHARM/Embedded_Voltmeter/Basic WiFi Source/Source/CC3000HostDrive
     153 00000e 0AC6          MOVA      r10,r6                ; [] |166| 
     154                    .dwpsn  file "E:/Dropbox/git/CHARM/Embedded_Voltmeter/Basic WiFi Source/Source/CC3000HostDrive
     155 000010 5316          ADD.W     #1,r6                 ; [] |168| 
     156 000012 40F6          MOV.B     #3,-1(r6)             ; [] |168| 
         000014 0003 
         000016 FFFF 
     157                    .dwpsn  file "E:/Dropbox/git/CHARM/Embedded_Voltmeter/Basic WiFi Source/Source/CC3000HostDrive
     158 000018 5316          ADD.W     #1,r6                 ; [] |169| 
     159 00001a 4CC6          MOV.B     r12,-1(r6)            ; [] |169| 
         00001c FFFF 
     160                    .dwpsn  file "E:/Dropbox/git/CHARM/Embedded_Voltmeter/Basic WiFi Source/Source/CC3000HostDrive
     161 00001e 432D          MOV.W     #2,r13                ; [] |170| 
MSP430 Assembler PC v4.1.9 Sun Mar 23 16:08:25 2014

Tools Copyright (c) 2003-2014 Texas Instruments Incorporated
C:\Users\Lucas\AppData\Local\Temp\0810811                            PAGE    4

     162 000020 580D          ADD.W     r8,r13                ; [] |170| 
     163 000022 06CC          MOVA      r6,r12                ; [] |170| 
     164            $C$DW$23        .dwtag  DW_TAG_TI_branch
     165                    .dwattr $C$DW$23, DW_AT_low_pc(0x00)
     166                    .dwattr $C$DW$23, DW_AT_name("UINT16_TO_STREAM_f")
     167                    .dwattr $C$DW$23, DW_AT_TI_call
     168 000024 13B0!         CALLA     #UINT16_TO_STREAM_f   ; [] |170| 
         000026 0000 
     169                                                      ; [] |170| 
     170 000028 0CC6          MOVA      r12,r6                ; [] |170| 
     171                    .dwpsn  file "E:/Dropbox/git/CHARM/Embedded_Voltmeter/Basic WiFi Source/Source/CC3000HostDrive
     172 00002a 9038          CMP.W     #1001,r8              ; [] |172| 
         00002c 03E9 
     173 00002e 283B          JLO       $C$L4                 ; [] |172| 
     174                                                      ; [] |172| 
     175            ;* --------------------------------------------------------------------------*
     176                    .dwpsn  file "E:/Dropbox/git/CHARM/Embedded_Voltmeter/Basic WiFi Source/Source/CC3000HostDrive
     177 000030 08CC          MOVA      r8,r12                ; [] |185| 
     178 000032 403D          MOV.W     #1000,r13             ; [] |185| 
         000034 03E8 
     179            $C$DW$24        .dwtag  DW_TAG_TI_branch
     180                    .dwattr $C$DW$24, DW_AT_low_pc(0x00)
     181                    .dwattr $C$DW$24, DW_AT_name("__divu")
     182                    .dwattr $C$DW$24, DW_AT_TI_call
     183 000036 13B0!         CALLA     #__divu               ; [] |185| 
         000038 0000 
     184                                                      ; [] |185| 
     185 00003a 025C          RLAM.W    #1,r12                ; [] |185| 
     186 00003c 580C          ADD.W     r8,r12                ; [] |185| 
     187 00003e 532C          ADD.W     #2,r12                ; [] |185| 
     188 000040 0CCD          MOVA      r12,r13               ; [] |185| 
     189 000042 06CC          MOVA      r6,r12                ; [] |185| 
     190            $C$DW$25        .dwtag  DW_TAG_TI_branch
     191                    .dwattr $C$DW$25, DW_AT_low_pc(0x00)
     192                    .dwattr $C$DW$25, DW_AT_name("UINT16_TO_STREAM_f")
     193                    .dwattr $C$DW$25, DW_AT_TI_call
     194 000044 13B0!         CALLA     #UINT16_TO_STREAM_f   ; [] |185| 
         000046 0000 
     195                                                      ; [] |185| 
     196                    .dwpsn  file "E:/Dropbox/git/CHARM/Embedded_Voltmeter/Basic WiFi Source/Source/CC3000HostDrive
     197 000048 06CC          MOVA      r6,r12                ; [] |186| 
     198 00004a 403D          MOV.W     #1000,r13             ; [] |186| 
         00004c 03E8 
     199            $C$DW$26        .dwtag  DW_TAG_TI_branch
     200                    .dwattr $C$DW$26, DW_AT_low_pc(0x00)
     201                    .dwattr $C$DW$26, DW_AT_name("$abproc0")
     202                    .dwattr $C$DW$26, DW_AT_TI_call
     203 00004e 13B0!         CALLA     #$abproc0             ; [] 
         000050 00CA 
     204                                                      ; [] 
     205 000052 403E          MOV.W     #1000,r14             ; [] |187| 
         000054 03E8 
     206            $C$DW$27        .dwtag  DW_TAG_TI_branch
     207                    .dwattr $C$DW$27, DW_AT_low_pc(0x00)
     208                    .dwattr $C$DW$27, DW_AT_name("memcpy")
MSP430 Assembler PC v4.1.9 Sun Mar 23 16:08:25 2014

Tools Copyright (c) 2003-2014 Texas Instruments Incorporated
C:\Users\Lucas\AppData\Local\Temp\0810811                            PAGE    5

     209                    .dwattr $C$DW$27, DW_AT_TI_call
     210 000056 13B0!         CALLA     #memcpy               ; [] |187| 
         000058 0000 
     211                                                      ; [] |187| 
     212                    .dwpsn  file "E:/Dropbox/git/CHARM/Embedded_Voltmeter/Basic WiFi Source/Source/CC3000HostDrive
     213 00005a 09CC          MOVA      r9,r12                ; [] |192| 
     214 00005c 403D          MOV.W     #1006,r13             ; [] |192| 
         00005e 03EE 
     215            $C$DW$28        .dwtag  DW_TAG_TI_branch
     216                    .dwattr $C$DW$28, DW_AT_low_pc(0x00)
     217                    .dwattr $C$DW$28, DW_AT_name("SpiWrite")
     218                    .dwattr $C$DW$28, DW_AT_TI_call
     219 000060 13B0!         CALLA     #SpiWrite             ; [] |192| 
         000062 0000 
     220                                                      ; [] |192| 
     221                    .dwpsn  file "E:/Dropbox/git/CHARM/Embedded_Voltmeter/Basic WiFi Source/Source/CC3000HostDrive
     222 000064 8038          SUB.W     #1000,r8              ; [] |194| 
         000066 03E8 
     223 000068 242E          JEQ       $C$L5                 ; [] |194| 
     224                                                      ; [] |194| 
     225            ;* --------------------------------------------------------------------------*
     226                    .dwpsn  file "E:/Dropbox/git/CHARM/Embedded_Voltmeter/Basic WiFi Source/Source/CC3000HostDrive
     227 00006a 5037          ADD.W     #1000,r7              ; [] |189| 
         00006c 03E8 
     228 00006e 4329          MOV.W     #2,r9                 ; [] 
     229 000070 5A09          ADD.W     r10,r9                ; [] 
     230            ;* --------------------------------------------------------------------------*
     231            ;*   BEGIN LOOP $C$L1
     232            ;*
     233            ;*   Loop source line                : 194
     234            ;*   Loop closing brace source line  : 214
     235            ;*   Known Minimum Trip Count        : 1
     236            ;*   Known Maximum Trip Count        : 4294967295
     237            ;*   Known Max Trip Count Factor     : 1
     238            ;* --------------------------------------------------------------------------*
     239 000072       $C$L1:    
     240 000072       $C$DW$L$hci_patch_send$4$B:
     241                    .dwpsn  file "E:/Dropbox/git/CHARM/Embedded_Voltmeter/Basic WiFi Source/Source/CC3000HostDrive
     242 000072 9038          CMP.W     #1001,r8              ; [] |196| 
         000074 03E9 
     243 000076 2805          JLO       $C$L2                 ; [] |196| 
     244                                                      ; [] |196| 
     245 000078       $C$DW$L$hci_patch_send$4$E:
     246            ;* --------------------------------------------------------------------------*
     247 000078       $C$DW$L$hci_patch_send$5$B:
     248                    .dwpsn  file "E:/Dropbox/git/CHARM/Embedded_Voltmeter/Basic WiFi Source/Source/CC3000HostDrive
     249 000078 8038          SUB.W     #1000,r8              ; [] |205| 
         00007a 03E8 
     250                    .dwpsn  file "E:/Dropbox/git/CHARM/Embedded_Voltmeter/Basic WiFi Source/Source/CC3000HostDrive
     251 00007c 4036          MOV.W     #1000,r6              ; [] |204| 
         00007e 03E8 
     252                    .dwpsn  file "E:/Dropbox/git/CHARM/Embedded_Voltmeter/Basic WiFi Source/Source/CC3000HostDrive
     253 000080 3C02          JMP       $C$L3                 ; [] |205| 
     254                                                      ; [] |205| 
     255 000082       $C$DW$L$hci_patch_send$5$E:
MSP430 Assembler PC v4.1.9 Sun Mar 23 16:08:25 2014

Tools Copyright (c) 2003-2014 Texas Instruments Incorporated
C:\Users\Lucas\AppData\Local\Temp\0810811                            PAGE    6

     256            ;* --------------------------------------------------------------------------*
     257 000082       $C$L2:    
     258 000082       $C$DW$L$hci_patch_send$6$B:
     259                    .dwpsn  file "E:/Dropbox/git/CHARM/Embedded_Voltmeter/Basic WiFi Source/Source/CC3000HostDrive
     260 000082 08C6          MOVA      r8,r6                 ; [] |198| 
     261                    .dwpsn  file "E:/Dropbox/git/CHARM/Embedded_Voltmeter/Basic WiFi Source/Source/CC3000HostDrive
     262 000084 4308          MOV.W     #0,r8                 ; [] |199| 
     263 000086       $C$DW$L$hci_patch_send$6$E:
     264            ;* --------------------------------------------------------------------------*
     265 000086       $C$L3:    
     266 000086       $C$DW$L$hci_patch_send$7$B:
     267                    .dwpsn  file "E:/Dropbox/git/CHARM/Embedded_Voltmeter/Basic WiFi Source/Source/CC3000HostDrive
     268 000086 468A          MOV.W     r6,0(r10)             ; [] |208| 
         000088 0000 
     269                    .dwpsn  file "E:/Dropbox/git/CHARM/Embedded_Voltmeter/Basic WiFi Source/Source/CC3000HostDrive
     270 00008a 09CC          MOVA      r9,r12                ; [] |209| 
     271 00008c 07CD          MOVA      r7,r13                ; [] |209| 
     272 00008e 06CE          MOVA      r6,r14                ; [] |209| 
     273            $C$DW$29        .dwtag  DW_TAG_TI_branch
     274                    .dwattr $C$DW$29, DW_AT_low_pc(0x00)
     275                    .dwattr $C$DW$29, DW_AT_name("memcpy")
     276                    .dwattr $C$DW$29, DW_AT_TI_call
     277 000090 13B0!         CALLA     #memcpy               ; [] |209| 
         000092 0000 
     278                                                      ; [] |209| 
     279                    .dwpsn  file "E:/Dropbox/git/CHARM/Embedded_Voltmeter/Basic WiFi Source/Source/CC3000HostDrive
     280 000094 5607          ADD.W     r6,r7                 ; [] |210| 
     281                    .dwpsn  file "E:/Dropbox/git/CHARM/Embedded_Voltmeter/Basic WiFi Source/Source/CC3000HostDrive
     282 000096 432D          MOV.W     #2,r13                ; [] |213| 
     283 000098 560D          ADD.W     r6,r13                ; [] |213| 
     284 00009a 0ACC          MOVA      r10,r12               ; [] |213| 
     285            $C$DW$30        .dwtag  DW_TAG_TI_branch
     286                    .dwattr $C$DW$30, DW_AT_low_pc(0x00)
     287                    .dwattr $C$DW$30, DW_AT_name("SpiWrite")
     288                    .dwattr $C$DW$30, DW_AT_TI_call
     289 00009c 13B0!         CALLA     #SpiWrite             ; [] |213| 
         00009e 0000 
     290                                                      ; [] |213| 
     291                    .dwpsn  file "E:/Dropbox/git/CHARM/Embedded_Voltmeter/Basic WiFi Source/Source/CC3000HostDrive
     292 0000a0 9308          TST.W     r8                    ; [] |194| 
     293 0000a2 23E7          JNE       $C$L1                 ; [] |194| 
     294                                                      ; [] |194| 
     295 0000a4       $C$DW$L$hci_patch_send$7$E:
     296            ;* --------------------------------------------------------------------------*
     297 0000a4 3C10          JMP       $C$L5                 ; [] |194| 
     298                                                      ; [] |194| 
     299            ;* --------------------------------------------------------------------------*
     300 0000a6       $C$L4:    
     301                    .dwpsn  file "E:/Dropbox/git/CHARM/Embedded_Voltmeter/Basic WiFi Source/Source/CC3000HostDrive
     302 0000a6 08CD          MOVA      r8,r13                ; [] |174| 
     303            $C$DW$31        .dwtag  DW_TAG_TI_branch
     304                    .dwattr $C$DW$31, DW_AT_low_pc(0x00)
     305                    .dwattr $C$DW$31, DW_AT_name("UINT16_TO_STREAM_f")
     306                    .dwattr $C$DW$31, DW_AT_TI_call
     307 0000a8 13B0!         CALLA     #UINT16_TO_STREAM_f   ; [] |174| 
MSP430 Assembler PC v4.1.9 Sun Mar 23 16:08:25 2014

Tools Copyright (c) 2003-2014 Texas Instruments Incorporated
C:\Users\Lucas\AppData\Local\Temp\0810811                            PAGE    7

         0000aa 0000 
     308                                                      ; [] |174| 
     309                    .dwpsn  file "E:/Dropbox/git/CHARM/Embedded_Voltmeter/Basic WiFi Source/Source/CC3000HostDrive
     310 0000ac 06CC          MOVA      r6,r12                ; [] |175| 
     311 0000ae 08CD          MOVA      r8,r13                ; [] |175| 
     312            $C$DW$32        .dwtag  DW_TAG_TI_branch
     313                    .dwattr $C$DW$32, DW_AT_low_pc(0x00)
     314                    .dwattr $C$DW$32, DW_AT_name("$abproc0")
     315                    .dwattr $C$DW$32, DW_AT_TI_call
     316 0000b0 13B0!         CALLA     #$abproc0             ; [] 
         0000b2 00CA 
     317                                                      ; [] 
     318 0000b4 08CE          MOVA      r8,r14                ; [] |176| 
     319            $C$DW$33        .dwtag  DW_TAG_TI_branch
     320                    .dwattr $C$DW$33, DW_AT_low_pc(0x00)
     321                    .dwattr $C$DW$33, DW_AT_name("memcpy")
     322                    .dwattr $C$DW$33, DW_AT_TI_call
     323 0000b6 13B0!         CALLA     #memcpy               ; [] |176| 
         0000b8 0000 
     324                                                      ; [] |176| 
     325                    .dwpsn  file "E:/Dropbox/git/CHARM/Embedded_Voltmeter/Basic WiFi Source/Source/CC3000HostDrive
     326 0000ba 403D          MOV.W     #6,r13                ; [] |179| 
         0000bc 0006 
     327 0000be 580D          ADD.W     r8,r13                ; [] |179| 
     328 0000c0 09CC          MOVA      r9,r12                ; [] |179| 
     329            $C$DW$34        .dwtag  DW_TAG_TI_branch
     330                    .dwattr $C$DW$34, DW_AT_low_pc(0x00)
     331                    .dwattr $C$DW$34, DW_AT_name("SpiWrite")
     332                    .dwattr $C$DW$34, DW_AT_TI_call
     333 0000c2 13B0!         CALLA     #SpiWrite             ; [] |179| 
         0000c4 0000 
     334                                                      ; [] |179| 
     335            ;* --------------------------------------------------------------------------*
     336 0000c6       $C$L5:    
     337                    .dwpsn  file "E:/Dropbox/git/CHARM/Embedded_Voltmeter/Basic WiFi Source/Source/CC3000HostDrive
     338                    .dwcfi  cfa_offset, 24
     339                    .dwcfi  restore_reg, 6
     340                    .dwcfi  restore_reg, 7
     341                    .dwcfi  restore_reg, 8
     342                    .dwcfi  restore_reg, 9
     343                    .dwcfi  restore_reg, 10
     344 0000c6 1646          POPM.A    #5,r10                ; [] 
     345                    .dwcfi  cfa_offset, 4
     346            $C$DW$35        .dwtag  DW_TAG_TI_branch
     347                    .dwattr $C$DW$35, DW_AT_low_pc(0x00)
     348                    .dwattr $C$DW$35, DW_AT_TI_return
     349 0000c8 0110          RETA      ; [] 
     350                    ; [] 
     351            
     352            $C$DW$36        .dwtag  DW_TAG_TI_loop
     353                    .dwattr $C$DW$36, DW_AT_name("C:\\Users\\Lucas\\AppData\\Local\\Temp\\0810811:$C$L1:1:13956125
     354                    .dwattr $C$DW$36, DW_AT_TI_begin_file("E:/Dropbox/git/CHARM/Embedded_Voltmeter/Basic WiFi Sour
     355                    .dwattr $C$DW$36, DW_AT_TI_begin_line(0xc2)
     356                    .dwattr $C$DW$36, DW_AT_TI_end_line(0xd6)
     357            $C$DW$37        .dwtag  DW_TAG_TI_loop_range
MSP430 Assembler PC v4.1.9 Sun Mar 23 16:08:25 2014

Tools Copyright (c) 2003-2014 Texas Instruments Incorporated
C:\Users\Lucas\AppData\Local\Temp\0810811                            PAGE    8

     358                    .dwattr $C$DW$37, DW_AT_low_pc($C$DW$L$hci_patch_send$4$B)
     359                    .dwattr $C$DW$37, DW_AT_high_pc($C$DW$L$hci_patch_send$4$E)
     360            $C$DW$38        .dwtag  DW_TAG_TI_loop_range
     361                    .dwattr $C$DW$38, DW_AT_low_pc($C$DW$L$hci_patch_send$5$B)
     362                    .dwattr $C$DW$38, DW_AT_high_pc($C$DW$L$hci_patch_send$5$E)
     363            $C$DW$39        .dwtag  DW_TAG_TI_loop_range
     364                    .dwattr $C$DW$39, DW_AT_low_pc($C$DW$L$hci_patch_send$6$B)
     365                    .dwattr $C$DW$39, DW_AT_high_pc($C$DW$L$hci_patch_send$6$E)
     366            $C$DW$40        .dwtag  DW_TAG_TI_loop_range
     367                    .dwattr $C$DW$40, DW_AT_low_pc($C$DW$L$hci_patch_send$7$B)
     368                    .dwattr $C$DW$40, DW_AT_high_pc($C$DW$L$hci_patch_send$7$E)
     369                    .dwendtag $C$DW$36
     370            
     371                    .dwattr $C$DW$11, DW_AT_TI_end_file("E:/Dropbox/git/CHARM/Embedded_Voltmeter/Basic WiFi Source
     372                    .dwattr $C$DW$11, DW_AT_TI_end_line(0xd8)
     373                    .dwattr $C$DW$11, DW_AT_TI_end_column(0x01)
     374                    .dwendentry
     375                    .dwendtag $C$DW$11
     376            
     377 0000ca               .sect   ".text:hci_patch_send"
     378            
     379            $C$DW$41        .dwtag  DW_TAG_subprogram, DW_AT_name("")
     380                    .dwattr $C$DW$41, DW_AT_low_pc($abproc0)
     381                    .dwattr $C$DW$41, DW_AT_high_pc(0x00)
     382                    .dwattr $C$DW$41, DW_AT_TI_symbol_name("$abproc0")
     383            
     384                    .dwfde $C$DW$CIE, $abproc0
     385            
     386            ;*****************************************************************************
     387            ;* ABSTRACTED PROCEDURE: $abproc0                                            *
     388            ;*****************************************************************************
     389 0000ca       $abproc0:
     390                    .dwcfi  cfa_offset, 4
     391 0000ca 13B0!         CALLA     #UINT16_TO_STREAM_f   ; [] |186| 
         0000cc 0000 
     392                                                      ; [] |186| 
     393                    .dwpsn  file "E:/Dropbox/git/CHARM/Embedded_Voltmeter/Basic WiFi Source/Source/CC3000HostDrive
     394 0000ce 403C          MOV.W     #11,r12               ; [] |187| 
         0000d0 000B 
     395 0000d2 590C          ADD.W     r9,r12                ; [] |187| 
     396 0000d4 07CD          MOVA      r7,r13                ; [] |187| 
     397 0000d6 0110          RETA      ; [] 
     398                    ; [] 
     399                    .dwendentry
     400                    .dwendtag $C$DW$41
     401            
     402 000000               .sect   ".text:hci_data_send"
     403                    .align  2
     404                    .clink
     405                    .global hci_data_send
     406            
     407            $C$DW$42        .dwtag  DW_TAG_subprogram, DW_AT_name("hci_data_send")
     408                    .dwattr $C$DW$42, DW_AT_low_pc(hci_data_send)
     409                    .dwattr $C$DW$42, DW_AT_high_pc(0x00)
     410                    .dwattr $C$DW$42, DW_AT_TI_symbol_name("hci_data_send")
MSP430 Assembler PC v4.1.9 Sun Mar 23 16:08:25 2014

Tools Copyright (c) 2003-2014 Texas Instruments Incorporated
C:\Users\Lucas\AppData\Local\Temp\0810811                            PAGE    9

     411                    .dwattr $C$DW$42, DW_AT_external
     412                    .dwattr $C$DW$42, DW_AT_type(*$C$DW$T$45)
     413                    .dwattr $C$DW$42, DW_AT_TI_begin_file("E:/Dropbox/git/CHARM/Embedded_Voltmeter/Basic WiFi Sour
     414                    .dwattr $C$DW$42, DW_AT_TI_begin_line(0x60)
     415                    .dwattr $C$DW$42, DW_AT_TI_begin_column(0x07)
     416                    .dwattr $C$DW$42, DW_AT_TI_max_frame_size(0x0c)
     417                    .dwpsn  file "E:/Dropbox/git/CHARM/Embedded_Voltmeter/Basic WiFi Source/Source/CC3000HostDrive
     418            
     419                    .dwfde $C$DW$CIE, hci_data_send
     420            $C$DW$43        .dwtag  DW_TAG_formal_parameter, DW_AT_name("ucOpcode")
     421                    .dwattr $C$DW$43, DW_AT_TI_symbol_name("ucOpcode")
     422                    .dwattr $C$DW$43, DW_AT_type(*$C$DW$T$24)
     423                    .dwattr $C$DW$43, DW_AT_location[DW_OP_reg12]
     424            $C$DW$44        .dwtag  DW_TAG_formal_parameter, DW_AT_name("ucArgs")
     425                    .dwattr $C$DW$44, DW_AT_TI_symbol_name("ucArgs")
     426                    .dwattr $C$DW$44, DW_AT_type(*$C$DW$T$25)
     427                    .dwattr $C$DW$44, DW_AT_location[DW_OP_reg13]
     428            $C$DW$45        .dwtag  DW_TAG_formal_parameter, DW_AT_name("usArgsLength")
     429                    .dwattr $C$DW$45, DW_AT_TI_symbol_name("usArgsLength")
     430                    .dwattr $C$DW$45, DW_AT_type(*$C$DW$T$23)
     431                    .dwattr $C$DW$45, DW_AT_location[DW_OP_reg14]
     432            $C$DW$46        .dwtag  DW_TAG_formal_parameter, DW_AT_name("usDataLength")
     433                    .dwattr $C$DW$46, DW_AT_TI_symbol_name("usDataLength")
     434                    .dwattr $C$DW$46, DW_AT_type(*$C$DW$T$23)
     435                    .dwattr $C$DW$46, DW_AT_location[DW_OP_reg15]
     436            $C$DW$47        .dwtag  DW_TAG_formal_parameter, DW_AT_name("ucTail")
     437                    .dwattr $C$DW$47, DW_AT_TI_symbol_name("ucTail")
     438                    .dwattr $C$DW$47, DW_AT_type(*$C$DW$T$32)
     439                    .dwattr $C$DW$47, DW_AT_location[DW_OP_breg1 12]
     440            $C$DW$48        .dwtag  DW_TAG_formal_parameter, DW_AT_name("usTailLength")
     441                    .dwattr $C$DW$48, DW_AT_TI_symbol_name("usTailLength")
     442                    .dwattr $C$DW$48, DW_AT_type(*$C$DW$T$23)
     443                    .dwattr $C$DW$48, DW_AT_location[DW_OP_breg1 14]
     444            
     445            ;*****************************************************************************
     446            ;* FUNCTION NAME: hci_data_send                                              *
     447            ;*                                                                           *
     448            ;*   Regs Modified     : SP,SR,r9,r10,r11,r12,r13,r14,r15                    *
     449            ;*   Regs Used         : SP,SR,r9,r10,r11,r12,r13,r14,r15                    *
     450            ;*   Local Frame Size  : 0 Args + 0 Auto + 8 Save = 8 byte                   *
     451            ;*****************************************************************************
     452            
     453            ;******************************************************************************
     454            ;*                                                                            *
     455            ;* Using -g (debug) with optimization (-o4) may disable key optimizations!    *
     456            ;*                                                                            *
     457            ;******************************************************************************
     458 000000       hci_data_send:
     459            ;* --------------------------------------------------------------------------*
     460                    .dwcfi  cfa_offset, 4
     461                    .dwcfi  save_reg_to_mem, 16, -4
     462                    .dwcfi  save_reg_to_mem, 10, -8
     463                    .dwcfi  save_reg_to_mem, 9, -12
     464 000000 141A          PUSHM.A   #2,r10                ; [] 
     465                    .dwcfi  cfa_offset, 12
MSP430 Assembler PC v4.1.9 Sun Mar 23 16:08:25 2014

Tools Copyright (c) 2003-2014 Texas Instruments Incorporated
C:\Users\Lucas\AppData\Local\Temp\0810811                            PAGE   10

     466                    .dwcfi  cfa_offset, 12
     467            ;* r10   assigned to $O$C1
     468            ;* r13   assigned to ucOpcode
     469            $C$DW$49        .dwtag  DW_TAG_variable, DW_AT_name("ucOpcode")
     470                    .dwattr $C$DW$49, DW_AT_TI_symbol_name("ucOpcode")
     471                    .dwattr $C$DW$49, DW_AT_type(*$C$DW$T$31)
     472                    .dwattr $C$DW$49, DW_AT_location[DW_OP_reg13]
     473            ;* r9    assigned to ucArgs
     474            $C$DW$50        .dwtag  DW_TAG_variable, DW_AT_name("ucArgs")
     475                    .dwattr $C$DW$50, DW_AT_TI_symbol_name("ucArgs")
     476                    .dwattr $C$DW$50, DW_AT_type(*$C$DW$T$34)
     477                    .dwattr $C$DW$50, DW_AT_location[DW_OP_reg9]
     478            ;* r14   assigned to usArgsLength
     479            $C$DW$51        .dwtag  DW_TAG_variable, DW_AT_name("usArgsLength")
     480                    .dwattr $C$DW$51, DW_AT_TI_symbol_name("usArgsLength")
     481                    .dwattr $C$DW$51, DW_AT_type(*$C$DW$T$40)
     482                    .dwattr $C$DW$51, DW_AT_location[DW_OP_reg14]
     483            ;* r15   assigned to usDataLength
     484            $C$DW$52        .dwtag  DW_TAG_variable, DW_AT_name("usDataLength")
     485                    .dwattr $C$DW$52, DW_AT_TI_symbol_name("usDataLength")
     486                    .dwattr $C$DW$52, DW_AT_type(*$C$DW$T$40)
     487                    .dwattr $C$DW$52, DW_AT_location[DW_OP_reg15]
     488            ;* r10   assigned to usTailLength
     489            $C$DW$53        .dwtag  DW_TAG_variable, DW_AT_name("usTailLength")
     490                    .dwattr $C$DW$53, DW_AT_TI_symbol_name("usTailLength")
     491                    .dwattr $C$DW$53, DW_AT_type(*$C$DW$T$40)
     492                    .dwattr $C$DW$53, DW_AT_location[DW_OP_reg10]
     493            ;* r12   assigned to stream
     494            $C$DW$54        .dwtag  DW_TAG_variable, DW_AT_name("stream")
     495                    .dwattr $C$DW$54, DW_AT_TI_symbol_name("stream")
     496                    .dwattr $C$DW$54, DW_AT_type(*$C$DW$T$25)
     497                    .dwattr $C$DW$54, DW_AT_location[DW_OP_reg12]
     498 000002 0DC9          MOVA      r13,r9                ; [] |102| 
     499 000004 0CCD          MOVA      r12,r13               ; [] |102| 
     500 000006 411A          MOV.W     14(SP),r10            ; [] |102| 
         000008 000E 
     501                    .dwpsn  file "E:/Dropbox/git/CHARM/Embedded_Voltmeter/Basic WiFi Source/Source/CC3000HostDrive
     502 00000a 403C          MOV.W     #5,r12                ; [] |105| 
         00000c 0005 
     503 00000e 590C          ADD.W     r9,r12                ; [] |105| 
     504                    .dwpsn  file "E:/Dropbox/git/CHARM/Embedded_Voltmeter/Basic WiFi Source/Source/CC3000HostDrive
     505 000010 531C          ADD.W     #1,r12                ; [] |107| 
     506 000012 43EC          MOV.B     #2,-1(r12)            ; [] |107| 
         000014 FFFF 
     507                    .dwpsn  file "E:/Dropbox/git/CHARM/Embedded_Voltmeter/Basic WiFi Source/Source/CC3000HostDrive
     508 000016 531C          ADD.W     #1,r12                ; [] |108| 
     509 000018 4DCC          MOV.B     r13,-1(r12)           ; [] |108| 
         00001a FFFF 
     510                    .dwpsn  file "E:/Dropbox/git/CHARM/Embedded_Voltmeter/Basic WiFi Source/Source/CC3000HostDrive
     511 00001c 531C          ADD.W     #1,r12                ; [] |109| 
     512 00001e 4ECC          MOV.B     r14,-1(r12)           ; [] |109| 
         000020 FFFF 
     513                    .dwpsn  file "E:/Dropbox/git/CHARM/Embedded_Voltmeter/Basic WiFi Source/Source/CC3000HostDrive
     514 000022 5F0E          ADD.W     r15,r14               ; [] |110| 
     515 000024 5E0A          ADD.W     r14,r10               ; [] |110| 
MSP430 Assembler PC v4.1.9 Sun Mar 23 16:08:25 2014

Tools Copyright (c) 2003-2014 Texas Instruments Incorporated
C:\Users\Lucas\AppData\Local\Temp\0810811                            PAGE   11

     516 000026 0ACD          MOVA      r10,r13               ; [] |110| 
     517            $C$DW$55        .dwtag  DW_TAG_TI_branch
     518                    .dwattr $C$DW$55, DW_AT_low_pc(0x00)
     519                    .dwattr $C$DW$55, DW_AT_name("UINT16_TO_STREAM_f")
     520                    .dwattr $C$DW$55, DW_AT_TI_call
     521 000028 13B0!         CALLA     #UINT16_TO_STREAM_f   ; [] |110| 
         00002a 0000 
     522                                                      ; [] |110| 
     523                    .dwpsn  file "E:/Dropbox/git/CHARM/Embedded_Voltmeter/Basic WiFi Source/Source/CC3000HostDrive
     524 00002c 403D          MOV.W     #5,r13                ; [] |113| 
         00002e 0005 
     525 000030 5A0D          ADD.W     r10,r13               ; [] |113| 
     526 000032 09CC          MOVA      r9,r12                ; [] |113| 
     527            $C$DW$56        .dwtag  DW_TAG_TI_branch
     528                    .dwattr $C$DW$56, DW_AT_low_pc(0x00)
     529                    .dwattr $C$DW$56, DW_AT_name("SpiWrite")
     530                    .dwattr $C$DW$56, DW_AT_TI_call
     531 000034 13B0!         CALLA     #SpiWrite             ; [] |113| 
         000036 0000 
     532                                                      ; [] |113| 
     533                    .dwpsn  file "E:/Dropbox/git/CHARM/Embedded_Voltmeter/Basic WiFi Source/Source/CC3000HostDrive
     534 000038 430C          MOV.W     #0,r12                ; [] |115| 
     535 00003a 430D          MOV.W     #0,r13                ; [] |115| 
     536                    .dwpsn  file "E:/Dropbox/git/CHARM/Embedded_Voltmeter/Basic WiFi Source/Source/CC3000HostDrive
     537                    .dwcfi  cfa_offset, 12
     538                    .dwcfi  restore_reg, 9
     539                    .dwcfi  restore_reg, 10
     540 00003c 1619          POPM.A    #2,r10                ; [] 
     541                    .dwcfi  cfa_offset, 4
     542            $C$DW$57        .dwtag  DW_TAG_TI_branch
     543                    .dwattr $C$DW$57, DW_AT_low_pc(0x00)
     544                    .dwattr $C$DW$57, DW_AT_TI_return
     545 00003e 0110          RETA      ; [] 
     546                    ; [] 
     547                    .dwattr $C$DW$42, DW_AT_TI_end_file("E:/Dropbox/git/CHARM/Embedded_Voltmeter/Basic WiFi Source
     548                    .dwattr $C$DW$42, DW_AT_TI_end_line(0x74)
     549                    .dwattr $C$DW$42, DW_AT_TI_end_column(0x01)
     550                    .dwendentry
     551                    .dwendtag $C$DW$42
     552            
     553 000000               .sect   ".text:hci_data_command_send"
     554                    .align  2
     555                    .clink
     556                    .global hci_data_command_send
     557            
     558            $C$DW$58        .dwtag  DW_TAG_subprogram, DW_AT_name("hci_data_command_send")
     559                    .dwattr $C$DW$58, DW_AT_low_pc(hci_data_command_send)
     560                    .dwattr $C$DW$58, DW_AT_high_pc(0x00)
     561                    .dwattr $C$DW$58, DW_AT_TI_symbol_name("hci_data_command_send")
     562                    .dwattr $C$DW$58, DW_AT_external
     563                    .dwattr $C$DW$58, DW_AT_TI_begin_file("E:/Dropbox/git/CHARM/Embedded_Voltmeter/Basic WiFi Sour
     564                    .dwattr $C$DW$58, DW_AT_TI_begin_line(0x85)
     565                    .dwattr $C$DW$58, DW_AT_TI_begin_column(0x06)
     566                    .dwattr $C$DW$58, DW_AT_TI_max_frame_size(0x0c)
     567                    .dwpsn  file "E:/Dropbox/git/CHARM/Embedded_Voltmeter/Basic WiFi Source/Source/CC3000HostDrive
MSP430 Assembler PC v4.1.9 Sun Mar 23 16:08:25 2014

Tools Copyright (c) 2003-2014 Texas Instruments Incorporated
C:\Users\Lucas\AppData\Local\Temp\0810811                            PAGE   12

     568            
     569                    .dwfde $C$DW$CIE, hci_data_command_send
     570            $C$DW$59        .dwtag  DW_TAG_formal_parameter, DW_AT_name("usOpcode")
     571                    .dwattr $C$DW$59, DW_AT_TI_symbol_name("usOpcode")
     572                    .dwattr $C$DW$59, DW_AT_type(*$C$DW$T$23)
     573                    .dwattr $C$DW$59, DW_AT_location[DW_OP_reg12]
     574            $C$DW$60        .dwtag  DW_TAG_formal_parameter, DW_AT_name("pucBuff")
     575                    .dwattr $C$DW$60, DW_AT_TI_symbol_name("pucBuff")
     576                    .dwattr $C$DW$60, DW_AT_type(*$C$DW$T$25)
     577                    .dwattr $C$DW$60, DW_AT_location[DW_OP_reg13]
     578            $C$DW$61        .dwtag  DW_TAG_formal_parameter, DW_AT_name("ucArgsLength")
     579                    .dwattr $C$DW$61, DW_AT_TI_symbol_name("ucArgsLength")
     580                    .dwattr $C$DW$61, DW_AT_type(*$C$DW$T$24)
     581                    .dwattr $C$DW$61, DW_AT_location[DW_OP_reg14]
     582            $C$DW$62        .dwtag  DW_TAG_formal_parameter, DW_AT_name("ucDataLength")
     583                    .dwattr $C$DW$62, DW_AT_TI_symbol_name("ucDataLength")
     584                    .dwattr $C$DW$62, DW_AT_type(*$C$DW$T$23)
     585                    .dwattr $C$DW$62, DW_AT_location[DW_OP_reg15]
     586            
     587            ;*****************************************************************************
     588            ;* FUNCTION NAME: hci_data_command_send                                      *
     589            ;*                                                                           *
     590            ;*   Regs Modified     : SP,SR,r9,r10,r11,r12,r13,r14,r15                    *
     591            ;*   Regs Used         : SP,SR,r9,r10,r11,r12,r13,r14,r15                    *
     592            ;*   Local Frame Size  : 0 Args + 0 Auto + 8 Save = 8 byte                   *
     593            ;*****************************************************************************
     594            
     595            ;******************************************************************************
     596            ;*                                                                            *
     597            ;* Using -g (debug) with optimization (-o4) may disable key optimizations!    *
     598            ;*                                                                            *
     599            ;******************************************************************************
     600 000000       hci_data_command_send:
     601            ;* --------------------------------------------------------------------------*
     602                    .dwcfi  cfa_offset, 4
     603                    .dwcfi  save_reg_to_mem, 16, -4
     604                    .dwcfi  save_reg_to_mem, 10, -8
     605                    .dwcfi  save_reg_to_mem, 9, -12
     606 000000 141A          PUSHM.A   #2,r10                ; [] 
     607                    .dwcfi  cfa_offset, 12
     608                    .dwcfi  cfa_offset, 12
     609            ;* r9    assigned to $O$C1
     610            ;* r13   assigned to usOpcode
     611            $C$DW$63        .dwtag  DW_TAG_variable, DW_AT_name("usOpcode")
     612                    .dwattr $C$DW$63, DW_AT_TI_symbol_name("usOpcode")
     613                    .dwattr $C$DW$63, DW_AT_type(*$C$DW$T$40)
     614                    .dwattr $C$DW$63, DW_AT_location[DW_OP_reg13]
     615            ;* r10   assigned to pucBuff
     616            $C$DW$64        .dwtag  DW_TAG_variable, DW_AT_name("pucBuff")
     617                    .dwattr $C$DW$64, DW_AT_TI_symbol_name("pucBuff")
     618                    .dwattr $C$DW$64, DW_AT_type(*$C$DW$T$34)
     619                    .dwattr $C$DW$64, DW_AT_location[DW_OP_reg10]
     620            ;* r14   assigned to ucArgsLength
     621            $C$DW$65        .dwtag  DW_TAG_variable, DW_AT_name("ucArgsLength")
     622                    .dwattr $C$DW$65, DW_AT_TI_symbol_name("ucArgsLength")
MSP430 Assembler PC v4.1.9 Sun Mar 23 16:08:25 2014

Tools Copyright (c) 2003-2014 Texas Instruments Incorporated
C:\Users\Lucas\AppData\Local\Temp\0810811                            PAGE   13

     623                    .dwattr $C$DW$65, DW_AT_type(*$C$DW$T$31)
     624                    .dwattr $C$DW$65, DW_AT_location[DW_OP_reg14]
     625            ;* r15   assigned to ucDataLength
     626            $C$DW$66        .dwtag  DW_TAG_variable, DW_AT_name("ucDataLength")
     627                    .dwattr $C$DW$66, DW_AT_TI_symbol_name("ucDataLength")
     628                    .dwattr $C$DW$66, DW_AT_type(*$C$DW$T$40)
     629                    .dwattr $C$DW$66, DW_AT_location[DW_OP_reg15]
     630            ;* r12   assigned to stream
     631            $C$DW$67        .dwtag  DW_TAG_variable, DW_AT_name("stream")
     632                    .dwattr $C$DW$67, DW_AT_TI_symbol_name("stream")
     633                    .dwattr $C$DW$67, DW_AT_type(*$C$DW$T$25)
     634                    .dwattr $C$DW$67, DW_AT_location[DW_OP_reg12]
     635 000002 0DCA          MOVA      r13,r10               ; [] |134| 
     636 000004 0CCD          MOVA      r12,r13               ; [] |134| 
     637                    .dwpsn  file "E:/Dropbox/git/CHARM/Embedded_Voltmeter/Basic WiFi Source/Source/CC3000HostDrive
     638 000006 403C          MOV.W     #5,r12                ; [] |135| 
         000008 0005 
     639 00000a 5A0C          ADD.W     r10,r12               ; [] |135| 
     640                    .dwpsn  file "E:/Dropbox/git/CHARM/Embedded_Voltmeter/Basic WiFi Source/Source/CC3000HostDrive
     641 00000c 531C          ADD.W     #1,r12                ; [] |137| 
     642 00000e 43EC          MOV.B     #2,-1(r12)            ; [] |137| 
         000010 FFFF 
     643                    .dwpsn  file "E:/Dropbox/git/CHARM/Embedded_Voltmeter/Basic WiFi Source/Source/CC3000HostDrive
     644 000012 531C          ADD.W     #1,r12                ; [] |138| 
     645 000014 4DCC          MOV.B     r13,-1(r12)           ; [] |138| 
         000016 FFFF 
     646                    .dwpsn  file "E:/Dropbox/git/CHARM/Embedded_Voltmeter/Basic WiFi Source/Source/CC3000HostDrive
     647 000018 531C          ADD.W     #1,r12                ; [] |139| 
     648 00001a 4ECC          MOV.B     r14,-1(r12)           ; [] |139| 
         00001c FFFF 
     649                    .dwpsn  file "E:/Dropbox/git/CHARM/Embedded_Voltmeter/Basic WiFi Source/Source/CC3000HostDrive
     650 00001e 4E4E          MOV.B     r14,r14               ; [] |140| 
     651 000020 0EC9          MOVA      r14,r9                ; [] |140| 
     652 000022 5F09          ADD.W     r15,r9                ; [] |140| 
     653 000024 09CD          MOVA      r9,r13                ; [] |140| 
     654            $C$DW$68        .dwtag  DW_TAG_TI_branch
     655                    .dwattr $C$DW$68, DW_AT_low_pc(0x00)
     656                    .dwattr $C$DW$68, DW_AT_name("UINT16_TO_STREAM_f")
     657                    .dwattr $C$DW$68, DW_AT_TI_call
     658 000026 13B0!         CALLA     #UINT16_TO_STREAM_f   ; [] |140| 
         000028 0000 
     659                                                      ; [] |140| 
     660                    .dwpsn  file "E:/Dropbox/git/CHARM/Embedded_Voltmeter/Basic WiFi Source/Source/CC3000HostDrive
     661 00002a 403D          MOV.W     #5,r13                ; [] |143| 
         00002c 0005 
     662 00002e 590D          ADD.W     r9,r13                ; [] |143| 
     663 000030 0ACC          MOVA      r10,r12               ; [] |143| 
     664            $C$DW$69        .dwtag  DW_TAG_TI_branch
     665                    .dwattr $C$DW$69, DW_AT_low_pc(0x00)
     666                    .dwattr $C$DW$69, DW_AT_name("SpiWrite")
     667                    .dwattr $C$DW$69, DW_AT_TI_call
     668 000032 13B0!         CALLA     #SpiWrite             ; [] |143| 
         000034 0000 
     669                                                      ; [] |143| 
     670                    .dwpsn  file "E:/Dropbox/git/CHARM/Embedded_Voltmeter/Basic WiFi Source/Source/CC3000HostDrive
MSP430 Assembler PC v4.1.9 Sun Mar 23 16:08:25 2014

Tools Copyright (c) 2003-2014 Texas Instruments Incorporated
C:\Users\Lucas\AppData\Local\Temp\0810811                            PAGE   14

     671                    .dwcfi  cfa_offset, 12
     672                    .dwcfi  restore_reg, 9
     673                    .dwcfi  restore_reg, 10
     674 000036 1619          POPM.A    #2,r10                ; [] 
     675                    .dwcfi  cfa_offset, 4
     676            $C$DW$70        .dwtag  DW_TAG_TI_branch
     677                    .dwattr $C$DW$70, DW_AT_low_pc(0x00)
     678                    .dwattr $C$DW$70, DW_AT_TI_return
     679 000038 0110          RETA      ; [] 
     680                    ; [] 
     681                    .dwattr $C$DW$58, DW_AT_TI_end_file("E:/Dropbox/git/CHARM/Embedded_Voltmeter/Basic WiFi Source
     682                    .dwattr $C$DW$58, DW_AT_TI_end_line(0x92)
     683                    .dwattr $C$DW$58, DW_AT_TI_end_column(0x01)
     684                    .dwendentry
     685                    .dwendtag $C$DW$58
     686            
     687 000000               .sect   ".text:hci_command_send"
     688                    .align  2
     689                    .clink
     690                    .global hci_command_send
     691            
     692            $C$DW$71        .dwtag  DW_TAG_subprogram, DW_AT_name("hci_command_send")
     693                    .dwattr $C$DW$71, DW_AT_low_pc(hci_command_send)
     694                    .dwattr $C$DW$71, DW_AT_high_pc(0x00)
     695                    .dwattr $C$DW$71, DW_AT_TI_symbol_name("hci_command_send")
     696                    .dwattr $C$DW$71, DW_AT_external
     697                    .dwattr $C$DW$71, DW_AT_type(*$C$DW$T$23)
     698                    .dwattr $C$DW$71, DW_AT_TI_begin_file("E:/Dropbox/git/CHARM/Embedded_Voltmeter/Basic WiFi Sour
     699                    .dwattr $C$DW$71, DW_AT_TI_begin_line(0x41)
     700                    .dwattr $C$DW$71, DW_AT_TI_begin_column(0x08)
     701                    .dwattr $C$DW$71, DW_AT_TI_max_frame_size(0x0c)
     702                    .dwpsn  file "E:/Dropbox/git/CHARM/Embedded_Voltmeter/Basic WiFi Source/Source/CC3000HostDrive
     703            
     704                    .dwfde $C$DW$CIE, hci_command_send
     705            $C$DW$72        .dwtag  DW_TAG_formal_parameter, DW_AT_name("usOpcode")
     706                    .dwattr $C$DW$72, DW_AT_TI_symbol_name("usOpcode")
     707                    .dwattr $C$DW$72, DW_AT_type(*$C$DW$T$23)
     708                    .dwattr $C$DW$72, DW_AT_location[DW_OP_reg12]
     709            $C$DW$73        .dwtag  DW_TAG_formal_parameter, DW_AT_name("pucBuff")
     710                    .dwattr $C$DW$73, DW_AT_TI_symbol_name("pucBuff")
     711                    .dwattr $C$DW$73, DW_AT_type(*$C$DW$T$25)
     712                    .dwattr $C$DW$73, DW_AT_location[DW_OP_reg13]
     713            $C$DW$74        .dwtag  DW_TAG_formal_parameter, DW_AT_name("ucArgsLength")
     714                    .dwattr $C$DW$74, DW_AT_TI_symbol_name("ucArgsLength")
     715                    .dwattr $C$DW$74, DW_AT_type(*$C$DW$T$24)
     716                    .dwattr $C$DW$74, DW_AT_location[DW_OP_reg14]
     717            
     718            ;*****************************************************************************
     719            ;* FUNCTION NAME: hci_command_send                                           *
     720            ;*                                                                           *
     721            ;*   Regs Modified     : SP,SR,r9,r10,r11,r12,r13,r14,r15                    *
     722            ;*   Regs Used         : SP,SR,r9,r10,r11,r12,r13,r14,r15                    *
     723            ;*   Local Frame Size  : 0 Args + 0 Auto + 8 Save = 8 byte                   *
     724            ;*****************************************************************************
     725            
MSP430 Assembler PC v4.1.9 Sun Mar 23 16:08:25 2014

Tools Copyright (c) 2003-2014 Texas Instruments Incorporated
C:\Users\Lucas\AppData\Local\Temp\0810811                            PAGE   15

     726            ;******************************************************************************
     727            ;*                                                                            *
     728            ;* Using -g (debug) with optimization (-o4) may disable key optimizations!    *
     729            ;*                                                                            *
     730            ;******************************************************************************
     731 000000       hci_command_send:
     732            ;* --------------------------------------------------------------------------*
     733                    .dwcfi  cfa_offset, 4
     734                    .dwcfi  save_reg_to_mem, 16, -4
     735                    .dwcfi  save_reg_to_mem, 10, -8
     736                    .dwcfi  save_reg_to_mem, 9, -12
     737 000000 141A          PUSHM.A   #2,r10                ; [] 
     738                    .dwcfi  cfa_offset, 12
     739                    .dwcfi  cfa_offset, 12
     740            ;* r13   assigned to usOpcode
     741            $C$DW$75        .dwtag  DW_TAG_variable, DW_AT_name("usOpcode")
     742                    .dwattr $C$DW$75, DW_AT_TI_symbol_name("usOpcode")
     743                    .dwattr $C$DW$75, DW_AT_type(*$C$DW$T$40)
     744                    .dwattr $C$DW$75, DW_AT_location[DW_OP_reg13]
     745            ;* r9    assigned to pucBuff
     746            $C$DW$76        .dwtag  DW_TAG_variable, DW_AT_name("pucBuff")
     747                    .dwattr $C$DW$76, DW_AT_TI_symbol_name("pucBuff")
     748                    .dwattr $C$DW$76, DW_AT_type(*$C$DW$T$34)
     749                    .dwattr $C$DW$76, DW_AT_location[DW_OP_reg9]
     750            ;* r10   assigned to ucArgsLength
     751            $C$DW$77        .dwtag  DW_TAG_variable, DW_AT_name("ucArgsLength")
     752                    .dwattr $C$DW$77, DW_AT_TI_symbol_name("ucArgsLength")
     753                    .dwattr $C$DW$77, DW_AT_type(*$C$DW$T$31)
     754                    .dwattr $C$DW$77, DW_AT_location[DW_OP_reg10]
     755            ;* r12   assigned to stream
     756            $C$DW$78        .dwtag  DW_TAG_variable, DW_AT_name("stream")
     757                    .dwattr $C$DW$78, DW_AT_TI_symbol_name("stream")
     758                    .dwattr $C$DW$78, DW_AT_type(*$C$DW$T$25)
     759                    .dwattr $C$DW$78, DW_AT_location[DW_OP_reg12]
     760 000002 0ECA          MOVA      r14,r10               ; [] |66| 
     761 000004 0DC9          MOVA      r13,r9                ; [] |66| 
     762 000006 0CCD          MOVA      r12,r13               ; [] |66| 
     763                    .dwpsn  file "E:/Dropbox/git/CHARM/Embedded_Voltmeter/Basic WiFi Source/Source/CC3000HostDrive
     764 000008 403C          MOV.W     #5,r12                ; [] |69| 
         00000a 0005 
     765 00000c 590C          ADD.W     r9,r12                ; [] |69| 
     766                    .dwpsn  file "E:/Dropbox/git/CHARM/Embedded_Voltmeter/Basic WiFi Source/Source/CC3000HostDrive
     767 00000e 531C          ADD.W     #1,r12                ; [] |71| 
     768 000010 43DC          MOV.B     #1,-1(r12)            ; [] |71| 
         000012 FFFF 
     769                    .dwpsn  file "E:/Dropbox/git/CHARM/Embedded_Voltmeter/Basic WiFi Source/Source/CC3000HostDrive
     770            $C$DW$79        .dwtag  DW_TAG_TI_branch
     771                    .dwattr $C$DW$79, DW_AT_low_pc(0x00)
     772                    .dwattr $C$DW$79, DW_AT_name("UINT16_TO_STREAM_f")
     773                    .dwattr $C$DW$79, DW_AT_TI_call
     774 000014 13B0!         CALLA     #UINT16_TO_STREAM_f   ; [] |72| 
         000016 0000 
     775                                                      ; [] |72| 
     776                    .dwpsn  file "E:/Dropbox/git/CHARM/Embedded_Voltmeter/Basic WiFi Source/Source/CC3000HostDrive
     777 000018 4ACC          MOV.B     r10,0(r12)            ; [] |73| 
MSP430 Assembler PC v4.1.9 Sun Mar 23 16:08:25 2014

Tools Copyright (c) 2003-2014 Texas Instruments Incorporated
C:\Users\Lucas\AppData\Local\Temp\0810811                            PAGE   16

         00001a 0000 
     778                    .dwpsn  file "E:/Dropbox/git/CHARM/Embedded_Voltmeter/Basic WiFi Source/Source/CC3000HostDrive
     779 00001c 4A4D          MOV.B     r10,r13               ; [] |76| 
     780 00001e 522D          ADD.W     #4,r13                ; [] |76| 
     781 000020 09CC          MOVA      r9,r12                ; [] |76| 
     782            $C$DW$80        .dwtag  DW_TAG_TI_branch
     783                    .dwattr $C$DW$80, DW_AT_low_pc(0x00)
     784                    .dwattr $C$DW$80, DW_AT_name("SpiWrite")
     785                    .dwattr $C$DW$80, DW_AT_TI_call
     786 000022 13B0!         CALLA     #SpiWrite             ; [] |76| 
         000024 0000 
     787                                                      ; [] |76| 
     788                    .dwpsn  file "E:/Dropbox/git/CHARM/Embedded_Voltmeter/Basic WiFi Source/Source/CC3000HostDrive
     789 000026 430C          MOV.W     #0,r12                ; [] |78| 
     790                    .dwpsn  file "E:/Dropbox/git/CHARM/Embedded_Voltmeter/Basic WiFi Source/Source/CC3000HostDrive
     791                    .dwcfi  cfa_offset, 12
     792                    .dwcfi  restore_reg, 9
     793                    .dwcfi  restore_reg, 10
     794 000028 1619          POPM.A    #2,r10                ; [] 
     795                    .dwcfi  cfa_offset, 4
     796            $C$DW$81        .dwtag  DW_TAG_TI_branch
     797                    .dwattr $C$DW$81, DW_AT_low_pc(0x00)
     798                    .dwattr $C$DW$81, DW_AT_TI_return
     799 00002a 0110          RETA      ; [] 
     800                    ; [] 
     801                    .dwattr $C$DW$71, DW_AT_TI_end_file("E:/Dropbox/git/CHARM/Embedded_Voltmeter/Basic WiFi Source
     802                    .dwattr $C$DW$71, DW_AT_TI_end_line(0x4f)
     803                    .dwattr $C$DW$71, DW_AT_TI_end_column(0x01)
     804                    .dwendentry
     805                    .dwendtag $C$DW$71
     806            
     807            ;*****************************************************************************
     808            ;* UNDEFINED EXTERNAL REFERENCES                                             *
     809            ;*****************************************************************************
     810                    .global UINT16_TO_STREAM_f
     811                    .global SpiWrite
     812                    .global __divu
     813                    .global memcpy
     814            
     815            ;******************************************************************************
     816            ;* BUILD ATTRIBUTES                                                           *
     817            ;******************************************************************************
     818                    .battr "TI", Tag_File, 1, Tag_ABI_enum_size(3)
     819            
     820            ;******************************************************************************
     821            ;* TYPE INFORMATION                                                           *
     822            ;******************************************************************************
     823            $C$DW$T$3       .dwtag  DW_TAG_pointer_type
     824                    .dwattr $C$DW$T$3, DW_AT_address_class(0x10)
     825            $C$DW$T$19      .dwtag  DW_TAG_const_type
     826            $C$DW$T$20      .dwtag  DW_TAG_pointer_type
     827                    .dwattr $C$DW$T$20, DW_AT_type(*$C$DW$T$19)
     828                    .dwattr $C$DW$T$20, DW_AT_address_class(0x10)
     829            $C$DW$T$4       .dwtag  DW_TAG_base_type
     830                    .dwattr $C$DW$T$4, DW_AT_encoding(DW_ATE_boolean)
MSP430 Assembler PC v4.1.9 Sun Mar 23 16:08:25 2014

Tools Copyright (c) 2003-2014 Texas Instruments Incorporated
C:\Users\Lucas\AppData\Local\Temp\0810811                            PAGE   17

     831                    .dwattr $C$DW$T$4, DW_AT_name("bool")
     832                    .dwattr $C$DW$T$4, DW_AT_byte_size(0x01)
     833            $C$DW$T$5       .dwtag  DW_TAG_base_type
     834                    .dwattr $C$DW$T$5, DW_AT_encoding(DW_ATE_signed_char)
     835                    .dwattr $C$DW$T$5, DW_AT_name("signed char")
     836                    .dwattr $C$DW$T$5, DW_AT_byte_size(0x01)
     837            $C$DW$T$6       .dwtag  DW_TAG_base_type
     838                    .dwattr $C$DW$T$6, DW_AT_encoding(DW_ATE_unsigned_char)
     839                    .dwattr $C$DW$T$6, DW_AT_name("unsigned char")
     840                    .dwattr $C$DW$T$6, DW_AT_byte_size(0x01)
     841            $C$DW$T$24      .dwtag  DW_TAG_typedef, DW_AT_name("UINT8")
     842                    .dwattr $C$DW$T$24, DW_AT_type(*$C$DW$T$6)
     843                    .dwattr $C$DW$T$24, DW_AT_language(DW_LANG_C)
     844            $C$DW$T$31      .dwtag  DW_TAG_const_type
     845                    .dwattr $C$DW$T$31, DW_AT_type(*$C$DW$T$24)
     846            $C$DW$T$32      .dwtag  DW_TAG_pointer_type
     847                    .dwattr $C$DW$T$32, DW_AT_type(*$C$DW$T$31)
     848                    .dwattr $C$DW$T$32, DW_AT_address_class(0x10)
     849            $C$DW$T$25      .dwtag  DW_TAG_pointer_type
     850                    .dwattr $C$DW$T$25, DW_AT_type(*$C$DW$T$24)
     851                    .dwattr $C$DW$T$25, DW_AT_address_class(0x10)
     852            $C$DW$T$34      .dwtag  DW_TAG_const_type
     853                    .dwattr $C$DW$T$34, DW_AT_type(*$C$DW$T$25)
     854            $C$DW$T$35      .dwtag  DW_TAG_pointer_type
     855                    .dwattr $C$DW$T$35, DW_AT_type(*$C$DW$T$6)
     856                    .dwattr $C$DW$T$35, DW_AT_address_class(0x10)
     857            $C$DW$T$7       .dwtag  DW_TAG_base_type
     858                    .dwattr $C$DW$T$7, DW_AT_encoding(DW_ATE_signed_char)
     859                    .dwattr $C$DW$T$7, DW_AT_name("wchar_t")
     860                    .dwattr $C$DW$T$7, DW_AT_byte_size(0x02)
     861            $C$DW$T$8       .dwtag  DW_TAG_base_type
     862                    .dwattr $C$DW$T$8, DW_AT_encoding(DW_ATE_signed)
     863                    .dwattr $C$DW$T$8, DW_AT_name("short")
     864                    .dwattr $C$DW$T$8, DW_AT_byte_size(0x02)
     865            $C$DW$T$9       .dwtag  DW_TAG_base_type
     866                    .dwattr $C$DW$T$9, DW_AT_encoding(DW_ATE_unsigned)
     867                    .dwattr $C$DW$T$9, DW_AT_name("unsigned short")
     868                    .dwattr $C$DW$T$9, DW_AT_byte_size(0x02)
     869            $C$DW$T$23      .dwtag  DW_TAG_typedef, DW_AT_name("UINT16")
     870                    .dwattr $C$DW$T$23, DW_AT_type(*$C$DW$T$9)
     871                    .dwattr $C$DW$T$23, DW_AT_language(DW_LANG_C)
     872            $C$DW$T$40      .dwtag  DW_TAG_const_type
     873                    .dwattr $C$DW$T$40, DW_AT_type(*$C$DW$T$23)
     874            $C$DW$T$10      .dwtag  DW_TAG_base_type
     875                    .dwattr $C$DW$T$10, DW_AT_encoding(DW_ATE_signed)
     876                    .dwattr $C$DW$T$10, DW_AT_name("int")
     877                    .dwattr $C$DW$T$10, DW_AT_byte_size(0x02)
     878            $C$DW$T$11      .dwtag  DW_TAG_base_type
     879                    .dwattr $C$DW$T$11, DW_AT_encoding(DW_ATE_unsigned)
     880                    .dwattr $C$DW$T$11, DW_AT_name("unsigned int")
     881                    .dwattr $C$DW$T$11, DW_AT_byte_size(0x02)
     882            $C$DW$T$21      .dwtag  DW_TAG_typedef, DW_AT_name("size_t")
     883                    .dwattr $C$DW$T$21, DW_AT_type(*$C$DW$T$11)
     884                    .dwattr $C$DW$T$21, DW_AT_language(DW_LANG_C)
     885            $C$DW$T$12      .dwtag  DW_TAG_base_type
MSP430 Assembler PC v4.1.9 Sun Mar 23 16:08:25 2014

Tools Copyright (c) 2003-2014 Texas Instruments Incorporated
C:\Users\Lucas\AppData\Local\Temp\0810811                            PAGE   18

     886                    .dwattr $C$DW$T$12, DW_AT_encoding(DW_ATE_signed)
     887                    .dwattr $C$DW$T$12, DW_AT_name("long")
     888                    .dwattr $C$DW$T$12, DW_AT_byte_size(0x04)
     889            $C$DW$T$45      .dwtag  DW_TAG_typedef, DW_AT_name("INT32")
     890                    .dwattr $C$DW$T$45, DW_AT_type(*$C$DW$T$12)
     891                    .dwattr $C$DW$T$45, DW_AT_language(DW_LANG_C)
     892            $C$DW$T$13      .dwtag  DW_TAG_base_type
     893                    .dwattr $C$DW$T$13, DW_AT_encoding(DW_ATE_unsigned)
     894                    .dwattr $C$DW$T$13, DW_AT_name("unsigned long")
     895                    .dwattr $C$DW$T$13, DW_AT_byte_size(0x04)
     896            $C$DW$T$14      .dwtag  DW_TAG_base_type
     897                    .dwattr $C$DW$T$14, DW_AT_encoding(DW_ATE_signed)
     898                    .dwattr $C$DW$T$14, DW_AT_name("long long")
     899                    .dwattr $C$DW$T$14, DW_AT_byte_size(0x08)
     900            $C$DW$T$15      .dwtag  DW_TAG_base_type
     901                    .dwattr $C$DW$T$15, DW_AT_encoding(DW_ATE_unsigned)
     902                    .dwattr $C$DW$T$15, DW_AT_name("unsigned long long")
     903                    .dwattr $C$DW$T$15, DW_AT_byte_size(0x08)
     904            $C$DW$T$16      .dwtag  DW_TAG_base_type
     905                    .dwattr $C$DW$T$16, DW_AT_encoding(DW_ATE_float)
     906                    .dwattr $C$DW$T$16, DW_AT_name("float")
     907                    .dwattr $C$DW$T$16, DW_AT_byte_size(0x04)
     908            $C$DW$T$17      .dwtag  DW_TAG_base_type
     909                    .dwattr $C$DW$T$17, DW_AT_encoding(DW_ATE_float)
     910                    .dwattr $C$DW$T$17, DW_AT_name("double")
     911                    .dwattr $C$DW$T$17, DW_AT_byte_size(0x04)
     912            $C$DW$T$18      .dwtag  DW_TAG_base_type
     913                    .dwattr $C$DW$T$18, DW_AT_encoding(DW_ATE_float)
     914                    .dwattr $C$DW$T$18, DW_AT_name("long double")
     915                    .dwattr $C$DW$T$18, DW_AT_byte_size(0x04)
     916            $C$DW$T$27      .dwtag  DW_TAG_base_type
     917                    .dwattr $C$DW$T$27, DW_AT_encoding(DW_ATE_unsigned_char)
     918                    .dwattr $C$DW$T$27, DW_AT_name("unsigned char")
     919                    .dwattr $C$DW$T$27, DW_AT_byte_size(0x01)
     920            $C$DW$T$28      .dwtag  DW_TAG_typedef, DW_AT_name("CHAR")
     921                    .dwattr $C$DW$T$28, DW_AT_type(*$C$DW$T$27)
     922                    .dwattr $C$DW$T$28, DW_AT_language(DW_LANG_C)
     923            $C$DW$T$29      .dwtag  DW_TAG_pointer_type
     924                    .dwattr $C$DW$T$29, DW_AT_type(*$C$DW$T$28)
     925                    .dwattr $C$DW$T$29, DW_AT_address_class(0x10)
     926                    .dwattr $C$DW$CU, DW_AT_language(DW_LANG_C)
     927            
     928            ;***************************************************************
     929            ;* DWARF CIE ENTRIES                                           *
     930            ;***************************************************************
     931            
     932            $C$DW$CIE       .dwcie 16
     933                    .dwcfi  cfa_register, 1
     934                    .dwcfi  cfa_offset, 0
     935                    .dwcfi  undefined, 0
     936                    .dwcfi  undefined, 1
     937                    .dwcfi  undefined, 2
     938                    .dwcfi  undefined, 3
     939                    .dwcfi  same_value, 4
     940                    .dwcfi  same_value, 5
MSP430 Assembler PC v4.1.9 Sun Mar 23 16:08:25 2014

Tools Copyright (c) 2003-2014 Texas Instruments Incorporated
C:\Users\Lucas\AppData\Local\Temp\0810811                            PAGE   19

     941                    .dwcfi  same_value, 6
     942                    .dwcfi  same_value, 7
     943                    .dwcfi  same_value, 8
     944                    .dwcfi  same_value, 9
     945                    .dwcfi  same_value, 10
     946                    .dwcfi  undefined, 11
     947                    .dwcfi  undefined, 12
     948                    .dwcfi  undefined, 13
     949                    .dwcfi  undefined, 14
     950                    .dwcfi  undefined, 15
     951                    .dwcfi  undefined, 16
     952                    .dwendentry
     953            
     954            ;***************************************************************
     955            ;* DWARF REGISTER MAP                                          *
     956            ;***************************************************************
     957            
     958            $C$DW$82        .dwtag  DW_TAG_TI_assign_register, DW_AT_name("PC")
     959                    .dwattr $C$DW$82, DW_AT_location[DW_OP_reg0]
     960            $C$DW$83        .dwtag  DW_TAG_TI_assign_register, DW_AT_name("SP")
     961                    .dwattr $C$DW$83, DW_AT_location[DW_OP_reg1]
     962            $C$DW$84        .dwtag  DW_TAG_TI_assign_register, DW_AT_name("SR")
     963                    .dwattr $C$DW$84, DW_AT_location[DW_OP_reg2]
     964            $C$DW$85        .dwtag  DW_TAG_TI_assign_register, DW_AT_name("CG")
     965                    .dwattr $C$DW$85, DW_AT_location[DW_OP_reg3]
     966            $C$DW$86        .dwtag  DW_TAG_TI_assign_register, DW_AT_name("r4")
     967                    .dwattr $C$DW$86, DW_AT_location[DW_OP_reg4]
     968            $C$DW$87        .dwtag  DW_TAG_TI_assign_register, DW_AT_name("r5")
     969                    .dwattr $C$DW$87, DW_AT_location[DW_OP_reg5]
     970            $C$DW$88        .dwtag  DW_TAG_TI_assign_register, DW_AT_name("r6")
     971                    .dwattr $C$DW$88, DW_AT_location[DW_OP_reg6]
     972            $C$DW$89        .dwtag  DW_TAG_TI_assign_register, DW_AT_name("r7")
     973                    .dwattr $C$DW$89, DW_AT_location[DW_OP_reg7]
     974            $C$DW$90        .dwtag  DW_TAG_TI_assign_register, DW_AT_name("r8")
     975                    .dwattr $C$DW$90, DW_AT_location[DW_OP_reg8]
     976            $C$DW$91        .dwtag  DW_TAG_TI_assign_register, DW_AT_name("r9")
     977                    .dwattr $C$DW$91, DW_AT_location[DW_OP_reg9]
     978            $C$DW$92        .dwtag  DW_TAG_TI_assign_register, DW_AT_name("r10")
     979                    .dwattr $C$DW$92, DW_AT_location[DW_OP_reg10]
     980            $C$DW$93        .dwtag  DW_TAG_TI_assign_register, DW_AT_name("r11")
     981                    .dwattr $C$DW$93, DW_AT_location[DW_OP_reg11]
     982            $C$DW$94        .dwtag  DW_TAG_TI_assign_register, DW_AT_name("r12")
     983                    .dwattr $C$DW$94, DW_AT_location[DW_OP_reg12]
     984            $C$DW$95        .dwtag  DW_TAG_TI_assign_register, DW_AT_name("r13")
     985                    .dwattr $C$DW$95, DW_AT_location[DW_OP_reg13]
     986            $C$DW$96        .dwtag  DW_TAG_TI_assign_register, DW_AT_name("r14")
     987                    .dwattr $C$DW$96, DW_AT_location[DW_OP_reg14]
     988            $C$DW$97        .dwtag  DW_TAG_TI_assign_register, DW_AT_name("r15")
     989                    .dwattr $C$DW$97, DW_AT_location[DW_OP_reg15]
     990            $C$DW$98        .dwtag  DW_TAG_TI_assign_register, DW_AT_name("CIE_RETA")
     991                    .dwattr $C$DW$98, DW_AT_location[DW_OP_reg16]
     992                    .dwendtag $C$DW$CU
     993            

No Assembly Errors, No Assembly Warnings
